Component: ARM Compiler 5.06 update 1 (build 61) Tool: armlink [4d35a8]

==============================================================================

Section Cross References

    main.o(.text) refers to app_pwm.o(.text) for app_pwm_channel_duty_ticks_set
    main.o(.text) refers to log.o(.text) for log_printf
    main.o(.text) refers to mesh_stack.o(.text) for mesh_stack_device_reset
    main.o(.text) refers to proxy.o(.text) for proxy_stop
    main.o(.text) refers to app_level.o(.text) for app_level_current_value_publish
    main.o(.text) refers to ble_softdevice_support.o(.text) for gap_params_init
    main.o(.text) refers to device_state_manager.o(.text) for dsm_local_unicast_addresses_get
    main.o(.text) refers to app_error_handler_keil.o(.emb_text) for app_error_handler
    main.o(.text) refers to app_timer_mesh.o(.text) for app_timer_init
    main.o(.text) refers to app_error.o(.text) for app_error_handler_bare
    main.o(.text) refers to rt_memcpy_w.o(.text) for __aeabi_memcpy4
    main.o(.text) refers to rtt_input.o(.text) for rtt_input_enable
    main.o(.text) refers to mesh_provisionee.o(.text) for mesh_provisionee_prov_start
    main.o(.text) refers to nrf_mesh_configure.o(.text) for nrf_mesh_configure_device_uuid_get
    main.o(.text) refers to mesh_app_utils.o(.text) for mesh_app_uuid_print
    main.o(.text) refers to main.o(.data) for .data
    main.o(.text) refers to main.o(.constdata) for .constdata
    main.o(.text) refers to log.o(.data) for g_log_dbg_msk
    main.o(.text) refers to main.o(.conststring) for .conststring
    main.o(.constdata) refers to main.o(.bss) for m_level_server_0_timer_data
    main.o(.constdata) refers to main.o(.bss) for m_pwm_PWM0_cb
    main.o(.constdata) refers to main.o(.constdata) for m_pwm_PWM0_timer
    main.o(.constdata) refers to main.o(.text) for config_server_evt_cb
    main.o(.constdata) refers to main.o(.conststring) for .conststring
    main.o(.constdata) refers to main.o(.constdata) for static_auth_data
    main.o(.data) refers to main.o(.constdata) for m_level_server_0_timer
    main.o(.data) refers to main.o(.text) for app_level_server_set_cb
    app_level.o(.text) refers to lludivv7m.o(.text) for __aeabi_uldivmod
    app_level.o(.text) refers to model_common.o(.text) for model_timer_schedule
    app_level.o(.text) refers to log.o(.text) for log_printf
    app_level.o(.text) refers to assertion_handler_weak.o(.text) for mesh_assertion_handler
    app_level.o(.text) refers to llsdiv.o(.text) for __aeabi_ldivmod
    app_level.o(.text) refers to generic_level_server.o(.text) for generic_level_server_status_publish
    app_level.o(.text) refers to fsm.o(.text) for fsm_event_post
    app_level.o(.text) refers to app_level.o(.constdata) for .constdata
    app_level.o(.text) refers to log.o(.data) for g_log_dbg_msk
    app_level.o(.text) refers to app_level.o(.conststring) for .conststring
    app_level.o(.constdata) refers to app_level.o(.text) for generic_level_state_get_cb
    app_level.o(.constdata) refers to app_level.o(.constdata) for m_app_level_fsm_transition_table
    mesh_stack.o(.text) refers to device_state_manager.o(.text) for nrf_mesh_is_device_provisioned
    mesh_stack.o(.text) refers to mesh_opt.o(.text) for mesh_opt_clear
    mesh_stack.o(.text) refers to access.o(.text) for access_clear
    mesh_stack.o(.text) refers to net_state.o(.text) for net_state_reset
    mesh_stack.o(.text) refers to nrf_mesh.o(.text) for nrf_mesh_init
    mesh_stack.o(.text) refers to config_server.o(.text) for config_server_init
    mesh_stack.o(.text) refers to health_server.o(.text) for health_server_init
    mesh_stack.o(.text) refers to mesh_config.o(.text) for mesh_config_load
    mesh_stack.o(.text) refers to proxy.o(.text) for proxy_init
    mesh_stack.o(.text) refers to assertion_handler_weak.o(.text) for mesh_assertion_handler
    mesh_stack.o(.text) refers to log.o(.text) for log_printf
    mesh_stack.o(.text) refers to flash_manager.o(.text) for flash_manager_is_stable
    mesh_stack.o(.text) refers to hal.o(.text) for hal_device_reset
    mesh_stack.o(.text) refers to mesh_config_flashman_glue.o(.text) for mesh_config_backend_flash_usage_get
    mesh_stack.o(.text) refers to mesh_stack.o(.bss) for .bss
    mesh_stack.o(.text) refers to log.o(.data) for g_log_dbg_msk
    mesh_stack.o(.text) refers to mesh_stack.o(.data) for .data
    mesh_stack.o(.data) refers to mesh_stack.o(.text) for mesh_evt_handler
    mesh_provisionee.o(.text) refers to nrf_sdh.o(.text) for nrf_sdh_disable_request
    mesh_provisionee.o(.text) refers to app_error.o(.text) for app_error_handler_bare
    mesh_provisionee.o(.text) refers to nrf_mesh.o(.text) for nrf_mesh_evt_handler_remove
    mesh_provisionee.o(.text) refers to nrf_sdh_ble.o(.text) for nrf_sdh_ble_default_cfg_set
    mesh_provisionee.o(.text) refers to device_state_manager.o(.text) for dsm_subnet_get_all
[...]
    access_model_id_get                      0x00039d2f   Thumb Code    46  access.o(.text)
    access_handle_get                        0x00039d5d   Thumb Code    74  access.o(.text)
    access_element_models_get                0x00039da7   Thumb Code    78  access.o(.text)
    access_model_p_args_get                  0x00039df5   Thumb Code    40  access.o(.text)
    access_model_publication_stop            0x00039e1d   Thumb Code    82  access.o(.text)
    access_model_publication_by_appkey_stop  0x00039e6f   Thumb Code    50  access.o(.text)
    access_reliable_message_rx_cb            0x0003a363   Thumb Code   102  access_reliable.o(.text)
    access_reliable_model_is_free            0x0003a3c9   Thumb Code    44  access_reliable.o(.text)
    access_reliable_init                     0x0003a3f5   Thumb Code    18  access_reliable.o(.text)
    access_reliable_cancel_all               0x0003a407   Thumb Code   178  access_reliable.o(.text)
    access_model_reliable_cancel             0x0003a4b9   Thumb Code    92  access_reliable.o(.text)
    access_model_reliable_publish            0x0003a515   Thumb Code    90  access_reliable.o(.text)
    dsm_subnet_update_commit                 0x0003a8e3   Thumb Code   212  device_state_manager.o(.text)
    dsm_subnet_update_swap_keys              0x0003a9b7   Thumb Code    88  device_state_manager.o(.text)
    dsm_legacy_pretreatment_do               0x0003ae4f   Thumb Code    50  device_state_manager.o(.text)
    dsm_load_config_apply                    0x0003b3c3   Thumb Code    56  device_state_manager.o(.text)
    dsm_clear                                0x0003b3fb   Thumb Code   124  device_state_manager.o(.text)
    dsm_init                                 0x0003b477   Thumb Code    26  device_state_manager.o(.text)
    dsm_local_unicast_addresses_set          0x0003b491   Thumb Code   106  device_state_manager.o(.text)
    dsm_local_unicast_addresses_get          0x0003b4fb   Thumb Code    24  device_state_manager.o(.text)
    dsm_address_publish_add                  0x0003b513   Thumb Code     6  device_state_manager.o(.text)
    dsm_address_publish_add_handle           0x0003b519   Thumb Code    56  device_state_manager.o(.text)
    dsm_address_publish_virtual_add          0x0003b551   Thumb Code     4  device_state_manager.o(.text)
    dsm_address_publish_remove               0x0003b555   Thumb Code    66  device_state_manager.o(.text)
    dsm_address_subscription_add             0x0003b597   Thumb Code     6  device_state_manager.o(.text)
    dsm_address_subscription_virtual_add     0x0003b59d   Thumb Code     6  device_state_manager.o(.text)
    dsm_address_subscription_add_handle      0x0003b5a3   Thumb Code    56  device_state_manager.o(.text)
    dsm_address_subscription_get             0x0003b5db   Thumb Code    50  device_state_manager.o(.text)
    nrf_mesh_rx_address_get                  0x0003b60d   Thumb Code   102  device_state_manager.o(.text)
    nrf_mesh_is_address_rx                   0x0003b673   Thumb Code    68  device_state_manager.o(.text)
    dsm_address_is_rx                        0x0003b6b7   Thumb Code     2  device_state_manager.o(.text)
    dsm_address_get                          0x0003b6b9   Thumb Code   108  device_state_manager.o(.text)
    dsm_address_subscription_count_get       0x0003b725   Thumb Code    82  device_state_manager.o(.text)
    dsm_address_subscription_remove          0x0003b777   Thumb Code    82  device_state_manager.o(.text)
    dsm_address_get_all                      0x0003b7c9   Thumb Code    92  device_state_manager.o(.text)
    dsm_address_handle_get                   0x0003b825   Thumb Code   134  device_state_manager.o(.text)
    dsm_net_key_index_to_subnet_handle       0x0003b8ab   Thumb Code    22  device_state_manager.o(.text)
    dsm_subnet_handle_get                    0x0003b8c1   Thumb Code    12  device_state_manager.o(.text)
    dsm_subnet_handle_to_netkey_index        0x0003b8cd   Thumb Code    54  device_state_manager.o(.text)
    dsm_appkey_index_to_appkey_handle        0x0003b903   Thumb Code    22  device_state_manager.o(.text)
    dsm_appkey_handle_get                    0x0003b919   Thumb Code    12  device_state_manager.o(.text)
    dsm_appkey_handle_to_appkey_index        0x0003b925   Thumb Code    52  device_state_manager.o(.text)
    dsm_appkey_handle_to_subnet_handle       0x0003b959   Thumb Code   128  device_state_manager.o(.text)
    dsm_subnet_add                           0x0003b9d9   Thumb Code   226  device_state_manager.o(.text)
    dsm_subnet_kr_phase_get                  0x0003babb   Thumb Code    52  device_state_manager.o(.text)
    dsm_subnet_update                        0x0003baef   Thumb Code   274  device_state_manager.o(.text)
    dsm_appkey_delete                        0x0003bc01   Thumb Code    42  device_state_manager.o(.text)
    dsm_subnet_delete                        0x0003bc2b   Thumb Code   158  device_state_manager.o(.text)
    dsm_subnet_get_all                       0x0003bcc9   Thumb Code    80  device_state_manager.o(.text)
    dsm_subnet_key_get                       0x0003bd19   Thumb Code    78  device_state_manager.o(.text)
    dsm_devkey_add                           0x0003bd67   Thumb Code   212  device_state_manager.o(.text)
    dsm_devkey_delete                        0x0003be3b   Thumb Code    62  device_state_manager.o(.text)
    dsm_devkey_handle_get                    0x0003be79   Thumb Code    48  device_state_manager.o(.text)
    dsm_appkey_add                           0x0003bea9   Thumb Code   226  device_state_manager.o(.text)
    dsm_appkey_update                        0x0003bf8b   Thumb Code   224  device_state_manager.o(.text)
    dsm_appkey_get_all                       0x0003c06b   Thumb Code   114  device_state_manager.o(.text)
    dsm_tx_secmat_get                        0x0003c0dd   Thumb Code    62  device_state_manager.o(.text)
    dsm_beacon_info_get                      0x0003c11b   Thumb Code    54  device_state_manager.o(.text)
    dsm_net_secmat_from_keyindex_get         0x0003c151   Thumb Code    58  device_state_manager.o(.text)
    nrf_mesh_net_secmat_next_get             0x0003c18b   Thumb Code   112  device_state_manager.o(.text)
    nrf_mesh_app_secmat_next_get             0x0003c1fb   Thumb Code   120  device_state_manager.o(.text)
    nrf_mesh_devkey_secmat_get               0x0003c273   Thumb Code    62  device_state_manager.o(.text)
    nrf_mesh_primary_net_secmat_get          0x0003c2b1   Thumb Code    68  device_state_manager.o(.text)
    nrf_mesh_beacon_info_next_get            0x0003c2f5   Thumb Code   184  device_state_manager.o(.text)
    nrf_mesh_unicast_address_get             0x0003c3ad   Thumb Code    30  device_state_manager.o(.text)
    nrf_mesh_key_refresh_phase_get           0x0003c3cb   Thumb Code    74  device_state_manager.o(.text)
    nrf_mesh_net_secmat_from_index_get       0x0003c415   Thumb Code    22  device_state_manager.o(.text)
    nrf_mesh_is_device_provisioned           0x0003c42b   Thumb Code    20  device_state_manager.o(.text)
    RTC1_IRQHandler                          0x0003c903   Thumb Code    72  app_timer_mesh.o(.text)
    SWI0_EGU0_IRQHandler                     0x0003c94b   Thumb Code     4  app_timer_mesh.o(.text)
    app_timer_init                           0x0003c94f   Thumb Code   146  app_timer_mesh.o(.text)
    app_timer_create                         0x0003c9e1   Thumb Code    32  app_timer_mesh.o(.text)
    app_timer_start                          0x0003ca01   Thumb Code   130  app_timer_mesh.o(.text)
    app_timer_stop                           0x0003ca83   Thumb Code    24  app_timer_mesh.o(.text)
    app_timer_stop_all                       0x0003ca9b   Thumb Code    16  app_timer_mesh.o(.text)
    app_timer_cnt_get                        0x0003caab   Thumb Code     8  app_timer_mesh.o(.text)
    app_timer_cnt_diff_compute               0x0003cab3   Thumb Code     8  app_timer_mesh.o(.text)
    app_timer_pause                          0x0003cabb   Thumb Code     8  app_timer_mesh.o(.text)
    app_timer_resume                         0x0003cac3   Thumb Code     8  app_timer_mesh.o(.text)
    is_app_timer_init                        0x0003cacb   Thumb Code     6  app_timer_mesh.o(.text)
    prov_provisionee_listen                  0x0003d1ad   Thumb Code    46  prov_provisionee.o(.text)
    prov_provisionee_auth_data               0x0003d1db   Thumb Code    82  prov_provisionee.o(.text)
    prov_provisionee_shared_secret           0x0003d22d   Thumb Code   212  prov_provisionee.o(.text)
    nrf_mesh_prov_init                       0x0003d48f   Thumb Code    62  nrf_mesh_prov.o(.text)
    nrf_mesh_prov_bearer_add                 0x0003d4dd   Thumb Code    36  nrf_mesh_prov.o(.text)
    nrf_mesh_prov_generate_keys              0x0003d501   Thumb Code     4  nrf_mesh_prov.o(.text)
    nrf_mesh_prov_listen_stop                0x0003d505   Thumb Code    48  nrf_mesh_prov.o(.text)
    nrf_mesh_prov_listen                     0x0003d535   Thumb Code   158  nrf_mesh_prov.o(.text)
    nrf_mesh_prov_provision                  0x0003d5d3   Thumb Code    80  nrf_mesh_prov.o(.text)
    nrf_mesh_prov_oob_use                    0x0003d623   Thumb Code    20  nrf_mesh_prov.o(.text)
    nrf_mesh_prov_auth_data_provide          0x0003d637   Thumb Code   256  nrf_mesh_prov.o(.text)
    nrf_mesh_prov_shared_secret_provide      0x0003d737   Thumb Code    14  nrf_mesh_prov.o(.text)
    nrf_mesh_prov_pubkey_provide             0x0003d745   Thumb Code    16  nrf_mesh_prov.o(.text)
    nrf_mesh_prov_scan_start                 0x0003d755   Thumb Code    16  nrf_mesh_prov.o(.text)
    nrf_mesh_prov_scan_stop                  0x0003d765   Thumb Code     4  nrf_mesh_prov.o(.text)
    prov_packet_length_valid                 0x0003d7cd   Thumb Code    24  provisioning.o(.text)
    prov_tx_invite                           0x0003d7e5   Thumb Code    24  provisioning.o(.text)
    prov_tx_capabilities                     0x0003d7fd   Thumb Code    28  provisioning.o(.text)
    prov_tx_start                            0x0003d819   Thumb Code    14  provisioning.o(.text)
    prov_tx_public_key                       0x0003d827   Thumb Code    36  provisioning.o(.text)
    prov_tx_input_complete                   0x0003d84b   Thumb Code    18  provisioning.o(.text)
    prov_tx_confirmation                     0x0003d85d   Thumb Code    36  provisioning.o(.text)
    prov_tx_random                           0x0003d881   Thumb Code    34  provisioning.o(.text)
    prov_tx_complete                         0x0003d8a3   Thumb Code    18  provisioning.o(.text)
    prov_tx_failed                           0x0003d8b5   Thumb Code    22  provisioning.o(.text)
    prov_tx_data                             0x0003d8cb   Thumb Code     4  provisioning.o(.text)
    prov_tx                                  0x0003d8cf   Thumb Code     2  provisioning.o(.text)
    prov_beacon_unprov_build                 0x0003d8d5   Thumb Code    80  prov_beacon.o(.text)
    prov_beacon_unprov_packet_in             0x0003d925   Thumb Code   112  prov_beacon.o(.text)
    prov_beacon_scan_start                   0x0003d995   Thumb Code    18  prov_beacon.o(.text)
    prov_beacon_scan_stop                    0x0003d9a7   Thumb Code     8  prov_beacon.o(.text)
    mesh_opt_prov_ecdh_offloading_set        0x0003d9cf   Thumb Code    14  prov_utils.o(.text)
    prov_utils_opt_set                       0x0003d9dd   Thumb Code    16  prov_utils.o(.text)
    mesh_opt_prov_ecdh_offloading_get        0x0003d9ed   Thumb Code    10  prov_utils.o(.text)
    prov_utils_opt_get                       0x0003d9f7   Thumb Code    16  prov_utils.o(.text)
    prov_utils_use_ecdh_offloading           0x0003da07   Thumb Code    22  prov_utils.o(.text)
    prov_utils_authentication_values_derive  0x0003da1d   Thumb Code    84  prov_utils.o(.text)
    prov_utils_keys_generate                 0x0003da71   Thumb Code    32  prov_utils.o(.text)
    prov_utils_derive_keys                   0x0003da91   Thumb Code   160  prov_utils.o(.text)
    prov_utils_is_valid_public_key           0x0003db31   Thumb Code    24  prov_utils.o(.text)
    prov_utils_calculate_shared_secret       0x0003db49   Thumb Code    48  prov_utils.o(.text)
    prov_utils_generate_oob_data             0x0003db79   Thumb Code   124  prov_utils.o(.text)
    prov_utils_confirmation_check            0x0003dbf5   Thumb Code    90  prov_utils.o(.text)
    prov_utils_auth_data_is_alphanumeric     0x0003dc4f   Thumb Code    38  prov_utils.o(.text)
    prov_utils_auth_data_is_valid_number     0x0003dc75   Thumb Code    38  prov_utils.o(.text)
    prov_utils_is_valid_pdu                  0x0003dc9b   Thumb Code    44  prov_utils.o(.text)
    calculate_3GPP_CRC                       0x0003ddc1   Thumb Code    28  prov_bearer_adv.o(.text)
    nrf_mesh_prov_bearer_adv_interface_get   0x0003eae1   Thumb Code   204  prov_bearer_adv.o(.text)
    nrf_mesh_prov_bearer_gatt_init           0x0003ef2f   Thumb Code    82  nrf_mesh_prov_bearer_gatt.o(.text)
    nrf_mesh_prov_bearer_gatt_interface_get  0x0003ef81   Thumb Code    16  nrf_mesh_prov_bearer_gatt.o(.text)
    SystemCoreClockUpdate                    0x0003efe9   Thumb Code     8  system_nrf52.o(.text)
    SystemInit                               0x0003eff1   Thumb Code   726  system_nrf52.o(.text)
    Reset_Handler                            0x0003f30d   Thumb Code     8  arm_startup_nrf52.o(.text)
    NMI_Handler                              0x0003f315   Thumb Code     2  arm_startup_nrf52.o(.text)
    HardFault_Handler                        0x0003f317   Thumb Code     2  arm_startup_nrf52.o(.text)
    MemoryManagement_Handler                 0x0003f319   Thumb Code     2  arm_startup_nrf52.o(.text)
    BusFault_Handler                         0x0003f31b   Thumb Code     2  arm_startup_nrf52.o(.text)
    UsageFault_Handler                       0x0003f31d   Thumb Code     2  arm_startup_nrf52.o(.text)
    SVC_Handler                              0x0003f31f   Thumb Code     2  arm_startup_nrf52.o(.text)
    DebugMon_Handler                         0x0003f321   Thumb Code     2  arm_startup_nrf52.o(.text)
    PendSV_Handler                           0x0003f323   Thumb Code     2  arm_startup_nrf52.o(.text)
    SysTick_Handler                          0x0003f325   Thumb Code     2  arm_startup_nrf52.o(.text)
    CCM_AAR_IRQHandler                       0x0003f327   Thumb Code     0  arm_startup_nrf52.o(.text)
    COMP_LPCOMP_IRQHandler                   0x0003f327   Thumb Code     0  arm_startup_nrf52.o(.text)
    ECB_IRQHandler                           0x0003f327   Thumb Code     0  arm_startup_nrf52.o(.text)
    FPU_IRQHandler                           0x0003f327   Thumb Code     0  arm_startup_nrf52.o(.text)
    I2S_IRQHandler                           0x0003f327   Thumb Code     0  arm_startup_nrf52.o(.text)
    MWU_IRQHandler                           0x0003f327   Thumb Code     0  arm_startup_nrf52.o(.text)
    NFCT_IRQHandler                          0x0003f327   Thumb Code     0  arm_startup_nrf52.o(.text)
    PDM_IRQHandler                           0x0003f327   Thumb Code     0  arm_startup_nrf52.o(.text)
    POWER_CLOCK_IRQHandler                   0x0003f327   Thumb Code     0  arm_startup_nrf52.o(.text)
    PWM0_IRQHandler                          0x0003f327   Thumb Code     0  arm_startup_nrf52.o(.text)
    PWM1_IRQHandler                          0x0003f327   Thumb Code     0  arm_startup_nrf52.o(.text)
    PWM2_IRQHandler                          0x0003f327   Thumb Code     0  arm_startup_nrf52.o(.text)
    RADIO_IRQHandler                         0x0003f327   Thumb Code     0  arm_startup_nrf52.o(.text)
    RNG_IRQHandler                           0x0003f327   Thumb Code     0  arm_startup_nrf52.o(.text)
    RTC0_IRQHandler                          0x0003f327   Thumb Code     0  arm_startup_nrf52.o(.text)
    RTC2_IRQHandler                          0x0003f327   Thumb Code     0  arm_startup_nrf52.o(.text)
    SAADC_IRQHandler                         0x0003f327   Thumb Code     0  arm_startup_nrf52.o(.text)
    SPIM0_SPIS0_TWIM0_TWIS0_SPI0_TWI0_IRQHandler 0x0003f327   Thumb Code     0  arm_startup_nrf52.o(.text)
    SPIM1_SPIS1_TWIM1_TWIS1_SPI1_TWI1_IRQHandler 0x0003f327   Thumb Code     0  arm_startup_nrf52.o(.text)
    SPIM2_SPIS2_SPI2_IRQHandler              0x0003f327   Thumb Code     0  arm_startup_nrf52.o(.text)
    SWI1_EGU1_IRQHandler                     0x0003f327   Thumb Code     0  arm_startup_nrf52.o(.text)
    SWI3_EGU3_IRQHandler                     0x0003f327   Thumb Code     0  arm_startup_nrf52.o(.text)
    SWI4_EGU4_IRQHandler                     0x0003f327   Thumb Code     0  arm_startup_nrf52.o(.text)
    SWI5_EGU5_IRQHandler                     0x0003f327   Thumb Code     0  arm_startup_nrf52.o(.text)
    TEMP_IRQHandler                          0x0003f327   Thumb Code     0  arm_startup_nrf52.o(.text)
    TIMER0_IRQHandler                        0x0003f327   Thumb Code     0  arm_startup_nrf52.o(.text)
    TIMER3_IRQHandler                        0x0003f327   Thumb Code     0  arm_startup_nrf52.o(.text)
    TIMER4_IRQHandler                        0x0003f327   Thumb Code     0  arm_startup_nrf52.o(.text)
    UARTE0_UART0_IRQHandler                  0x0003f327   Thumb Code     0  arm_startup_nrf52.o(.text)
    WDT_IRQHandler                           0x0003f327   Thumb Code     0  arm_startup_nrf52.o(.text)
    __user_initial_stackheap                 0x0003f329   Thumb Code    10  arm_startup_nrf52.o(.text)
    app_error_handler_bare                   0x0003f34d   Thumb Code    22  app_error.o(.text)
    app_error_save_and_stop                  0x0003f363   Thumb Code    94  app_error.o(.text)
    SEGGER_RTT_ReadNoLock                    0x0003f4ad   Thumb Code   114  SEGGER_RTT.o(.text)
    SEGGER_RTT_Read                          0x0003f51f   Thumb Code    24  SEGGER_RTT.o(.text)
    SEGGER_RTT_WriteWithOverwriteNoLock      0x0003f537   Thumb Code   142  SEGGER_RTT.o(.text)
    SEGGER_RTT_WriteSkipNoLock               0x0003f5c5   Thumb Code   108  SEGGER_RTT.o(.text)
    SEGGER_RTT_WriteNoLock                   0x0003f631   Thumb Code    86  SEGGER_RTT.o(.text)
    SEGGER_RTT_Write                         0x0003f687   Thumb Code    48  SEGGER_RTT.o(.text)
    SEGGER_RTT_WriteString                   0x0003f6b7   Thumb Code    24  SEGGER_RTT.o(.text)
    SEGGER_RTT_PutCharSkipNoLock             0x0003f6cf   Thumb Code    48  SEGGER_RTT.o(.text)
    SEGGER_RTT_PutCharSkip                   0x0003f6ff   Thumb Code    76  SEGGER_RTT.o(.text)
    SEGGER_RTT_PutChar                       0x0003f74b   Thumb Code   118  SEGGER_RTT.o(.text)
    SEGGER_RTT_GetKey                        0x0003f7c1   Thumb Code    28  SEGGER_RTT.o(.text)
    SEGGER_RTT_WaitKey                       0x0003f7dd   Thumb Code    12  SEGGER_RTT.o(.text)
    SEGGER_RTT_HasKey                        0x0003f7e9   Thumb Code    28  SEGGER_RTT.o(.text)
    SEGGER_RTT_HasData                       0x0003f805   Thumb Code    18  SEGGER_RTT.o(.text)
    SEGGER_RTT_HasDataUp                     0x0003f817   Thumb Code    18  SEGGER_RTT.o(.text)
    SEGGER_RTT_AllocDownBuffer               0x0003f829   Thumb Code    96  SEGGER_RTT.o(.text)
    SEGGER_RTT_AllocUpBuffer                 0x0003f889   Thumb Code    96  SEGGER_RTT.o(.text)
    SEGGER_RTT_ConfigUpBuffer                0x0003f8e9   Thumb Code    88  SEGGER_RTT.o(.text)
    SEGGER_RTT_ConfigDownBuffer              0x0003f941   Thumb Code    88  SEGGER_RTT.o(.text)
    SEGGER_RTT_SetNameUpBuffer               0x0003f999   Thumb Code    58  SEGGER_RTT.o(.text)
    SEGGER_RTT_SetNameDownBuffer             0x0003f9d3   Thumb Code    58  SEGGER_RTT.o(.text)
    SEGGER_RTT_SetFlagsUpBuffer              0x0003fa0d   Thumb Code    58  SEGGER_RTT.o(.text)
    SEGGER_RTT_SetFlagsDownBuffer            0x0003fa47   Thumb Code    58  SEGGER_RTT.o(.text)
    SEGGER_RTT_Init                          0x0003fa81   Thumb Code     2  SEGGER_RTT.o(.text)
    SEGGER_RTT_SetTerminal                   0x0003fa83   Thumb Code   132  SEGGER_RTT.o(.text)
    SEGGER_RTT_TerminalOut                   0x0003fb07   Thumb Code   170  SEGGER_RTT.o(.text)
    SEGGER_RTT_vprintf                       0x0003fcf3   Thumb Code   382  SEGGER_RTT_printf.o(.text)
    SEGGER_RTT_printf                        0x0003fe71   Thumb Code    22  SEGGER_RTT_printf.o(.text)
    uECC_set_rng                             0x0003ff5d   Thumb Code     6  uECC.o(.text)
    uECC_get_rng                             0x0003ff63   Thumb Code     6  uECC.o(.text)
    uECC_curve_private_key_size              0x0003ff69   Thumb Code    16  uECC.o(.text)
    uECC_curve_public_key_size               0x0003ff79   Thumb Code     8  uECC.o(.text)
    uECC_secp256r1                           0x0004055d   Thumb Code     6  uECC.o(.text)
    uECC_make_key                            0x00040bdb   Thumb Code   128  uECC.o(.text)
    uECC_shared_secret                       0x00040c5b   Thumb Code   188  uECC.o(.text)
    uECC_valid_point                         0x00040d17   Thumb Code    96  uECC.o(.text)
    uECC_valid_public_key                    0x00040d77   Thumb Code    52  uECC.o(.text)
    uECC_compute_public_key                  0x00040dab   Thumb Code   140  uECC.o(.text)
    uECC_sign                                0x0004103f   Thumb Code    84  uECC.o(.text)
    uECC_sign_deterministic                  0x00041135   Thumb Code   368  uECC.o(.text)
    uECC_verify                              0x000412a5   Thumb Code   674  uECC.o(.text)
    calloc                                   0x00041733   Thumb Code    40  calloc.o(.text)
    malloc                                   0x0004175b   Thumb Code    94  h1_alloc.o(.text)
    free                                     0x000417b9   Thumb Code    78  h1_free.o(.text)
    __aeabi_uldivmod                         0x00041807   Thumb Code     0  lludivv7m.o(.text)
    _ll_udiv                                 0x00041807   Thumb Code   238  lludivv7m.o(.text)
    __aeabi_llsr                             0x000418f5   Thumb Code     0  llushr.o(.text)
    _ll_ushift_r                             0x000418f5   Thumb Code    38  llushr.o(.text)
    __aeabi_ldivmod                          0x0004191b   Thumb Code     0  llsdiv.o(.text)
    _ll_sdiv                                 0x0004191b   Thumb Code    72  llsdiv.o(.text)
    memcmp                                   0x00041963   Thumb Code    88  memcmp.o(.text)
    strcpy                                   0x000419bb   Thumb Code    72  strcpy.o(.text)
    strlen                                   0x00041a03   Thumb Code    62  strlen.o(.text)
    __aeabi_memcpy                           0x00041a41   Thumb Code     0  rt_memcpy_v6.o(.text)
    __rt_memcpy                              0x00041a41   Thumb Code   138  rt_memcpy_v6.o(.text)
    _memcpy_lastbytes                        0x00041aa7   Thumb Code     0  rt_memcpy_v6.o(.text)
    __aeabi_memcpy4                          0x00041acb   Thumb Code     0  rt_memcpy_w.o(.text)
    __aeabi_memcpy8                          0x00041acb   Thumb Code     0  rt_memcpy_w.o(.text)
    __rt_memcpy_w                            0x00041acb   Thumb Code   100  rt_memcpy_w.o(.text)
    _memcpy_lastbytes_aligned                0x00041b13   Thumb Code     0  rt_memcpy_w.o(.text)
    __aeabi_memclr                           0x00041b2f   Thumb Code     0  rt_memclr.o(.text)
    __rt_memclr                              0x00041b2f   Thumb Code    68  rt_memclr.o(.text)
    _memset                                  0x00041b33   Thumb Code     0  rt_memclr.o(.text)
    __aeabi_memclr4                          0x00041b73   Thumb Code     0  rt_memclr_w.o(.text)
    __aeabi_memclr8                          0x00041b73   Thumb Code     0  rt_memclr_w.o(.text)
    __rt_memclr_w                            0x00041b73   Thumb Code    78  rt_memclr_w.o(.text)
    _memset_w                                0x00041b77   Thumb Code     0  rt_memclr_w.o(.text)
    __use_two_region_memory                  0x00041bc1   Thumb Code     2  heapauxi.o(.text)
    __rt_heap_escrow                         0x00041bc3   Thumb Code     2  heapauxi.o(.text)
    __rt_heap_expand                         0x00041bc5   Thumb Code     2  heapauxi.o(.text)
    __rt_heap_descriptor                     0x00041bc9   Thumb Code     8  rt_heap_descriptor_intlibspace.o(.text)
    __use_no_heap                            0x00041bd1   Thumb Code     2  hguard.o(.text)
    __heap$guard                             0x00041bd3   Thumb Code     2  hguard.o(.text)
    _terminate_user_alloc                    0x00041bd5   Thumb Code     2  init_alloc.o(.text)
    _init_user_alloc                         0x00041bd7   Thumb Code     2  init_alloc.o(.text)
    __Heap_Full                              0x00041bd9   Thumb Code    34  init_alloc.o(.text)
    __Heap_Broken                            0x00041bfb   Thumb Code     6  init_alloc.o(.text)
    _init_alloc                              0x00041c01   Thumb Code    94  init_alloc.o(.text)
    __Heap_Initialize                        0x00041c5f   Thumb Code    10  h1_init.o(.text)
    __Heap_DescSize                          0x00041c69   Thumb Code     4  h1_init.o(.text)
    __user_libspace                          0x00041c6d   Thumb Code     8  libspace.o(.text)
    __user_perproc_libspace                  0x00041c6d   Thumb Code     0  libspace.o(.text)
    __user_perthread_libspace                0x00041c6d   Thumb Code     0  libspace.o(.text)
    __Heap_ProvideMemory                     0x00041c75   Thumb Code    52  h1_extend.o(.text)
    __rt_SIGRTMEM                            0x00041ca9   Thumb Code    14  defsig_rtmem_outer.o(.text)
    __I$use$semihosting                      0x00041cb7   Thumb Code     0  use_no_semi.o(.text)
    __use_no_semihosting_swi                 0x00041cb7   Thumb Code     2  use_no_semi.o(.text)
    __semihosting_library_function           0x00041cb9   Thumb Code     0  indicate_semi.o(.text)
    __user_setup_stackheap                   0x00041cb9   Thumb Code    74  sys_stackheap_outer.o(.text)
    exit                                     0x00041d03   Thumb Code    18  exit.o(.text)
    __sig_exit                               0x00041d15   Thumb Code    10  defsig_exit.o(.text)
    __rt_SIGRTMEM_inner                      0x00041d21   Thumb Code    22  defsig_rtmem_inner.o(.text)
    _sys_exit                                0x00041d71   Thumb Code     8  sys_exit.o(.text)
    __default_signal_display                 0x00041d7d   Thumb Code    50  defsig_general.o(.text)
    _ttywrch                                 0x00041daf   Thumb Code    14  sys_wrch.o(.text)
    _fp_init                                 0x00041dbd   Thumb Code    10  fpinit.o(x$fpl$fpinit)
    __fplib_config_fpu_vfp                   0x00041dc5   Thumb Code     0  fpinit.o(x$fpl$fpinit)
    __fplib_config_pureend_doubles           0x00041dc5   Thumb Code     0  fpinit.o(x$fpl$fpinit)
    m_pwm_PWM0_timer                         0x00041dcc   Data           8  main.o(.constdata)
    PWM0                                     0x00041dd4   Data           8  main.o(.constdata)
    m_ram_start                              0x00041f08   Data           4  nrf_sdh_ble.o(.constdata)
    INVALID_HEADER                           0x0004209c   Data           4  flash_manager.o(.constdata)
    PADDING_HEADER                           0x000420a0   Data           4  flash_manager.o(.constdata)
    SEAL_HEADER                              0x000420a4   Data           4  flash_manager.o(.constdata)
    Region$$Table$$Base                      0x00042e1c   Number         0  anon$$obj.o(Region$$Table)
    Region$$Table$$Limit                     0x00042e3c   Number         0  anon$$obj.o(Region$$Table)
    ad_listeners$$Base                       0x00042e3c   Number         0  nrf_mesh.o(ad_listeners)
    m_mesh_packet_listener                   0x00042e3c   Data           8  nrf_mesh.o(ad_listeners)
    m_beacon_listener                        0x00042e44   Data           8  beacon.o(ad_listeners)
    m_pb_adv_ad_listener                     0x00042e4c   Data           8  prov_bearer_adv.o(ad_listeners)
    ad_listeners$$Limit                      0x00042e54   Number         0  prov_bearer_adv.o(ad_listeners)
    m_seqnum_block_legacy_params             0x00042e54   Data          28  net_state.o(mesh_config_entries)
    mesh_config_entries$$Base                0x00042e54   Number         0  net_state.o(mesh_config_entries)
    m_iv_index_legacy_params                 0x00042e70   Data          28  net_state.o(mesh_config_entries)
    m_seqnum_block_params                    0x00042e8c   Data          28  net_state.o(mesh_config_entries)
    m_iv_index_params                        0x00042ea8   Data          28  net_state.o(mesh_config_entries)
    m_heartbeat_publication_params           0x00042ec4   Data          28  heartbeat.o(mesh_config_entries)
    m_net_beacon_enable_params               0x00042ee0   Data          28  net_beacon.o(mesh_config_entries)
    m_mesh_opt_core_adv_params               0x00042efc   Data          28  core_tx_adv.o(mesh_config_entries)
    m_mesh_opt_core_tx_power_params          0x00042f18   Data          28  core_tx_adv.o(mesh_config_entries)
    m_mesh_opt_core_adv_addr_params          0x00042f34   Data          28  core_tx_adv.o(mesh_config_entries)
    m_mesh_opt_gatt_proxy_params             0x00042f50   Data          28  proxy.o(mesh_config_entries)
    m_mesh_opt_health_params                 0x00042f6c   Data          28  health_server.o(mesh_config_entries)
    m_access_metadata_params                 0x00042f88   Data          28  access.o(mesh_config_entries)
    m_subscriptions_params                   0x00042fa4   Data          28  access.o(mesh_config_entries)
    m_elements_params                        0x00042fc0   Data          28  access.o(mesh_config_entries)
    m_models_params                          0x00042fdc   Data          28  access.o(mesh_config_entries)
    m_dsm_metadata_params                    0x00042ff8   Data          28  device_state_manager.o(mesh_config_entries)
    m_dsm_unicast_addr_params                0x00043014   Data          28  device_state_manager.o(mesh_config_entries)
    m_dsm_nonvirtual_addr_params             0x00043030   Data          28  device_state_manager.o(mesh_config_entries)
    m_dsm_virtual_addr_params                0x0004304c   Data          28  device_state_manager.o(mesh_config_entries)
    m_dsm_subnet_params                      0x00043068   Data          28  device_state_manager.o(mesh_config_entries)
    m_dsm_appkey_params                      0x00043084   Data          28  device_state_manager.o(mesh_config_entries)
    m_dsm_devkey_params                      0x000430a0   Data          28  device_state_manager.o(mesh_config_entries)
    m_dsm_legacy_subnet_params               0x000430bc   Data          28  device_state_manager.o(mesh_config_entries)
    m_dsm_reduced_legacy_appkey_params       0x000430d8   Data          28  device_state_manager.o(mesh_config_entries)
    m_dsm_full_legacy_appkey_params          0x000430f4   Data          28  device_state_manager.o(mesh_config_entries)
    m_ecdh_offloading_params                 0x00043110   Data          28  prov_utils.o(mesh_config_entries)
    m_heartbeat_relay_listener               0x0004312c   Data           8  heartbeat.o(mesh_config_entry_listeners)
    mesh_config_entries$$Limit               0x0004312c   Number         0  prov_utils.o(mesh_config_entries)
    mesh_config_entry_listeners$$Base        0x0004312c   Number         0  heartbeat.o(mesh_config_entry_listeners)
    m_heartbeat_proxy_listener               0x00043134   Data           8  heartbeat.o(mesh_config_entry_listeners)
    m_net_state_file                         0x0004313c   Data           8  net_state.o(mesh_config_files)
    mesh_config_entry_listeners$$Limit       0x0004313c   Number         0  heartbeat.o(mesh_config_entry_listeners)
    mesh_config_files$$Base                  0x0004313c   Number         0  net_state.o(mesh_config_files)
    m_mesh_opt_core_file                     0x00043144   Data           8  mesh_opt.o(mesh_config_files)
    m_access_file                            0x0004314c   Data           8  access.o(mesh_config_files)
    m_dsm_file                               0x00043154   Data           8  device_state_manager.o(mesh_config_files)
    mesh_config_files$$Limit                 0x0004315c   Number         0  device_state_manager.o(mesh_config_files)
    sdh_ble_observers1$$Base                 0x0004315c   Number         0  ble_conn_params.o(sdh_ble_observers1)
    sdh_ble_observers1$$Limit                0x00043164   Number         0  ble_conn_params.o(sdh_ble_observers1)
    sdh_ble_observers2$$Base                 0x00043164   Number         0  mesh_gatt.o(sdh_ble_observers2)
    sdh_ble_observers2$$Limit                0x0004316c   Number         0  mesh_gatt.o(sdh_ble_observers2)
    sdh_soc_observers0$$Base                 0x0004316c   Number         0  ble_softdevice_support.o(sdh_soc_observers0)
    sdh_soc_observers0$$Limit                0x00043174   Number         0  ble_softdevice_support.o(sdh_soc_observers0)
    sdh_stack_observers0$$Base               0x00043174   Number         0  nrf_sdh_soc.o(sdh_stack_observers0)
    sdh_stack_observers0$$Limit              0x00043184   Number         0  nrf_sdh_ble.o(sdh_stack_observers0)
    sdh_state_observers1$$Base               0x00043184   Number         0  mesh_provisionee.o(sdh_state_observers1)
    sdh_state_observers1$$Limit              0x0004318c   Number         0  mesh_provisionee.o(sdh_state_observers1)
    Image$$RW_IRAM1$$Base                    0x20002df0   Number         0  anon$$obj.o ABSOLUTE
    m_pwm0_config                            0x20002e90   Data          20  main.o(.data)
    g_log_hex_digits                         0x20002fbc   Data           4  log.o(.data)
    g_log_dbg_msk                            0x20002fc0   Data           4  log.o(.data)
    g_log_dbg_lvl                            0x20002fc4   Data           4  log.o(.data)
    m_log_callback                           0x20002fc8   Data           4  log.o(.data)
    SystemCoreClock                          0x20003134   Data           4  system_nrf52.o(.data)
    m_pwm_PWM0_cb                            0x20003170   Data          36  main.o(.bss)
    m_pwm_ready_counter                      0x200035e4   Data          10  app_pwm.o(.bss)
    nrf_nvic_state                           0x200036e8   Data          12  app_util_platform.o(.bss)
    m_packet                                 0x200041c0   Data          36  core_tx.o(.bss)
    _SEGGER_RTT                              0x200053ec   Data         120  SEGGER_RTT.o(.bss)
    __libspace_start                         0x200058e4   Data          96  libspace.o(.bss)
    __temporary_stack_top$libspace           0x20005944   Data           0  libspace.o(.bss)



==============================================================================

Memory Map of the image

  Image Entry point : 0x00026201

  Load Region LR_IROM1 (Base: 0x00026000, Size: 0x0001d4ec, Max: 0x00051000, ABSOLUTE, COMPRESSED[0x0001d1fc])

    Execution Region ER_IROM1 (Base: 0x00026000, Size: 0x0001d18c, Max: 0x00051000, ABSOLUTE)

    Base Addr    Size         Type   Attr      Idx    E Section Name        Object

    0x00026000   0x00000200   Data   RO         4388    RESET               arm_startup_nrf52.o
    0x00026200   0x00000008   Code   RO         4595  * !!!main             c_w.l(__main.o)
    0x00026208   0x00000034   Code   RO         4808    !!!scatter          c_w.l(__scatter.o)
    0x0002623c   0x0000005a   Code   RO         4806    !!dczerorl2         c_w.l(__dczerorl2.o)
    0x00026296   0x00000002   PAD
    0x00026298   0x0000001c   Code   RO         4810    !!handler_zi        c_w.l(__scatter_zi.o)
    0x000262b4   0x00000002   Code   RO         4745    .ARM.Collect$$libinit$$00000000  c_w.l(libinit.o)
    0x000262b6   0x00000004   Code   RO         4631    .ARM.Collect$$libinit$$00000001  c_w.l(libinit2.o)
    0x000262ba   0x00000000   Code   RO         4634    .ARM.Collect$$libinit$$00000004  c_w.l(libinit2.o)
    0x000262ba   0x00000008   Code   RO         4635    .ARM.Collect$$libinit$$00000005  c_w.l(libinit2.o)
    0x000262c2   0x00000000   Code   RO         4637    .ARM.Collect$$libinit$$0000000A  c_w.l(libinit2.o)
    0x000262c2   0x00000000   Code   RO         4639    .ARM.Collect$$libinit$$0000000C  c_w.l(libinit2.o)
    0x000262c2   0x00000000   Code   RO         4641    .ARM.Collect$$libinit$$0000000E  c_w.l(libinit2.o)
    0x000262c2   0x00000000   Code   RO         4644    .ARM.Collect$$libinit$$00000011  c_w.l(libinit2.o)
    0x000262c2   0x00000000   Code   RO         4646    .ARM.Collect$$libinit$$00000013  c_w.l(libinit2.o)
    0x000262c2   0x00000000   Code   RO         4648    .ARM.Collect$$libinit$$00000015  c_w.l(libinit2.o)
    0x000262c2   0x00000000   Code   RO         4650    .ARM.Collect$$libinit$$00000017  c_w.l(libinit2.o)
    0x000262c2   0x00000000   Code   RO         4652    .ARM.Collect$$libinit$$00000019  c_w.l(libinit2.o)
    0x000262c2   0x00000000   Code   RO         4654    .ARM.Collect$$libinit$$0000001B  c_w.l(libinit2.o)
    0x000262c2   0x00000000   Code   RO         4656    .ARM.Collect$$libinit$$0000001D  c_w.l(libinit2.o)
    0x000262c2   0x00000000   Code   RO         4658    .ARM.Collect$$libinit$$0000001F  c_w.l(libinit2.o)
    0x000262c2   0x00000000   Code   RO         4660    .ARM.Collect$$libinit$$00000021  c_w.l(libinit2.o)
    0x000262c2   0x00000000   Code   RO         4662    .ARM.Collect$$libinit$$00000023  c_w.l(libinit2.o)
    0x000262c2   0x00000000   Code   RO         4664    .ARM.Collect$$libinit$$00000025  c_w.l(libinit2.o)
    0x000262c2   0x00000000   Code   RO         4668    .ARM.Collect$$libinit$$0000002C  c_w.l(libinit2.o)
    0x000262c2   0x00000000   Code   RO         4670    .ARM.Collect$$libinit$$0000002E  c_w.l(libinit2.o)
    0x000262c2   0x00000000   Code   RO         4672    .ARM.Collect$$libinit$$00000030  c_w.l(libinit2.o)
    0x000262c2   0x00000000   Code   RO         4674    .ARM.Collect$$libinit$$00000032  c_w.l(libinit2.o)
    0x000262c2   0x00000002   Code   RO         4675    .ARM.Collect$$libinit$$00000033  c_w.l(libinit2.o)
    0x000262c4   0x00000002   Code   RO         4803    .ARM.Collect$$libshutdown$$00000000  c_w.l(libshutdown.o)
    0x000262c6   0x00000000   Code   RO         4761    .ARM.Collect$$libshutdown$$00000002  c_w.l(libshutdown2.o)
    0x000262c6   0x00000000   Code   RO         4763    .ARM.Collect$$libshutdown$$00000004  c_w.l(libshutdown2.o)
    0x000262c6   0x00000000   Code   RO         4766    .ARM.Collect$$libshutdown$$00000007  c_w.l(libshutdown2.o)
    0x000262c6   0x00000000   Code   RO         4769    .ARM.Collect$$libshutdown$$0000000A  c_w.l(libshutdown2.o)
    0x000262c6   0x00000000   Code   RO         4771    .ARM.Collect$$libshutdown$$0000000C  c_w.l(libshutdown2.o)
    0x000262c6   0x00000000   Code   RO         4774    .ARM.Collect$$libshutdown$$0000000F  c_w.l(libshutdown2.o)
    0x000262c6   0x00000002   Code   RO         4775    .ARM.Collect$$libshutdown$$00000010  c_w.l(libshutdown2.o)
    0x000262c8   0x00000000   Code   RO         4599    .ARM.Collect$$rtentry$$00000000  c_w.l(__rtentry.o)
    0x000262c8   0x00000000   Code   RO         4682    .ARM.Collect$$rtentry$$00000002  c_w.l(__rtentry2.o)
    0x000262c8   0x00000006   Code   RO         4694    .ARM.Collect$$rtentry$$00000004  c_w.l(__rtentry4.o)
    0x000262ce   0x00000000   Code   RO         4684    .ARM.Collect$$rtentry$$00000009  c_w.l(__rtentry2.o)
    0x000262ce   0x00000004   Code   RO         4685    .ARM.Collect$$rtentry$$0000000A  c_w.l(__rtentry2.o)
    0x000262d2   0x00000000   Code   RO         4687    .ARM.Collect$$rtentry$$0000000C  c_w.l(__rtentry2.o)
    0x000262d2   0x00000008   Code   RO         4688    .ARM.Collect$$rtentry$$0000000D  c_w.l(__rtentry2.o)
    0x000262da   0x00000002   Code   RO         4748    .ARM.Collect$$rtexit$$00000000  c_w.l(rtexit.o)
    0x000262dc   0x00000000   Code   RO         4779    .ARM.Collect$$rtexit$$00000002  c_w.l(rtexit2.o)
    0x000262dc   0x00000004   Code   RO         4780    .ARM.Collect$$rtexit$$00000003  c_w.l(rtexit2.o)
    0x000262e0   0x00000006   Code   RO         4781    .ARM.Collect$$rtexit$$00000004  c_w.l(rtexit2.o)
    0x000262e6   0x00000002   PAD
    0x000262e8   0x0000001a   Code   RO         4422    .emb_text           app_error_handler_keil.o
    0x00026302   0x00000002   PAD
    0x00026304   0x00000000   Code   RO         4700    .emb_text           c_w.l(maybetermalloc1.o)
    0x00026304   0x00000004   Code   RO         2364    .rev16_text         enc.o
    0x00026308   0x00000004   Code   RO         2493    .rev16_text         nrf_mesh_keygen.o
    0x0002630c   0x00000004   Code   RO         2624    .rev16_text         ccm_soft.o
    0x00026310   0x00000004   Code   RO         3563    .rev16_text         proxy.o
    0x00026314   0x00000004   Code   RO         4138    .rev16_text         prov_provisionee.o
    0x00026318   0x00000004   Code   RO         4232    .rev16_text         prov_beacon.o
    0x0002631c   0x00000004   Code   RO         4293    .rev16_text         prov_bearer_adv.o
    0x00026320   0x00000004   Code   RO         4324    .rev16_text         nrf_mesh_prov_bearer_gatt.o
    0x00026324   0x00000500   Code   RO            4    .text               main.o
    0x00026824   0x00000870   Code   RO          410    .text               app_level.o
    0x00027094   0x000001f4   Code   RO          456    .text               mesh_stack.o
    0x00027288   0x00000210   Code   RO          544    .text               mesh_provisionee.o
    0x00027498   0x000000c0   Code   RO          653    .text               rtt_input.o
    0x00027558   0x00000138   Code   RO          698    .text               mesh_app_utils.o
    0x00027690   0x00000624   Code   RO          723    .text               app_pwm.o
    0x00027cb4   0x0000027c   Code   RO          822    .text               nrfx_timer.o
    0x00027f30   0x00000374   Code   RO          887    .text               nrfx_ppi.o
    0x000282a4   0x000007e8   Code   RO          935    .text               nrfx_gpiote.o
    0x00028a8c   0x00000030   Code   RO          988    .text               nrf_drv_ppi.o
    0x00028abc   0x00000118   Code   RO         1017    .text               mesh_adv.o
    0x00028bd4   0x0000019c   Code   RO         1069    .text               ble_softdevice_support.o
    0x00028d70   0x000000dc   Code   RO         1116    .text               app_util_platform.o
    0x00028e4c   0x000006ba   Code   RO         1158    .text               ble_advdata.o
    0x00029506   0x0000004a   Code   RO         1189    .text               nrf_section_iter.o
    0x00029550   0x0000003c   Code   RO         1216    .text               nrf_sdh_soc.o
    0x0002958c   0x00000114   Code   RO         1251    .text               nrf_sdh_ble.o
    0x000296a0   0x0000026c   Code   RO         1289    .text               nrf_sdh.o
    0x0002990c   0x000002f8   Code   RO         1332    .text               ble_conn_params.o
    0x00029c04   0x00000298   Code   RO         1398    .text               ble_srv_common.o
    0x00029e9c   0x00000008   Code   RO         1426    .text               nrf_mesh_weak.o
    0x00029ea4   0x000001a8   Code   RO         1477    .text               app_error_weak.o
    0x0002a04c   0x00000020   Code   RO         1505    .text               assertion_handler_weak.o
    0x0002a06c   0x00000044   Code   RO         1549    .text               nrf_mesh_configure.o
    0x0002a0b0   0x00000090   Code   RO         1596    .text               msg_cache.o
    0x0002a140   0x000014e0   Code   RO         1626    .text               transport.o
    0x0002b620   0x000000a0   Code   RO         1701    .text               event.o
    0x0002b6c0   0x0000040e   Code   RO         1727    .text               packet_buffer.o
    0x0002bace   0x00000002   PAD
    0x0002bad0   0x000005e4   Code   RO         1751    .text               flash_manager_defrag.o
    0x0002c0b4   0x0000015a   Code   RO         1789    .text               fifo.o
    0x0002c20e   0x00000002   PAD
    0x0002c210   0x000000a4   Code   RO         1817    .text               nrf_flash.o
    0x0002c2b4   0x0000062c   Code   RO         1844    .text               net_state.o
    0x0002c8e0   0x000004a4   Code   RO         1887    .text               mesh_flash.o
    0x0002cd84   0x00000054   Code   RO         1927    .text               nrf_mesh_utils.o
    0x0002cdd8   0x000002c4   Code   RO         1955    .text               nrf_mesh.o
    0x0002d09c   0x00000152   Code   RO         2017    .text               queue.o
    0x0002d1ee   0x00000002   PAD
    0x0002d1f0   0x0000009c   Code   RO         2045    .text               hal.o
    0x0002d28c   0x0000014e   Code   RO         2077    .text               aes_cmac.o
    0x0002d3da   0x00000002   PAD
    0x0002d3dc   0x00000240   Code   RO         2107    .text               timer_scheduler.o
    0x0002d61c   0x000001d4   Code   RO         2133    .text               timer.o
    0x0002d7f0   0x00000094   Code   RO         2159    .text               rand.o
    0x0002d884   0x00000060   Code   RO         2210    .text               mesh_opt.o
    0x0002d8e4   0x000003d4   Code   RO         2242    .text               timeslot.o
    0x0002dcb8   0x000002b0   Code   RO         2295    .text               timeslot_timer.o
    0x0002df68   0x00000448   Code   RO         2326    .text               bearer_event.o
    0x0002e3b0   0x000002a4   Code   RO         2367    .text               enc.o
    0x0002e654   0x000005e0   Code   RO         2392    .text               network.o
    0x0002ec34   0x000003c0   Code   RO         2437    .text               net_packet.o
    0x0002eff4   0x00000114   Code   RO         2468    .text               msqueue.o
    0x0002f108   0x00000168   Code   RO         2496    .text               nrf_mesh_keygen.o
    0x0002f270   0x00000102   Code   RO         2517    .text               cache.o
    0x0002f372   0x00000178   Code   RO         2532    .text               list.o
    0x0002f4ea   0x00000002   PAD
    0x0002f4ec   0x000000b4   Code   RO         2559    .text               log.o
    0x0002f5a0   0x00000cb0   Code   RO         2592    .text               flash_manager.o
    0x00030250   0x0000023c   Code   RO         2627    .text               ccm_soft.o
    0x0003048c   0x0000030c   Code   RO         2669    .text               replay_cache.o
    0x00030798   0x00000174   Code   RO         2700    .text               beacon.o
    0x0003090c   0x0000006c   Code   RO         2731    .text               flash_manager_internal.o
    0x00030978   0x000001f0   Code   RO         2759    .text               core_tx.o
    0x00030b68   0x00000470   Code   RO         2787    .text               heartbeat.o
    0x00030fd8   0x00000494   Code   RO         2834    .text               net_beacon.o
    0x0003146c   0x00000484   Code   RO         2879    .text               mesh_config.o
    0x000318f0   0x0000014a   Code   RO         2910    .text               fsm.o
    0x00031a3a   0x00000002   PAD
    0x00031a3c   0x00000234   Code   RO         2934    .text               mesh_config_backend.o
    0x00031c70   0x00000290   Code   RO         2963    .text               mesh_config_flashman_glue.o
    0x00031f00   0x00000138   Code   RO         3068    .text               core_tx_local.o
    0x00032038   0x00000438   Code   RO         3096    .text               core_tx_adv.o
    0x00032470   0x0000000e   Code   RO         3132    .text               mesh_mem_stdlib.o
    0x0003247e   0x00000002   PAD
    0x00032480   0x000000a4   Code   RO         3147    .text               ad_listener.o
    0x00032524   0x000000f4   Code   RO         3181    .text               ad_type_filter.o
    0x00032618   0x000005bc   Code   RO         3251    .text               advertiser.o
    0x00032bd4   0x000004fc   Code   RO         3290    .text               bearer_handler.o
    0x000330d0   0x000001c4   Code   RO         3324    .text               broadcast.o
    0x00033294   0x000000d0   Code   RO         3357    .text               filter_engine.o
    0x00033364   0x00000194   Code   RO         3412    .text               radio_config.o
    0x000334f8   0x000005e4   Code   RO         3466    .text               scanner.o
    0x00033adc   0x00000244   Code   RO         3500    .text               mesh_pa_lna.o
    0x00033d20   0x00000ac8   Code   RO         3529    .text               mesh_gatt.o
    0x000347e8   0x00000bb4   Code   RO         3566    .text               proxy.o
    0x0003539c   0x00000122   Code   RO         3641    .text               proxy_filter.o
    0x000354be   0x00000172   Code   RO         3666    .text               composition_data.o
    0x00035630   0x0000215c   Code   RO         3693    .text               config_server.o
    0x0003778c   0x00000036   Code   RO         3761    .text               packed_index_list.o
    0x000377c2   0x00000002   PAD
    0x000377c4   0x00000668   Code   RO         3776    .text               health_server.o
    0x00037e2c   0x000002ec   Code   RO         3824    .text               generic_level_server.o
    0x00038118   0x0000027c   Code   RO         3857    .text               model_common.o
    0x00038394   0x0000034c   Code   RO         3881    .text               access_publish.o
    0x000386e0   0x0000028c   Code   RO         3911    .text               access_publish_retransmission.o
    0x0003896c   0x00001718   Code   RO         3949    .text               access.o
    0x0003a084   0x000005e0   Code   RO         4015    .text               access_reliable.o
    0x0003a664   0x00002110   Code   RO         4047    .text               device_state_manager.o
    0x0003c774   0x000005ac   Code   RO         4103    .text               app_timer_mesh.o
    0x0003cd20   0x00000722   Code   RO         4141    .text               prov_provisionee.o
    0x0003d442   0x00000002   PAD
    0x0003d444   0x00000360   Code   RO         4173    .text               nrf_mesh_prov.o
    0x0003d7a4   0x00000130   Code   RO         4210    .text               provisioning.o
    0x0003d8d4   0x000000e0   Code   RO         4235    .text               prov_beacon.o
    0x0003d9b4   0x0000040c   Code   RO         4261    .text               prov_utils.o
    0x0003ddc0   0x00000f52   Code   RO         4296    .text               prov_bearer_adv.o
    0x0003ed12   0x00000002   PAD
    0x0003ed14   0x000002d4   Code   RO         4327    .text               nrf_mesh_prov_bearer_gatt.o
    0x0003efe8   0x00000324   Code   RO         4358    .text               system_nrf52.o
    0x0003f30c   0x00000040   Code   RO         4389    .text               arm_startup_nrf52.o
    0x0003f34c   0x00000078   Code   RO         4394    .text               app_error.o
    0x0003f3c4   0x00000826   Code   RO         4441    .text               librtt_nrf52832_xxAA.a(SEGGER_RTT.o)
    0x0003fbea   0x00000002   PAD
    0x0003fbec   0x00000364   Code   RO         4461    .text               librtt_nrf52832_xxAA.a(SEGGER_RTT_printf.o)
    0x0003ff50   0x000017e2   Code   RO         4474    .text               libuECC_nrf52832_xxAA.a(uECC.o)
    0x00041732   0x00000028   Code   RO         4513    .text               c_w.l(calloc.o)
    0x0004175a   0x0000005e   Code   RO         4515    .text               c_w.l(h1_alloc.o)
    0x000417b8   0x0000004e   Code   RO         4517    .text               c_w.l(h1_free.o)
    0x00041806   0x000000ee   Code   RO         4573    .text               c_w.l(lludivv7m.o)
    0x000418f4   0x00000026   Code   RO         4575    .text               c_w.l(llushr.o)
    0x0004191a   0x00000048   Code   RO         4577    .text               c_w.l(llsdiv.o)
    0x00041962   0x00000058   Code   RO         4579    .text               c_w.l(memcmp.o)
    0x000419ba   0x00000048   Code   RO         4581    .text               c_w.l(strcpy.o)
    0x00041a02   0x0000003e   Code   RO         4583    .text               c_w.l(strlen.o)
    0x00041a40   0x0000008a   Code   RO         4585    .text               c_w.l(rt_memcpy_v6.o)
    0x00041aca   0x00000064   Code   RO         4587    .text               c_w.l(rt_memcpy_w.o)
    0x00041b2e   0x00000044   Code   RO         4589    .text               c_w.l(rt_memclr.o)
    0x00041b72   0x0000004e   Code   RO         4591    .text               c_w.l(rt_memclr_w.o)
    0x00041bc0   0x00000006   Code   RO         4593    .text               c_w.l(heapauxi.o)
    0x00041bc6   0x00000002   PAD
    0x00041bc8   0x00000008   Code   RO         4607    .text               c_w.l(rt_heap_descriptor_intlibspace.o)
    0x00041bd0   0x00000004   Code   RO         4609    .text               c_w.l(hguard.o)
    0x00041bd4   0x0000008a   Code   RO         4611    .text               c_w.l(init_alloc.o)
    0x00041c5e   0x0000000e   Code   RO         4615    .text               c_w.l(h1_init.o)
    0x00041c6c   0x00000008   Code   RO         4678    .text               c_w.l(libspace.o)
    0x00041c74   0x00000034   Code   RO         4702    .text               c_w.l(h1_extend.o)
    0x00041ca8   0x0000000e   Code   RO         4706    .text               c_w.l(defsig_rtmem_outer.o)
    0x00041cb6   0x00000002   Code   RO         4717    .text               c_w.l(use_no_semi.o)
    0x00041cb8   0x00000000   Code   RO         4719    .text               c_w.l(indicate_semi.o)
    0x00041cb8   0x0000004a   Code   RO         4720    .text               c_w.l(sys_stackheap_outer.o)
    0x00041d02   0x00000012   Code   RO         4726    .text               c_w.l(exit.o)
    0x00041d14   0x0000000a   Code   RO         4728    .text               c_w.l(defsig_exit.o)
    0x00041d1e   0x00000002   PAD
    0x00041d20   0x00000050   Code   RO         4734    .text               c_w.l(defsig_rtmem_inner.o)
    0x00041d70   0x0000000c   Code   RO         4746    .text               c_w.l(sys_exit.o)
    0x00041d7c   0x00000032   Code   RO         4756    .text               c_w.l(defsig_general.o)
    0x00041dae   0x0000000e   Code   RO         4776    .text               c_w.l(sys_wrch.o)
    0x00041dbc   0x0000000a   Code   RO         4715    x$fpl$fpinit        fz_wm.l(fpinit.o)
    0x00041dc6   0x00000002   PAD
    0x00041dc8   0x00000004   Data   RO            7    .constdata          main.o
    0x00041dcc   0x00000008   Data   RO            8    .constdata          main.o
    0x00041dd4   0x00000044   Data   RO            9    .constdata          main.o
    0x00041e18   0x00000010   Data   RO           10    .constdata          main.o
    0x00041e28   0x0000003c   Data   RO          411    .constdata          app_level.o
    0x00041e64   0x00000044   Data   RO          412    .constdata          app_level.o
    0x00041ea8   0x0000000b   Data   RO          546    .constdata          mesh_provisionee.o
    0x00041eb3   0x00000001   PAD
    0x00041eb4   0x00000004   Data   RO          655    .constdata          rtt_input.o
    0x00041eb8   0x0000000c   Data   RO          725    .constdata          app_pwm.o
    0x00041ec4   0x00000004   Data   RO          937    .constdata          nrfx_gpiote.o
    0x00041ec8   0x00000004   Data   RO         1019    .constdata          mesh_adv.o
    0x00041ecc   0x00000010   Data   RO         1217    .constdata          nrf_sdh_soc.o
    0x00041edc   0x0000000c   Data   RO         1218    .constdata          nrf_sdh_soc.o
    0x00041ee8   0x00000020   Data   RO         1252    .constdata          nrf_sdh_ble.o
    0x00041f08   0x00000010   Data   RO         1253    .constdata          nrf_sdh_ble.o
    0x00041f18   0x00000010   Data   RO         1290    .constdata          nrf_sdh.o
    0x00041f28   0x00000028   Data   RO         1291    .constdata          nrf_sdh.o
    0x00041f50   0x00000010   Data   RO         1292    .constdata          nrf_sdh.o
    0x00041f60   0x00000010   Data   RO         1293    .constdata          nrf_sdh.o
    0x00041f70   0x00000008   Data   RO         1506    .constdata          assertion_handler_weak.o
    0x00041f78   0x00000070   Data   RO         1628    .constdata          transport.o
    0x00041fe8   0x00000028   Data   RO         1753    .constdata          flash_manager_defrag.o
    0x00042010   0x00000004   Data   RO         1847    .constdata          net_state.o
    0x00042014   0x00000004   Data   RO         1848    .constdata          net_state.o
    0x00042018   0x00000004   Data   RO         1849    .constdata          net_state.o
    0x0004201c   0x00000004   Data   RO         1850    .constdata          net_state.o
    0x00042020   0x0000001c   Data   RO         1851    .constdata          net_state.o
    0x0004203c   0x00000010   Data   RO         1889    .constdata          mesh_flash.o
    0x0004204c   0x00000004   Data   RO         1928    .constdata          nrf_mesh_utils.o
    0x00042050   0x0000002c   Data   RO         1956    .constdata          nrf_mesh.o
    0x0004207c   0x00000020   Data   RO         2212    .constdata          mesh_opt.o
    0x0004209c   0x0000001c   Data   RO         2594    .constdata          flash_manager.o
    0x000420b8   0x00000004   Data   RO         2789    .constdata          heartbeat.o
    0x000420bc   0x00000004   Data   RO         2790    .constdata          heartbeat.o
    0x000420c0   0x00000004   Data   RO         2791    .constdata          heartbeat.o
    0x000420c4   0x00000064   Data   RO         2792    .constdata          heartbeat.o
    0x00042128   0x00000004   Data   RO         2836    .constdata          net_beacon.o
    0x0004212c   0x00000008   Data   RO         2837    .constdata          net_beacon.o
    0x00042134   0x000000b0   Data   RO         2880    .constdata          mesh_config.o
    0x000421e4   0x00000020   Data   RO         2964    .constdata          mesh_config_flashman_glue.o
    0x00042204   0x00000024   Data   RO         3070    .constdata          core_tx_local.o
    0x00042228   0x00000004   Data   RO         3098    .constdata          core_tx_adv.o
    0x0004222c   0x00000004   Data   RO         3099    .constdata          core_tx_adv.o
    0x00042230   0x00000004   Data   RO         3100    .constdata          core_tx_adv.o
    0x00042234   0x00000030   Data   RO         3101    .constdata          core_tx_adv.o
    0x00042264   0x00000003   Data   RO         3253    .constdata          advertiser.o
    0x00042267   0x00000006   Data   RO         3325    .constdata          broadcast.o
    0x0004226d   0x00000028   Data   RO         3413    .constdata          radio_config.o
    0x00042295   0x00000003   PAD
    0x00042298   0x00000004   Data   RO         3531    .constdata          mesh_gatt.o
    0x0004229c   0x00000004   Data   RO         3568    .constdata          proxy.o
    0x000422a0   0x000000a4   Data   RO         3569    .constdata          proxy.o
    0x00042344   0x00000170   Data   RO         3694    .constdata          config_server.o
    0x000424b4   0x000000dc   Data   RO         3695    .constdata          config_server.o
    0x00042590   0x00000004   Data   RO         3778    .constdata          health_server.o
    0x00042594   0x00000058   Data   RO         3779    .constdata          health_server.o
    0x000425ec   0x00000074   Data   RO         3780    .constdata          health_server.o
    0x00042660   0x00000038   Data   RO         3825    .constdata          generic_level_server.o
    0x00042698   0x00000028   Data   RO         3826    .constdata          generic_level_server.o
    0x000426c0   0x00000004   Data   RO         3952    .constdata          access.o
    0x000426c4   0x00000004   Data   RO         3953    .constdata          access.o
    0x000426c8   0x00000004   Data   RO         3954    .constdata          access.o
    0x000426cc   0x00000004   Data   RO         3955    .constdata          access.o
    0x000426d0   0x0000004a   Data   RO         3956    .constdata          access.o
    0x0004271a   0x00000004   Data   RO         4050    .constdata          device_state_manager.o
    0x0004271e   0x00000004   Data   RO         4051    .constdata          device_state_manager.o
    0x00042722   0x00000004   Data   RO         4052    .constdata          device_state_manager.o
    0x00042726   0x00000004   Data   RO         4053    .constdata          device_state_manager.o
    0x0004272a   0x00000004   Data   RO         4054    .constdata          device_state_manager.o
    0x0004272e   0x00000004   Data   RO         4055    .constdata          device_state_manager.o
    0x00042732   0x00000004   Data   RO         4056    .constdata          device_state_manager.o
    0x00042736   0x00000004   Data   RO         4057    .constdata          device_state_manager.o
    0x0004273a   0x00000004   Data   RO         4058    .constdata          device_state_manager.o
    0x0004273e   0x00000004   Data   RO         4059    .constdata          device_state_manager.o
    0x00042742   0x00000002   PAD
    0x00042744   0x00000052   Data   RO         4060    .constdata          device_state_manager.o
    0x00042796   0x0000000a   PAD
    0x000427a0   0x00000006   Data   RO         4105    .constdata          app_timer_mesh.o
    0x000427a6   0x00000002   PAD
    0x000427a8   0x00000010   Data   RO         4142    .constdata          prov_provisionee.o
    0x000427b8   0x00000020   Data   RO         4174    .constdata          nrf_mesh_prov.o
    0x000427d8   0x0000000a   Data   RO         4211    .constdata          provisioning.o
    0x000427e2   0x00000004   Data   RO         4262    .constdata          prov_utils.o
    0x000427e6   0x00000002   PAD
    0x000427e8   0x00000067   Data   RO         4263    .constdata          prov_utils.o
    0x0004284f   0x00000001   PAD
    0x00042850   0x00000114   Data   RO         4297    .constdata          prov_bearer_adv.o
    0x00042964   0x00000048   Data   RO         4329    .constdata          nrf_mesh_prov_bearer_gatt.o
    0x000429ac   0x0000004c   Data   RO         4330    .constdata          nrf_mesh_prov_bearer_gatt.o
    0x000429f8   0x00000010   Data   RO         4462    .constdata          librtt_nrf52832_xxAA.a(SEGGER_RTT_printf.o)
    0x00042a08   0x000000b4   Data   RO         4475    .constdata          libuECC_nrf52832_xxAA.a(uECC.o)
    0x00042abc   0x00000070   Data   RO           11    .conststring        main.o
    0x00042b2c   0x00000043   Data   RO          413    .conststring        app_level.o
    0x00042b6f   0x00000001   PAD
    0x00042b70   0x00000001   Data   RO         1507    .conststring        assertion_handler_weak.o
    0x00042b71   0x00000003   PAD
    0x00042b74   0x00000041   Data   RO         1629    .conststring        transport.o
    0x00042bb5   0x00000003   PAD
    0x00042bb8   0x00000011   Data   RO         2560    .conststring        log.o
    0x00042bc9   0x00000003   PAD
    0x00042bcc   0x00000087   Data   RO         2838    .conststring        net_beacon.o
    0x00042c53   0x00000001   PAD
    0x00042c54   0x00000044   Data   RO         3532    .conststring        mesh_gatt.o
    0x00042c98   0x00000045   Data   RO         3696    .conststring        config_server.o
    0x00042cdd   0x00000003   PAD
    0x00042ce0   0x00000055   Data   RO         3957    .conststring        access.o
    0x00042d35   0x00000003   PAD
    0x00042d38   0x000000e4   Data   RO         4298    .conststring        prov_bearer_adv.o
    0x00042e1c   0x00000020   Data   RO         4804    Region$$Table       anon$$obj.o
    0x00042e3c   0x00000008   Data   RO         1958    ad_listeners        nrf_mesh.o
    0x00042e44   0x00000008   Data   RO         2701    ad_listeners        beacon.o
    0x00042e4c   0x00000008   Data   RO         4300    ad_listeners        prov_bearer_adv.o
    0x00042e54   0x00000070   Data   RO         1857    mesh_config_entries  net_state.o
    0x00042ec4   0x0000001c   Data   RO         2795    mesh_config_entries  heartbeat.o
    0x00042ee0   0x0000001c   Data   RO         2841    mesh_config_entries  net_beacon.o
    0x00042efc   0x00000054   Data   RO         3106    mesh_config_entries  core_tx_adv.o
    0x00042f50   0x0000001c   Data   RO         3572    mesh_config_entries  proxy.o
    0x00042f6c   0x0000001c   Data   RO         3783    mesh_config_entries  health_server.o
    0x00042f88   0x00000070   Data   RO         3963    mesh_config_entries  access.o
    0x00042ff8   0x00000118   Data   RO         4072    mesh_config_entries  device_state_manager.o
    0x00043110   0x0000001c   Data   RO         4266    mesh_config_entries  prov_utils.o
    0x0004312c   0x00000010   Data   RO         2796    mesh_config_entry_listeners  heartbeat.o
    0x0004313c   0x00000008   Data   RO         1858    mesh_config_files   net_state.o
    0x00043144   0x00000008   Data   RO         2213    mesh_config_files   mesh_opt.o
    0x0004314c   0x00000008   Data   RO         3964    mesh_config_files   access.o
    0x00043154   0x00000008   Data   RO         4073    mesh_config_files   device_state_manager.o
    0x0004315c   0x00000008   Data   RO         1335    sdh_ble_observers1  ble_conn_params.o
    0x00043164   0x00000008   Data   RO         3534    sdh_ble_observers2  mesh_gatt.o
    0x0004316c   0x00000008   Data   RO         1070    sdh_soc_observers0  ble_softdevice_support.o
    0x00043174   0x00000008   Data   RO         1219    sdh_stack_observers0  nrf_sdh_soc.o
    0x0004317c   0x00000008   Data   RO         1255    sdh_stack_observers0  nrf_sdh_ble.o
    0x00043184   0x00000008   Data   RO          548    sdh_state_observers1  mesh_provisionee.o


    Execution Region RW_IRAM1 (Base: 0x20002df0, Size: 0x00004f58, Max: 0x0000cf10, ABSOLUTE, COMPRESSED[0x00000070])

    Base Addr    Size         Type   Attr      Idx    E Section Name        Object

    0x20002df0   0x000000b4   Data   RW           12    .data               main.o
    0x20002ea4   0x0000000c   Data   RW          458    .data               mesh_stack.o
    0x20002eb0   0x00000010   Data   RW          547    .data               mesh_provisionee.o
    0x20002ec0   0x00000004   Data   RW          656    .data               rtt_input.o
    0x20002ec4   0x00000006   Data   RW          726    .data               app_pwm.o
    0x20002eca   0x00000002   PAD
    0x20002ecc   0x00000008   Data   RW          900    .data               nrfx_ppi.o
    0x20002ed4   0x00000001   Data   RW          989    .data               nrf_drv_ppi.o
    0x20002ed5   0x00000003   PAD
    0x20002ed8   0x0000001c   Data   RW         1020    .data               mesh_adv.o
    0x20002ef4   0x00000004   Data   RW         1118    .data               app_util_platform.o
    0x20002ef8   0x00000001   Data   RW         1254    .data               nrf_sdh_ble.o
    0x20002ef9   0x00000003   Data   RW         1294    .data               nrf_sdh.o
    0x20002efc   0x00000008   Data   RW         1334    .data               ble_conn_params.o
    0x20002f04   0x00000001   Data   RW         1478    .data               app_error_weak.o
    0x20002f05   0x00000003   PAD
    0x20002f08   0x00000004   Data   RW         1598    .data               msg_cache.o
    0x20002f0c   0x00000014   Data   RW         1630    .data               transport.o
    0x20002f20   0x00000008   Data   RW         1702    .data               event.o
    0x20002f28   0x0000000c   Data   RW         1754    .data               flash_manager_defrag.o
    0x20002f34   0x00000015   Data   RW         1852    .data               net_state.o
    0x20002f49   0x00000001   Data   RW         1853    .data               net_state.o
    0x20002f4a   0x00000001   Data   RW         1854    .data               net_state.o
    0x20002f4b   0x00000001   Data   RW         1855    .data               net_state.o
    0x20002f4c   0x00000001   Data   RW         1856    .data               net_state.o
    0x20002f4d   0x00000003   PAD
    0x20002f50   0x0000000c   Data   RW         1890    .data               mesh_flash.o
    0x20002f5c   0x0000000c   Data   RW         1957    .data               nrf_mesh.o
    0x20002f68   0x0000000c   Data   RW         2108    .data               timer_scheduler.o
    0x20002f74   0x00000010   Data   RW         2134    .data               timer.o
    0x20002f84   0x0000000c   Data   RW         2244    .data               timeslot.o
    0x20002f90   0x00000010   Data   RW         2297    .data               timeslot_timer.o
    0x20002fa0   0x00000018   Data   RW         2328    .data               bearer_event.o
    0x20002fb8   0x00000004   Data   RW         2393    .data               network.o
    0x20002fbc   0x00000004   Data   RW         2561    .data               log.o
    0x20002fc0   0x0000000c   Data   RW         2562    .data               log.o
    0x20002fcc   0x0000001c   Data   RW         2595    .data               flash_manager.o
    0x20002fe8   0x00000014   Data   RW         2671    .data               replay_cache.o
    0x20002ffc   0x0000000c   Data   RW         2761    .data               core_tx.o
    0x20003008   0x00000008   Data   RW         2793    .data               heartbeat.o
    0x20003010   0x00000001   Data   RW         2794    .data               heartbeat.o
    0x20003011   0x00000003   PAD
    0x20003014   0x00000008   Data   RW         2839    .data               net_beacon.o
    0x2000301c   0x00000001   Data   RW         2840    .data               net_beacon.o
    0x2000301d   0x00000001   Data   RW         2881    .data               mesh_config.o
    0x2000301e   0x00000002   PAD
    0x20003020   0x0000000c   Data   RW         2935    .data               mesh_config_backend.o
    0x2000302c   0x00000008   Data   RW         2965    .data               mesh_config_flashman_glue.o
    0x20003034   0x00000010   Data   RW         3071    .data               core_tx_local.o
    0x20003044   0x00000008   Data   RW         3102    .data               core_tx_adv.o
    0x2000304c   0x00000002   Data   RW         3103    .data               core_tx_adv.o
    0x2000304e   0x00000002   Data   RW         3104    .data               core_tx_adv.o
    0x20003050   0x00000002   Data   RW         3105    .data               core_tx_adv.o
    0x20003052   0x00000002   PAD
    0x20003054   0x00000018   Data   RW         3291    .data               bearer_handler.o
    0x2000306c   0x00000008   Data   RW         3326    .data               broadcast.o
    0x20003074   0x00000006   Data   RW         3501    .data               mesh_pa_lna.o
    0x2000307a   0x00000002   PAD
    0x2000307c   0x00000004   Data   RW         3533    .data               mesh_gatt.o
    0x20003080   0x00000002   Data   RW         3570    .data               proxy.o
    0x20003082   0x00000001   Data   RW         3571    .data               proxy.o
    0x20003083   0x00000001   PAD
    0x20003084   0x00000018   Data   RW         3697    .data               config_server.o
    0x2000309c   0x00000008   Data   RW         3781    .data               health_server.o
    0x200030a4   0x00000001   Data   RW         3782    .data               health_server.o
    0x200030a5   0x00000003   PAD
    0x200030a8   0x0000000c   Data   RW         3883    .data               access_publish.o
    0x200030b4   0x00000008   Data   RW         3958    .data               access.o
    0x200030bc   0x00000001   Data   RW         3959    .data               access.o
    0x200030bd   0x00000003   Data   RW         3960    .data               access.o
    0x200030c0   0x00000001   Data   RW         3961    .data               access.o
    0x200030c1   0x00000003   Data   RW         3962    .data               access.o
    0x200030c4   0x00000020   Data   RW         4061    .data               device_state_manager.o
    0x200030e4   0x00000001   Data   RW         4062    .data               device_state_manager.o
    0x200030e5   0x00000001   Data   RW         4063    .data               device_state_manager.o
    0x200030e6   0x00000003   Data   RW         4064    .data               device_state_manager.o
    0x200030e9   0x00000002   Data   RW         4065    .data               device_state_manager.o
    0x200030eb   0x00000004   Data   RW         4066    .data               device_state_manager.o
    0x200030ef   0x00000008   Data   RW         4067    .data               device_state_manager.o
    0x200030f7   0x00000001   Data   RW         4068    .data               device_state_manager.o
    0x200030f8   0x00000004   Data   RW         4069    .data               device_state_manager.o
    0x200030fc   0x00000008   Data   RW         4070    .data               device_state_manager.o
    0x20003104   0x00000008   Data   RW         4071    .data               device_state_manager.o
    0x2000310c   0x00000018   Data   RW         4106    .data               app_timer_mesh.o
    0x20003124   0x00000004   Data   RW         4236    .data               prov_beacon.o
    0x20003128   0x00000001   Data   RW         4264    .data               prov_utils.o
    0x20003129   0x00000001   Data   RW         4265    .data               prov_utils.o
    0x2000312a   0x00000002   PAD
    0x2000312c   0x00000008   Data   RW         4299    .data               prov_bearer_adv.o
    0x20003134   0x00000004   Data   RW         4359    .data               system_nrf52.o
    0x20003138   0x00000011   Data   RW         4443    .data               librtt_nrf52832_xxAA.a(SEGGER_RTT.o)
    0x20003149   0x00000003   PAD
    0x2000314c   0x00000004   Data   RW         4476    .data               libuECC_nrf52832_xxAA.a(uECC.o)
    0x20003150   0x00000020   Zero   RW            5    .bss                main.o
    0x20003170   0x00000024   Zero   RW            6    .bss                main.o
    0x20003194   0x00000058   Zero   RW          457    .bss                mesh_stack.o
    0x200031ec   0x000003c4   Zero   RW          545    .bss                mesh_provisionee.o
    0x200035b0   0x00000020   Zero   RW          654    .bss                rtt_input.o
    0x200035d0   0x00000034   Zero   RW          724    .bss                app_pwm.o
    0x20003604   0x0000000c   Zero   RW          823    .bss                nrfx_timer.o
    0x20003610   0x0000004c   Zero   RW          936    .bss                nrfx_gpiote.o
    0x2000365c   0x0000008c   Zero   RW         1018    .bss                mesh_adv.o
    0x200036e8   0x0000000c   Zero   RW         1117    .bss                app_util_platform.o
    0x200036f4   0x00000050   Zero   RW         1333    .bss                ble_conn_params.o
    0x20003744   0x00000010   Zero   RW         1550    .bss                nrf_mesh_configure.o
    0x20003754   0x00000100   Zero   RW         1597    .bss                msg_cache.o
    0x20003854   0x00000004   PAD
    0x20003858   0x00000258   Zero   RW         1627    .bss                transport.o
    0x20003ab0   0x0000001c   Zero   RW         1752    .bss                flash_manager_defrag.o
    0x20003acc   0x00000044   Zero   RW         1845    .bss                net_state.o
    0x20003b10   0x0000002c   Zero   RW         1846    .bss                net_state.o
    0x20003b3c   0x00000234   Zero   RW         1888    .bss                mesh_flash.o
    0x20003d70   0x0000002c   Zero   RW         2211    .bss                mesh_opt.o
    0x20003d9c   0x0000002c   Zero   RW         2243    .bss                timeslot.o
    0x20003dc8   0x00000018   Zero   RW         2296    .bss                timeslot_timer.o
    0x20003de0   0x00000140   Zero   RW         2327    .bss                bearer_event.o
    0x20003f20   0x00000110   Zero   RW         2593    .bss                flash_manager.o
    0x20004030   0x00000190   Zero   RW         2670    .bss                replay_cache.o
    0x200041c0   0x00000024   Zero   RW         2760    .bss                core_tx.o
    0x200041e4   0x00000064   Zero   RW         2788    .bss                heartbeat.o
    0x20004248   0x000000f8   Zero   RW         2835    .bss                net_beacon.o
    0x20004340   0x0000000c   Zero   RW         3069    .bss                core_tx_local.o
    0x2000434c   0x000002cc   Zero   RW         3097    .bss                core_tx_adv.o
    0x20004618   0x0000003c   Zero   RW         3182    .bss                ad_type_filter.o
    0x20004654   0x00000010   Zero   RW         3252    .bss                advertiser.o
    0x20004664   0x00000010   Zero   RW         3358    .bss                filter_engine.o
    0x20004674   0x00000294   Zero   RW         3467    .bss                scanner.o
    0x20004908   0x00000170   Zero   RW         3530    .bss                mesh_gatt.o
    0x20004a78   0x000000e8   Zero   RW         3567    .bss                proxy.o
    0x20004b60   0x00000018   Zero   RW         3777    .bss                health_server.o
    0x20004b78   0x00000018   Zero   RW         3882    .bss                access_publish.o
    0x20004b90   0x00000088   Zero   RW         3912    .bss                access_publish_retransmission.o
    0x20004c18   0x000000cc   Zero   RW         3950    .bss                access.o
    0x20004ce4   0x0000002c   Zero   RW         3951    .bss                access.o
    0x20004d10   0x000000a0   Zero   RW         4016    .bss                access_reliable.o
    0x20004db0   0x000004d8   Zero   RW         4048    .bss                device_state_manager.o
    0x20005288   0x0000002c   Zero   RW         4049    .bss                device_state_manager.o
    0x200052b4   0x0000010c   Zero   RW         4104    .bss                app_timer_mesh.o
    0x200053c0   0x0000000c   Zero   RW         4328    .bss                nrf_mesh_prov_bearer_gatt.o
    0x200053cc   0x00000020   Zero   RW         4395    .bss                app_error.o
    0x200053ec   0x000004f8   Zero   RW         4442    .bss                librtt_nrf52832_xxAA.a(SEGGER_RTT.o)
    0x200058e4   0x00000060   Zero   RW         4679    .bss                c_w.l(libspace.o)
    0x20005944   0x00000004   PAD
    0x20005948   0x00000400   Zero   RW         4387    HEAP                arm_startup_nrf52.o
    0x20005d48   0x00002000   Zero   RW         4386    STACK               arm_startup_nrf52.o


==============================================================================

Image component sizes


      Code (inc. data)   RO Data    RW Data    ZI Data      Debug   Object Name

      5912        182        295         16        248      47628   access.o
       844         28          0         12         24       5750   access_publish.o
       652         10          0          0        136       6939   access_publish_retransmission.o
      1504        100          0          0        160       9061   access_reliable.o
       164         10          0          0          0       4840   ad_listener.o
       244          8          0          0         60       8659   ad_type_filter.o
         0          0          0          0          0        656   adv_packet_filter.o
      1468         32          3          0         16      14720   advertiser.o
         0          0          0          0          0        536   aes.o
       334          0          0          0          0       5187   aes_cmac.o
       120          4          0          0         32       3493   app_error.o
        26          0          0          0          0        528   app_error_handler_keil.o
       424        202          0          1          0       2038   app_error_weak.o
      2160        464        195          0          0      12153   app_level.o
      1572         32         12          6         52      64559   app_pwm.o
      1452         46          6         24        268      40302   app_timer_mesh.o
       220         14          0          4         12      36469   app_util_platform.o
        64         26        512          0       9216        292   arm_startup_nrf52.o
        32          6          9          0          0        605   assertion_handler_weak.o
       372         96          8          0          0       2871   beacon.o
      1096         32          0         24        320      43230   bearer_event.o
      1276         52          0         24          0      33890   bearer_handler.o
      1722          0          0          0          0      51304   ble_advdata.o
       760         14          8          8         80       7011   ble_conn_params.o
       412        120          8          0          0      12994   ble_softdevice_support.o
       664          6          0          0          0      40936   ble_srv_common.o
       452         44          6          8          0       3717   broadcast.o
       258          0          0          0          0       2539   cache.o
       576          0          0          0          0       4560   ccm_soft.o
       370          0          0          0          0       3910   composition_data.o
      8540        168        657         24          0      63072   config_server.o
       496          8          0         12         36       4374   core_tx.o
      1080         26        144         14        716      10836   core_tx_adv.o
       312         18         36         16         12       2633   core_tx_local.o
      8464        256        410         72       1284      49494   device_state_manager.o
       680         26          0          0          0       5368   enc.o
       160          4          0          8          0       2138   event.o
       346          0          0          0          0       4239   fifo.o
       208          4          0          0         16       2269   filter_engine.o
      3248        106         28         28        272      25151   flash_manager.o
      1508        136         40         12         28      11677   flash_manager_defrag.o
       108          0          0          0          0       2820   flash_manager_internal.o
       330          0          0          0          0       3192   fsm.o
       748          4         96          0          0       7736   generic_level_server.o
       156         20          0          0          0      30571   hal.o
      1640         38        236          9         24      18340   health_server.o
      1136         28        156          9        100      32392   heartbeat.o
       376          0          0          0          0       3790   list.o
       180         50         17         16          0       5657   log.o
      1280        432        208        180         68     214355   main.o
       280         12          4         28        140      47973   mesh_adv.o
       312        130          0          0          0       1817   mesh_app_utils.o
      1156         42        176          1          0      15082   mesh_config.o
       564          8          0         12          0       4625   mesh_config_backend.o
       656        100         32          8          0      20046   mesh_config_flashman_glue.o
      1188         28         16         12        564      13424   mesh_flash.o
      2760        166         80          4        368      17592   mesh_gatt.o
        14          0          0          0          0       1029   mesh_mem_stdlib.o
        96          4         40          0         44       1518   mesh_opt.o
       580         40          0          6          0       4407   mesh_pa_lna.o
       528         36         19         16        964      31140   mesh_provisionee.o
       500         68          0         12         88      26441   mesh_stack.o
       636         30          0          0          0       5497   model_common.o
       144          8          0          4        256       2248   msg_cache.o
       276          0          0          0          0       5122   msqueue.o
      1172         70        175          9        248      10381   net_beacon.o
       960         62          0          0          0      25853   net_packet.o
      1580         48        164         25        112      13210   net_state.o
      1504        174          0          4          0      26707   network.o
        48          6          0          1          0       1106   nrf_drv_ppi.o
       164         10          0          0          0       1858   nrf_flash.o
       708        124         52         12          0       8820   nrf_mesh.o
        68          8          0          0         16       1945   nrf_mesh_configure.o
       364         22          0          0          0       3917   nrf_mesh_keygen.o
       864         12         32          0          0      12229   nrf_mesh_prov.o
       728         28        148          0         12      10841   nrf_mesh_prov_bearer_gatt.o
        84          4          4          0          0       2216   nrf_mesh_utils.o
         8          0          0          0          0      11402   nrf_mesh_weak.o
       620         26         88          3          0      35780   nrf_sdh.o
       276         10         56          1          0       4161   nrf_sdh_ble.o
        60          4         36          0          0       3956   nrf_sdh_soc.o
        74          0          0          0          0       3198   nrf_section_iter.o
      2024         34          4          0         76      57796   nrfx_gpiote.o
       884         18          0          8          0      13480   nrfx_ppi.o
       636         10          0          0         12      46598   nrfx_timer.o
        54          0          0          0          0       1139   packed_index_list.o
      1038          0          0          0          0       8730   packet_buffer.o
       228          6          0          4          0       3389   prov_beacon.o
      3926        598        512          8          0      18713   prov_bearer_adv.o
      1830        180         16          0          0       9300   prov_provisionee.o
      1036         46        135          2          0       8883   prov_utils.o
       304          4         10          0          0       4496   provisioning.o
      3000        304        196          3        232      36863   proxy.o
       290          0          0          0          0       2894   proxy_filter.o
       338          0          0          0          0       4144   queue.o
       404         24         40          0          0       2880   radio_config.o
       148          6          0          0          0       1867   rand.o
       780         12          0         20        400       8111   replay_cache.o
       192         46          4          4         32       2045   rtt_input.o
      1508         78          0          0        660      36312   scanner.o
       804         70          0          4          0       2971   system_nrf52.o
       468         22          0         16          0       3480   timer.o
       576         14          0         12          0       4072   timer_scheduler.o
       980         44          0         12         44      41182   timeslot.o
       688         28          0         16         24      31778   timeslot_timer.o
      5344        482        177         20        600      62345   transport.o

    ----------------------------------------------------------------------
    102620       6158       5376        840      18076    1760490   Object Totals
         0          0         32          0          0          0   (incl. Generated)
        22          0         38         26          4          0   (incl. Padding)

    ----------------------------------------------------------------------

      Code (inc. data)   RO Data    RW Data    ZI Data      Debug   Library Member Name

        90          0          0          0          0          0   __dczerorl2.o
         8          0          0          0          0         68   __main.o
         0          0          0          0          0          0   __rtentry.o
        12          0          0          0          0          0   __rtentry2.o
         6          0          0          0          0          0   __rtentry4.o
        52          8          0          0          0          0   __scatter.o
        28          0          0          0          0          0   __scatter_zi.o
        40          0          0          0          0         80   calloc.o
        10          0          0          0          0         68   defsig_exit.o
        50          0          0          0          0         88   defsig_general.o
        80         58          0          0          0         76   defsig_rtmem_inner.o
        14          0          0          0          0         80   defsig_rtmem_outer.o
        18          0          0          0          0         80   exit.o
        94          0          0          0          0         80   h1_alloc.o
        52          0          0          0          0         68   h1_extend.o
        78          0          0          0          0         80   h1_free.o
        14          0          0          0          0         84   h1_init.o
         6          0          0          0          0        152   heapauxi.o
         4          0          0          0          0        136   hguard.o
         0          0          0          0          0          0   indicate_semi.o
       138          0          0          0          0        168   init_alloc.o
         2          0          0          0          0          0   libinit.o
        14          0          0          0          0          0   libinit2.o
         2          0          0          0          0          0   libshutdown.o
         2          0          0          0          0          0   libshutdown2.o
         8          4          0          0         96         68   libspace.o
        72          0          0          0          0         76   llsdiv.o
       238          0          0          0          0        100   lludivv7m.o
        38          0          0          0          0         68   llushr.o
         0          0          0          0          0          0   maybetermalloc1.o
        88          0          0          0          0         76   memcmp.o
         8          4          0          0          0         68   rt_heap_descriptor_intlibspace.o
        68          0          0          0          0         68   rt_memclr.o
        78          0          0          0          0         80   rt_memclr_w.o
       138          0          0          0          0         68   rt_memcpy_v6.o
       100          0          0          0          0         80   rt_memcpy_w.o
         2          0          0          0          0          0   rtexit.o
        10          0          0          0          0          0   rtexit2.o
        72          0          0          0          0         80   strcpy.o
        62          0          0          0          0         76   strlen.o
        12          4          0          0          0         68   sys_exit.o
        74          0          0          0          0         80   sys_stackheap_outer.o
        14          0          0          0          0         76   sys_wrch.o
         2          0          0          0          0         68   use_no_semi.o
        10          0          0          0          0        116   fpinit.o
      2086         40          0         17       1272      17370   SEGGER_RTT.o
       868          6         16          0          0       4251   SEGGER_RTT_printf.o
      6114         12        180          4          0      30812   uECC.o

    ----------------------------------------------------------------------
     10988        136        196         24       1372      55057   Library Totals
        12          0          0          3          4          0   (incl. Padding)

    ----------------------------------------------------------------------

      Code (inc. data)   RO Data    RW Data    ZI Data      Debug   Library Name

      1898         78          0          0         96       2508   c_w.l
        10          0          0          0          0        116   fz_wm.l
      2954         46         16         17       1272      21621   librtt_nrf52832_xxAA.a
      6114         12        180          4          0      30812   libuECC_nrf52832_xxAA.a

    ----------------------------------------------------------------------
     10988        136        196         24       1372      55057   Library Totals

    ----------------------------------------------------------------------

==============================================================================


      Code (inc. data)   RO Data    RW Data    ZI Data      Debug   

    113608       6294       5572        864      19448    1793343   Grand Totals
    113608       6294       5572        112      19448    1793343   ELF Image Totals (compressed)
    113608       6294       5572        112          0          0   ROM Totals

==============================================================================

    Total RO  Size (Code + RO Data)               119180 ( 116.39kB)
    Total RW  Size (RW Data + ZI Data)             20312 (  19.84kB)
    Total ROM Size (Code + RO Data + RW Data)     119292 ( 116.50kB)

==============================================================================

