Archive member included to satisfy reference by file (symbol)

external/rtt/librtt_nrf52840_xxAA.a(SEGGER_RTT.c.obj)
                              examples/dfu/CMakeFiles/dfu_no_serial_nrf52840_xxAA_s140_7.0.1.dir/__/__/mesh/core/src/log.c.obj (SEGGER_RTT_Write)
external/rtt/librtt_nrf52840_xxAA.a(SEGGER_RTT_printf.c.obj)
                              examples/dfu/CMakeFiles/dfu_no_serial_nrf52840_xxAA_s140_7.0.1.dir/__/__/mesh/core/src/log.c.obj (SEGGER_RTT_vprintf)
external/micro-ecc/libuECC_nrf52840_xxAA.a(uECC.c.obj)
                              examples/dfu/CMakeFiles/dfu_no_serial_nrf52840_xxAA_s140_7.0.1.dir/__/__/mesh/prov/src/prov_utils.c.obj (uECC_secp256r1)
c:/mesh/arm_gcc/bin/../lib/gcc/arm-none-eabi/7.3.1/thumb/v7e-m/fpv4-sp/hard\libgcc.a(_aeabi_ldivmod.o)
                              examples/dfu/CMakeFiles/dfu_no_serial_nrf52840_xxAA_s140_7.0.1.dir/__/common/src/simple_hal.c.obj (__aeabi_ldivmod)
c:/mesh/arm_gcc/bin/../lib/gcc/arm-none-eabi/7.3.1/thumb/v7e-m/fpv4-sp/hard\libgcc.a(_aeabi_uldivmod.o)
                              examples/dfu/CMakeFiles/dfu_no_serial_nrf52840_xxAA_s140_7.0.1.dir/__/common/src/simple_hal.c.obj (__aeabi_uldivmod)
c:/mesh/arm_gcc/bin/../lib/gcc/arm-none-eabi/7.3.1/thumb/v7e-m/fpv4-sp/hard\libgcc.a(_udivmoddi4.o)
                              c:/mesh/arm_gcc/bin/../lib/gcc/arm-none-eabi/7.3.1/thumb/v7e-m/fpv4-sp/hard\libgcc.a(_aeabi_ldivmod.o) (__udivmoddi4)
c:/mesh/arm_gcc/bin/../lib/gcc/arm-none-eabi/7.3.1/thumb/v7e-m/fpv4-sp/hard\libgcc.a(_dvmd_tls.o)
                              c:/mesh/arm_gcc/bin/../lib/gcc/arm-none-eabi/7.3.1/thumb/v7e-m/fpv4-sp/hard\libgcc.a(_aeabi_ldivmod.o) (__aeabi_ldiv0)
c:/mesh/arm_gcc/bin/../lib/gcc/arm-none-eabi/7.3.1/../../../../arm-none-eabi/lib/thumb/v7e-m/fpv4-sp/hard\libg_nano.a(lib_a-calloc.o)
                              examples/dfu/CMakeFiles/dfu_no_serial_nrf52840_xxAA_s140_7.0.1.dir/__/__/mesh/core/src/mesh_mem_stdlib.c.obj (calloc)
c:/mesh/arm_gcc/bin/../lib/gcc/arm-none-eabi/7.3.1/../../../../arm-none-eabi/lib/thumb/v7e-m/fpv4-sp/hard\libg_nano.a(lib_a-exit.o)
                              c:/mesh/arm_gcc/bin/../lib/gcc/arm-none-eabi/7.3.1/../../../../arm-none-eabi/lib/thumb/v7e-m/fpv4-sp/hard/crt0.o (exit)
c:/mesh/arm_gcc/bin/../lib/gcc/arm-none-eabi/7.3.1/../../../../arm-none-eabi/lib/thumb/v7e-m/fpv4-sp/hard\libg_nano.a(lib_a-impure.o)
                              c:/mesh/arm_gcc/bin/../lib/gcc/arm-none-eabi/7.3.1/../../../../arm-none-eabi/lib/thumb/v7e-m/fpv4-sp/hard\libg_nano.a(lib_a-exit.o) (_global_impure_ptr)
c:/mesh/arm_gcc/bin/../lib/gcc/arm-none-eabi/7.3.1/../../../../arm-none-eabi/lib/thumb/v7e-m/fpv4-sp/hard\libg_nano.a(lib_a-init.o)
                              c:/mesh/arm_gcc/bin/../lib/gcc/arm-none-eabi/7.3.1/../../../../arm-none-eabi/lib/thumb/v7e-m/fpv4-sp/hard/crt0.o (__libc_init_array)
c:/mesh/arm_gcc/bin/../lib/gcc/arm-none-eabi/7.3.1/../../../../arm-none-eabi/lib/thumb/v7e-m/fpv4-sp/hard\libg_nano.a(lib_a-malloc.o)
                              examples/dfu/CMakeFiles/dfu_no_serial_nrf52840_xxAA_s140_7.0.1.dir/__/__/mesh/core/src/mesh_mem_stdlib.c.obj (malloc)
c:/mesh/arm_gcc/bin/../lib/gcc/arm-none-eabi/7.3.1/../../../../arm-none-eabi/lib/thumb/v7e-m/fpv4-sp/hard\libg_nano.a(lib_a-memcmp.o)
                              examples/dfu/CMakeFiles/dfu_no_serial_nrf52840_xxAA_s140_7.0.1.dir/C_/mesh/deps/nRF5_SDK_16.0.0_98a08e2/components/ble/common/ble_advdata.c.obj (memcmp)
c:/mesh/arm_gcc/bin/../lib/gcc/arm-none-eabi/7.3.1/../../../../arm-none-eabi/lib/thumb/v7e-m/fpv4-sp/hard\libg_nano.a(lib_a-memcpy-stub.o)
                              examples/dfu/CMakeFiles/dfu_no_serial_nrf52840_xxAA_s140_7.0.1.dir/C_/mesh/deps/nRF5_SDK_16.0.0_98a08e2/components/ble/common/ble_advdata.c.obj (memcpy)
c:/mesh/arm_gcc/bin/../lib/gcc/arm-none-eabi/7.3.1/../../../../arm-none-eabi/lib/thumb/v7e-m/fpv4-sp/hard\libg_nano.a(lib_a-memset.o)
                              c:/mesh/arm_gcc/bin/../lib/gcc/arm-none-eabi/7.3.1/../../../../arm-none-eabi/lib/thumb/v7e-m/fpv4-sp/hard/crt0.o (memset)
c:/mesh/arm_gcc/bin/../lib/gcc/arm-none-eabi/7.3.1/../../../../arm-none-eabi/lib/thumb/v7e-m/fpv4-sp/hard\libg_nano.a(lib_a-nano-callocr.o)
                              c:/mesh/arm_gcc/bin/../lib/gcc/arm-none-eabi/7.3.1/../../../../arm-none-eabi/lib/thumb/v7e-m/fpv4-sp/hard\libg_nano.a(lib_a-calloc.o) (_calloc_r)
c:/mesh/arm_gcc/bin/../lib/gcc/arm-none-eabi/7.3.1/../../../../arm-none-eabi/lib/thumb/v7e-m/fpv4-sp/hard\libg_nano.a(lib_a-nano-freer.o)
                              c:/mesh/arm_gcc/bin/../lib/gcc/arm-none-eabi/7.3.1/../../../../arm-none-eabi/lib/thumb/v7e-m/fpv4-sp/hard\libg_nano.a(lib_a-malloc.o) (_free_r)
c:/mesh/arm_gcc/bin/../lib/gcc/arm-none-eabi/7.3.1/../../../../arm-none-eabi/lib/thumb/v7e-m/fpv4-sp/hard\libg_nano.a(lib_a-nano-mallocr.o)
[...]
Memory Configuration

Name             Origin             Length             Attributes
FLASH            0x00027000         0x000d0000         xr
RAM              0x20002e00         0x0003cf00         xrw
*default*        0x00000000         0xffffffff

Linker script and memory map


.text           0x00027000    0x174d4
 *(.isr_vector)
 .isr_vector    0x00027000      0x200 examples/dfu/CMakeFiles/dfu_no_serial_nrf52840_xxAA_s140_7.0.1.dir/C_/mesh/deps/nRF5_SDK_16.0.0_98a08e2/modules/nrfx/mdk/gcc_startup_nrf52840.S.obj
                0x00027000                __isr_vector
 *(.text*)
 .text          0x00027200       0x40 c:/mesh/arm_gcc/bin/../lib/gcc/arm-none-eabi/7.3.1/thumb/v7e-m/fpv4-sp/hard/crtbegin.o
 .text          0x00027240       0x74 c:/mesh/arm_gcc/bin/../lib/gcc/arm-none-eabi/7.3.1/../../../../arm-none-eabi/lib/thumb/v7e-m/fpv4-sp/hard/crt0.o
                0x00027240                _start
                0x00027240                _mainCRTStartup
 .text.sd_app_evt_wait
                0x000272b4        0x4 examples/dfu/CMakeFiles/dfu_no_serial_nrf52840_xxAA_s140_7.0.1.dir/src/main.c.obj
 .text.config_server_evt_cb
                0x000272b8       0x80 examples/dfu/CMakeFiles/dfu_no_serial_nrf52840_xxAA_s140_7.0.1.dir/src/main.c.obj
 .text.mesh_evt_handler
                0x00027338      0x168 examples/dfu/CMakeFiles/dfu_no_serial_nrf52840_xxAA_s140_7.0.1.dir/src/main.c.obj
 .text.startup.main
                0x000274a0      0x208 examples/dfu/CMakeFiles/dfu_no_serial_nrf52840_xxAA_s140_7.0.1.dir/src/main.c.obj
                0x000274a0                main
 .text.provisionee_start
                0x000276a8       0x30 examples/dfu/CMakeFiles/dfu_no_serial_nrf52840_xxAA_s140_7.0.1.dir/__/common/src/mesh_provisionee.c.obj
 .text.prov_evt_handler
                0x000276d8       0xa4 examples/dfu/CMakeFiles/dfu_no_serial_nrf52840_xxAA_s140_7.0.1.dir/__/common/src/mesh_provisionee.c.obj
 .text.mesh_provisionee_prov_start
                0x0002777c       0x78 examples/dfu/CMakeFiles/dfu_no_serial_nrf52840_xxAA_s140_7.0.1.dir/__/common/src/mesh_provisionee.c.obj
                0x0002777c                mesh_provisionee_prov_start
 .text.led_timeout_handler
                0x000277f4       0x54 examples/dfu/CMakeFiles/dfu_no_serial_nrf52840_xxAA_s140_7.0.1.dir/__/common/src/simple_hal.c.obj
 .text.hal_led_mask_set
                0x00027848       0x12 examples/dfu/CMakeFiles/dfu_no_serial_nrf52840_xxAA_s140_7.0.1.dir/__/common/src/simple_hal.c.obj
                0x00027848                hal_led_mask_set
 *fill*         0x0002785a        0x2 
 .text.hal_led_blink_ms
                0x0002785c       0x64 examples/dfu/CMakeFiles/dfu_no_serial_nrf52840_xxAA_s140_7.0.1.dir/__/common/src/simple_hal.c.obj
                0x0002785c                hal_led_blink_ms
 .text.hal_leds_init
                0x000278c0       0x58 examples/dfu/CMakeFiles/dfu_no_serial_nrf52840_xxAA_s140_7.0.1.dir/__/common/src/simple_hal.c.obj
                0x000278c0                hal_leds_init
 .text.GPIOTE_IRQHandler
                0x00027918       0x60 examples/dfu/CMakeFiles/dfu_no_serial_nrf52840_xxAA_s140_7.0.1.dir/__/common/src/simple_hal.c.obj
                0x00027918                GPIOTE_IRQHandler
 .text.mesh_app_uuid_print
                0x00027978      0x11c examples/dfu/CMakeFiles/dfu_no_serial_nrf52840_xxAA_s140_7.0.1.dir/__/common/src/mesh_app_utils.c.obj
                0x00027978                mesh_app_uuid_print
 .text.sd_ble_enable
                0x00027a94        0x4 examples/dfu/CMakeFiles/dfu_no_serial_nrf52840_xxAA_s140_7.0.1.dir/__/common/src/ble_softdevice_support.c.obj
 .text.sd_ble_cfg_set
                0x00027a98        0x4 examples/dfu/CMakeFiles/dfu_no_serial_nrf52840_xxAA_s140_7.0.1.dir/__/common/src/ble_softdevice_support.c.obj
 .text.on_sd_evt
                0x00027a9c        0x4 examples/dfu/CMakeFiles/dfu_no_serial_nrf52840_xxAA_s140_7.0.1.dir/__/common/src/ble_softdevice_support.c.obj
 .text.ble_stack_init
                0x00027aa0       0xd4 examples/dfu/CMakeFiles/dfu_no_serial_nrf52840_xxAA_s140_7.0.1.dir/__/common/src/ble_softdevice_support.c.obj
                0x00027aa0                ble_stack_init
 .text.app_util_critical_region_enter
                0x00027b74       0x48 examples/dfu/CMakeFiles/dfu_no_serial_nrf52840_xxAA_s140_7.0.1.dir/C_/mesh/deps/nRF5_SDK_16.0.0_98a08e2/components/libraries/util/app_util_platform.c.obj
                0x00027b74                app_util_critical_region_enter
 .text.app_util_critical_region_exit
                0x00027bbc       0x2c examples/dfu/CMakeFiles/dfu_no_serial_nrf52840_xxAA_s140_7.0.1.dir/C_/mesh/deps/nRF5_SDK_16.0.0_98a08e2/components/libraries/util/app_util_platform.c.obj
                0x00027bbc                app_util_critical_region_exit
 .text.nrf_section_iter_init
                0x00027be8       0x12 examples/dfu/CMakeFiles/dfu_no_serial_nrf52840_xxAA_s140_7.0.1.dir/C_/mesh/deps/nRF5_SDK_16.0.0_98a08e2/components/libraries/experimental_section_vars/nrf_section_iter.c.obj
                0x00027be8                nrf_section_iter_init
 .text.nrf_section_iter_next
                0x00027bfa       0x18 examples/dfu/CMakeFiles/dfu_no_serial_nrf52840_xxAA_s140_7.0.1.dir/C_/mesh/deps/nRF5_SDK_16.0.0_98a08e2/components/libraries/experimental_section_vars/nrf_section_iter.c.obj
                0x00027bfa                nrf_section_iter_next
 .text.sd_evt_get
                0x00027c12        0x4 examples/dfu/CMakeFiles/dfu_no_serial_nrf52840_xxAA_s140_7.0.1.dir/C_/mesh/deps/nRF5_SDK_16.0.0_98a08e2/components/softdevice/common/nrf_sdh_soc.c.obj
 *fill*         0x00027c16        0x2 
 .text.nrf_sdh_soc_evts_poll
                0x00027c18       0x3c examples/dfu/CMakeFiles/dfu_no_serial_nrf52840_xxAA_s140_7.0.1.dir/C_/mesh/deps/nRF5_SDK_16.0.0_98a08e2/components/softdevice/common/nrf_sdh_soc.c.obj
 .text.sd_ble_evt_get
                0x00027c54        0x4 examples/dfu/CMakeFiles/dfu_no_serial_nrf52840_xxAA_s140_7.0.1.dir/C_/mesh/deps/nRF5_SDK_16.0.0_98a08e2/components/softdevice/common/nrf_sdh_ble.c.obj
 .text.nrf_sdh_ble_evts_poll
                0x00027c58       0x50 examples/dfu/CMakeFiles/dfu_no_serial_nrf52840_xxAA_s140_7.0.1.dir/C_/mesh/deps/nRF5_SDK_16.0.0_98a08e2/components/softdevice/common/nrf_sdh_ble.c.obj
 .text.sd_softdevice_enable
                0x00027ca8        0x4 examples/dfu/CMakeFiles/dfu_no_serial_nrf52840_xxAA_s140_7.0.1.dir/C_/mesh/deps/nRF5_SDK_16.0.0_98a08e2/components/softdevice/common/nrf_sdh.c.obj
 .text.sdh_request_observer_notify
                0x00027cac       0x30 examples/dfu/CMakeFiles/dfu_no_serial_nrf52840_xxAA_s140_7.0.1.dir/C_/mesh/deps/nRF5_SDK_16.0.0_98a08e2/components/softdevice/common/nrf_sdh.c.obj
 .text.sdh_state_observer_notify
                0x00027cdc       0x28 examples/dfu/CMakeFiles/dfu_no_serial_nrf52840_xxAA_s140_7.0.1.dir/C_/mesh/deps/nRF5_SDK_16.0.0_98a08e2/components/softdevice/common/nrf_sdh.c.obj
 .text.softdevices_evt_irq_enable
                0x00027d04       0x38 examples/dfu/CMakeFiles/dfu_no_serial_nrf52840_xxAA_s140_7.0.1.dir/C_/mesh/deps/nRF5_SDK_16.0.0_98a08e2/components/softdevice/common/nrf_sdh.c.obj
 .text.nrf_sdh_enable_request
                0x00027d3c       0x78 examples/dfu/CMakeFiles/dfu_no_serial_nrf52840_xxAA_s140_7.0.1.dir/C_/mesh/deps/nRF5_SDK_16.0.0_98a08e2/components/softdevice/common/nrf_sdh.c.obj
                0x00027d3c                nrf_sdh_enable_request
 .text.nrf_sdh_evts_poll
                0x00027db4       0x28 examples/dfu/CMakeFiles/dfu_no_serial_nrf52840_xxAA_s140_7.0.1.dir/C_/mesh/deps/nRF5_SDK_16.0.0_98a08e2/components/softdevice/common/nrf_sdh.c.obj
                0x00027db4                nrf_sdh_evts_poll
 .text.SWI2_EGU2_IRQHandler
                0x00027ddc        0x4 examples/dfu/CMakeFiles/dfu_no_serial_nrf52840_xxAA_s140_7.0.1.dir/C_/mesh/deps/nRF5_SDK_16.0.0_98a08e2/components/softdevice/common/nrf_sdh.c.obj
                0x00027ddc                SWI2_EGU2_IRQHandler
 .text.add_to_publication_list
                0x00027de0       0x78 examples/dfu/CMakeFiles/dfu_no_serial_nrf52840_xxAA_s140_7.0.1.dir/__/__/mesh/access/src/access_publish.c.obj
 .text.step_resolution_to_us
                0x00027e58       0x38 examples/dfu/CMakeFiles/dfu_no_serial_nrf52840_xxAA_s140_7.0.1.dir/__/__/mesh/access/src/access_publish.c.obj
 .text.schedule_publication_timer
                0x00027e90      0x184 examples/dfu/CMakeFiles/dfu_no_serial_nrf52840_xxAA_s140_7.0.1.dir/__/__/mesh/access/src/access_publish.c.obj
 .text.publish_timer_tick
                0x00028014       0xa8 examples/dfu/CMakeFiles/dfu_no_serial_nrf52840_xxAA_s140_7.0.1.dir/__/__/mesh/access/src/access_publish.c.obj
 .text.access_publish_init
                0x000280bc       0x38 examples/dfu/CMakeFiles/dfu_no_serial_nrf52840_xxAA_s140_7.0.1.dir/__/__/mesh/access/src/access_publish.c.obj
                0x000280bc                access_publish_init
 .text.access_publish_period_set
                0x000280f4       0x60 examples/dfu/CMakeFiles/dfu_no_serial_nrf52840_xxAA_s140_7.0.1.dir/__/__/mesh/access/src/access_publish.c.obj
                0x000280f4                access_publish_period_set
 .text.get_next_timeout_index
                0x00028154       0x30 examples/dfu/CMakeFiles/dfu_no_serial_nrf52840_xxAA_s140_7.0.1.dir/__/__/mesh/access/src/access_publish_retransmission.c.obj
 .text.message_remove
                0x00028184       0x5c examples/dfu/CMakeFiles/dfu_no_serial_nrf52840_xxAA_s140_7.0.1.dir/__/__/mesh/access/src/access_publish_retransmission.c.obj
 .text.retransmissions_timer_cb
                0x000281e0       0xc4 examples/dfu/CMakeFiles/dfu_no_serial_nrf52840_xxAA_s140_7.0.1.dir/__/__/mesh/access/src/access_publish_retransmission.c.obj
 .text.access_publish_retransmission_init
                0x000282a4       0x24 examples/dfu/CMakeFiles/dfu_no_serial_nrf52840_xxAA_s140_7.0.1.dir/__/__/mesh/access/src/access_publish_retransmission.c.obj
                0x000282a4                access_publish_retransmission_init
 .text.access_publish_retransmission_message_add
                0x000282c8       0xf8 examples/dfu/CMakeFiles/dfu_no_serial_nrf52840_xxAA_s140_7.0.1.dir/__/__/mesh/access/src/access_publish_retransmission.c.obj
                0x000282c8                access_publish_retransmission_message_add
 .text.bitfield_get
                0x000283c0       0x1a examples/dfu/CMakeFiles/dfu_no_serial_nrf52840_xxAA_s140_7.0.1.dir/__/__/mesh/access/src/access.c.obj
 .text.is_valid_opcode
                0x000283da       0x42 examples/dfu/CMakeFiles/dfu_no_serial_nrf52840_xxAA_s140_7.0.1.dir/__/__/mesh/access/src/access.c.obj
 .text.model_handle_valid_and_allocated
                0x0002841c       0x20 examples/dfu/CMakeFiles/dfu_no_serial_nrf52840_xxAA_s140_7.0.1.dir/__/__/mesh/access/src/access.c.obj
 .text.subscriptions_setter
                0x0002843c       0x48 examples/dfu/CMakeFiles/dfu_no_serial_nrf52840_xxAA_s140_7.0.1.dir/__/__/mesh/access/src/access.c.obj
 .text.access_metadata_getter
                0x00028484       0x20 examples/dfu/CMakeFiles/dfu_no_serial_nrf52840_xxAA_s140_7.0.1.dir/__/__/mesh/access/src/access.c.obj
 .text.subscriptions_getter
                0x000284a4       0x30 examples/dfu/CMakeFiles/dfu_no_serial_nrf52840_xxAA_s140_7.0.1.dir/__/__/mesh/access/src/access.c.obj
 .text.check_tx_params
                0x000284d4       0x5c examples/dfu/CMakeFiles/dfu_no_serial_nrf52840_xxAA_s140_7.0.1.dir/__/__/mesh/access/src/access.c.obj
 .text.elements_getter
                0x00028530       0x34 examples/dfu/CMakeFiles/dfu_no_serial_nrf52840_xxAA_s140_7.0.1.dir/__/__/mesh/access/src/access.c.obj
 .text.models_getter
                0x00028564       0x34 examples/dfu/CMakeFiles/dfu_no_serial_nrf52840_xxAA_s140_7.0.1.dir/__/__/mesh/access/src/access.c.obj
 .text.models_setter
                0x00028598       0x4c examples/dfu/CMakeFiles/dfu_no_serial_nrf52840_xxAA_s140_7.0.1.dir/__/__/mesh/access/src/access.c.obj
 .text.access_state_clear
                0x000285e4       0x4c examples/dfu/CMakeFiles/dfu_no_serial_nrf52840_xxAA_s140_7.0.1.dir/__/__/mesh/access/src/access.c.obj
 .text.packet_tx
                0x00028630      0x200 examples/dfu/CMakeFiles/dfu_no_serial_nrf52840_xxAA_s140_7.0.1.dir/__/__/mesh/access/src/access.c.obj
 .text.access_metadata_setter
                0x00028830       0x3c examples/dfu/CMakeFiles/dfu_no_serial_nrf52840_xxAA_s140_7.0.1.dir/__/__/mesh/access/src/access.c.obj
 .text.elements_setter
                0x0002886c       0x3c examples/dfu/CMakeFiles/dfu_no_serial_nrf52840_xxAA_s140_7.0.1.dir/__/__/mesh/access/src/access.c.obj
 .text.sublist_invalidate
                0x000288a8       0x4c examples/dfu/CMakeFiles/dfu_no_serial_nrf52840_xxAA_s140_7.0.1.dir/__/__/mesh/access/src/access.c.obj
 .text.sublist_store
                0x000288f4       0x54 examples/dfu/CMakeFiles/dfu_no_serial_nrf52840_xxAA_s140_7.0.1.dir/__/__/mesh/access/src/access.c.obj
 .text.model_store
                0x00028948       0x58 examples/dfu/CMakeFiles/dfu_no_serial_nrf52840_xxAA_s140_7.0.1.dir/__/__/mesh/access/src/access.c.obj
 .text.element_store.constprop.12
                0x000289a0       0x40 examples/dfu/CMakeFiles/dfu_no_serial_nrf52840_xxAA_s140_7.0.1.dir/__/__/mesh/access/src/access.c.obj
 .text.bitfield_next_get.part.0.constprop.15
                0x000289e0       0x34 examples/dfu/CMakeFiles/dfu_no_serial_nrf52840_xxAA_s140_7.0.1.dir/__/__/mesh/access/src/access.c.obj
 .text.packet_alloc_and_tx
                0x00028a14       0xbe examples/dfu/CMakeFiles/dfu_no_serial_nrf52840_xxAA_s140_7.0.1.dir/__/__/mesh/access/src/access.c.obj
 *fill*         0x00028ad2        0x2 
 .text.access_load_config_apply
                0x00028ad4      0x15c examples/dfu/CMakeFiles/dfu_no_serial_nrf52840_xxAA_s140_7.0.1.dir/__/__/mesh/access/src/access.c.obj
                0x00028ad4                access_load_config_apply
 .text.access_incoming_handle
                0x00028c30      0x1ac examples/dfu/CMakeFiles/dfu_no_serial_nrf52840_xxAA_s140_7.0.1.dir/__/__/mesh/access/src/access.c.obj
                0x00028c30                access_incoming_handle
 .text.mesh_msg_handle
                0x00028ddc      0x1cc examples/dfu/CMakeFiles/dfu_no_serial_nrf52840_xxAA_s140_7.0.1.dir/__/__/mesh/access/src/access.c.obj
 .text.mesh_evt_cb
                0x00028fa8       0x28 examples/dfu/CMakeFiles/dfu_no_serial_nrf52840_xxAA_s140_7.0.1.dir/__/__/mesh/access/src/access.c.obj
 .text.access_packet_tx
                0x00028fd0       0x32 examples/dfu/CMakeFiles/dfu_no_serial_nrf52840_xxAA_s140_7.0.1.dir/__/__/mesh/access/src/access.c.obj
                0x00028fd0                access_packet_tx
 *fill*         0x00029002        0x2 
 .text.access_clear
                0x00029004       0x74 examples/dfu/CMakeFiles/dfu_no_serial_nrf52840_xxAA_s140_7.0.1.dir/__/__/mesh/access/src/access.c.obj
                0x00029004                access_clear
 .text.access_init
                0x00029078       0x38 examples/dfu/CMakeFiles/dfu_no_serial_nrf52840_xxAA_s140_7.0.1.dir/__/__/mesh/access/src/access.c.obj
                0x00029078                access_init
 .text.access_model_add
                0x000290b0      0x1a8 examples/dfu/CMakeFiles/dfu_no_serial_nrf52840_xxAA_s140_7.0.1.dir/__/__/mesh/access/src/access.c.obj
                0x000290b0                access_model_add
 .text.access_model_publish
                0x00029258       0x58 examples/dfu/CMakeFiles/dfu_no_serial_nrf52840_xxAA_s140_7.0.1.dir/__/__/mesh/access/src/access.c.obj
                0x00029258                access_model_publish
 .text.access_model_reply
                0x000292b0       0x1c examples/dfu/CMakeFiles/dfu_no_serial_nrf52840_xxAA_s140_7.0.1.dir/__/__/mesh/access/src/access.c.obj
                0x000292b0                access_model_reply
 .text.access_model_publish_address_set
                0x000292cc       0x34 examples/dfu/CMakeFiles/dfu_no_serial_nrf52840_xxAA_s140_7.0.1.dir/__/__/mesh/access/src/access.c.obj
                0x000292cc                access_model_publish_address_set
 .text.access_model_publish_address_get
                0x00029300       0x28 examples/dfu/CMakeFiles/dfu_no_serial_nrf52840_xxAA_s140_7.0.1.dir/__/__/mesh/access/src/access.c.obj
                0x00029300                access_model_publish_address_get
 .text.access_model_publish_retransmit_set
                0x00029328       0x48 examples/dfu/CMakeFiles/dfu_no_serial_nrf52840_xxAA_s140_7.0.1.dir/__/__/mesh/access/src/access.c.obj
                0x00029328                access_model_publish_retransmit_set
 .text.access_model_publish_retransmit_get
                0x00029370       0x2c examples/dfu/CMakeFiles/dfu_no_serial_nrf52840_xxAA_s140_7.0.1.dir/__/__/mesh/access/src/access.c.obj
                0x00029370                access_model_publish_retransmit_get
 .text.access_model_publish_period_get
                0x0002939c       0x40 examples/dfu/CMakeFiles/dfu_no_serial_nrf52840_xxAA_s140_7.0.1.dir/__/__/mesh/access/src/access.c.obj
                0x0002939c                access_model_publish_period_get
 .text.access_publish_timing_update
                0x000293dc       0xc0 examples/dfu/CMakeFiles/dfu_no_serial_nrf52840_xxAA_s140_7.0.1.dir/__/__/mesh/access/src/access.c.obj
 .text.access_model_publish_period_divisor_set
                0x0002949c       0x38 examples/dfu/CMakeFiles/dfu_no_serial_nrf52840_xxAA_s140_7.0.1.dir/__/__/mesh/access/src/access.c.obj
                0x0002949c                access_model_publish_period_divisor_set
 .text.access_model_publish_period_set
                0x000294d4       0x6c examples/dfu/CMakeFiles/dfu_no_serial_nrf52840_xxAA_s140_7.0.1.dir/__/__/mesh/access/src/access.c.obj
                0x000294d4                access_model_publish_period_set
 .text.access_model_subscription_list_alloc
                0x00029540       0x68 examples/dfu/CMakeFiles/dfu_no_serial_nrf52840_xxAA_s140_7.0.1.dir/__/__/mesh/access/src/access.c.obj
                0x00029540                access_model_subscription_list_alloc
 .text.access_model_subscription_add
                0x000295a8       0x5c examples/dfu/CMakeFiles/dfu_no_serial_nrf52840_xxAA_s140_7.0.1.dir/__/__/mesh/access/src/access.c.obj
                0x000295a8                access_model_subscription_add
 .text.access_model_subscription_remove
                0x00029604       0x58 examples/dfu/CMakeFiles/dfu_no_serial_nrf52840_xxAA_s140_7.0.1.dir/__/__/mesh/access/src/access.c.obj
                0x00029604                access_model_subscription_remove
 .text.access_model_subscriptions_get
                0x0002965c       0x78 examples/dfu/CMakeFiles/dfu_no_serial_nrf52840_xxAA_s140_7.0.1.dir/__/__/mesh/access/src/access.c.obj
                0x0002965c                access_model_subscriptions_get
 .text.access_model_application_bind
                0x000296d4       0x48 examples/dfu/CMakeFiles/dfu_no_serial_nrf52840_xxAA_s140_7.0.1.dir/__/__/mesh/access/src/access.c.obj
                0x000296d4                access_model_application_bind
 .text.access_model_application_unbind
                0x0002971c       0x44 examples/dfu/CMakeFiles/dfu_no_serial_nrf52840_xxAA_s140_7.0.1.dir/__/__/mesh/access/src/access.c.obj
                0x0002971c                access_model_application_unbind
 .text.access_model_applications_get
                0x00029760       0x5c examples/dfu/CMakeFiles/dfu_no_serial_nrf52840_xxAA_s140_7.0.1.dir/__/__/mesh/access/src/access.c.obj
                0x00029760                access_model_applications_get
 .text.access_model_publish_application_set
                0x000297bc       0x34 examples/dfu/CMakeFiles/dfu_no_serial_nrf52840_xxAA_s140_7.0.1.dir/__/__/mesh/access/src/access.c.obj
                0x000297bc                access_model_publish_application_set
 .text.access_model_publish_application_get
                0x000297f0       0x28 examples/dfu/CMakeFiles/dfu_no_serial_nrf52840_xxAA_s140_7.0.1.dir/__/__/mesh/access/src/access.c.obj
                0x000297f0                access_model_publish_application_get
 .text.access_default_ttl_set
                0x00029818       0x18 examples/dfu/CMakeFiles/dfu_no_serial_nrf52840_xxAA_s140_7.0.1.dir/__/__/mesh/access/src/access.c.obj
                0x00029818                access_default_ttl_set
 .text.access_default_ttl_get
                0x00029830        0xc examples/dfu/CMakeFiles/dfu_no_serial_nrf52840_xxAA_s140_7.0.1.dir/__/__/mesh/access/src/access.c.obj
                0x00029830                access_default_ttl_get
 .text.access_model_publish_friendship_credential_flag_set
                0x0002983c       0x2c examples/dfu/CMakeFiles/dfu_no_serial_nrf52840_xxAA_s140_7.0.1.dir/__/__/mesh/access/src/access.c.obj
                0x0002983c                access_model_publish_friendship_credential_flag_set
 .text.access_model_publish_friendship_credential_flag_get
                0x00029868       0x28 examples/dfu/CMakeFiles/dfu_no_serial_nrf52840_xxAA_s140_7.0.1.dir/__/__/mesh/access/src/access.c.obj
                0x00029868                access_model_publish_friendship_credential_flag_get
 .text.access_model_publish_ttl_set
                0x00029890       0x38 examples/dfu/CMakeFiles/dfu_no_serial_nrf52840_xxAA_s140_7.0.1.dir/__/__/mesh/access/src/access.c.obj
                0x00029890                access_model_publish_ttl_set
 .text.access_model_publish_ttl_get
                0x000298c8       0x28 examples/dfu/CMakeFiles/dfu_no_serial_nrf52840_xxAA_s140_7.0.1.dir/__/__/mesh/access/src/access.c.obj
                0x000298c8                access_model_publish_ttl_get
 .text.access_element_location_get
                0x000298f0       0x18 examples/dfu/CMakeFiles/dfu_no_serial_nrf52840_xxAA_s140_7.0.1.dir/__/__/mesh/access/src/access.c.obj
                0x000298f0                access_element_location_get
 .text.access_element_sig_model_count_get
                0x00029908       0x18 examples/dfu/CMakeFiles/dfu_no_serial_nrf52840_xxAA_s140_7.0.1.dir/__/__/mesh/access/src/access.c.obj
                0x00029908                access_element_sig_model_count_get
 .text.access_element_vendor_model_count_get
                0x00029920       0x18 examples/dfu/CMakeFiles/dfu_no_serial_nrf52840_xxAA_s140_7.0.1.dir/__/__/mesh/access/src/access.c.obj
                0x00029920                access_element_vendor_model_count_get
 .text.access_model_id_get
                0x00029938       0x2c examples/dfu/CMakeFiles/dfu_no_serial_nrf52840_xxAA_s140_7.0.1.dir/__/__/mesh/access/src/access.c.obj
                0x00029938                access_model_id_get
 .text.access_handle_get
                0x00029964       0x54 examples/dfu/CMakeFiles/dfu_no_serial_nrf52840_xxAA_s140_7.0.1.dir/__/__/mesh/access/src/access.c.obj
                0x00029964                access_handle_get
 .text.access_element_models_get
                0x000299b8       0x58 examples/dfu/CMakeFiles/dfu_no_serial_nrf52840_xxAA_s140_7.0.1.dir/__/__/mesh/access/src/access.c.obj
                0x000299b8                access_element_models_get
 .text.access_model_p_args_get
                0x00029a10       0x28 examples/dfu/CMakeFiles/dfu_no_serial_nrf52840_xxAA_s140_7.0.1.dir/__/__/mesh/access/src/access.c.obj
                0x00029a10                access_model_p_args_get
 .text.access_model_publication_stop
                0x00029a38       0x54 examples/dfu/CMakeFiles/dfu_no_serial_nrf52840_xxAA_s140_7.0.1.dir/__/__/mesh/access/src/access.c.obj
                0x00029a38                access_model_publication_stop
 .text.access_model_publication_by_appkey_stop
                0x00029a8c       0x4a examples/dfu/CMakeFiles/dfu_no_serial_nrf52840_xxAA_s140_7.0.1.dir/__/__/mesh/access/src/access.c.obj
                0x00029a8c                access_model_publication_by_appkey_stop
 *fill*         0x00029ad6        0x2 
 .text.reliable_timer_cb
                0x00029ad8      0x18c examples/dfu/CMakeFiles/dfu_no_serial_nrf52840_xxAA_s140_7.0.1.dir/__/__/mesh/access/src/access_reliable.c.obj
 .text.remove_and_reschedule
                0x00029c64       0xbc examples/dfu/CMakeFiles/dfu_no_serial_nrf52840_xxAA_s140_7.0.1.dir/__/__/mesh/access/src/access_reliable.c.obj
 .text.access_reliable_message_rx_cb
                0x00029d20       0x68 examples/dfu/CMakeFiles/dfu_no_serial_nrf52840_xxAA_s140_7.0.1.dir/__/__/mesh/access/src/access_reliable.c.obj
                0x00029d20                access_reliable_message_rx_cb
 .text.access_reliable_init
                0x00029d88       0x1c examples/dfu/CMakeFiles/dfu_no_serial_nrf52840_xxAA_s140_7.0.1.dir/__/__/mesh/access/src/access_reliable.c.obj
                0x00029d88                access_reliable_init
 .text.access_reliable_cancel_all
                0x00029da4       0x8c examples/dfu/CMakeFiles/dfu_no_serial_nrf52840_xxAA_s140_7.0.1.dir/__/__/mesh/access/src/access_reliable.c.obj
                0x00029da4                access_reliable_cancel_all
 .text.access_model_reliable_cancel
                0x00029e30       0x6c examples/dfu/CMakeFiles/dfu_no_serial_nrf52840_xxAA_s140_7.0.1.dir/__/__/mesh/access/src/access_reliable.c.obj
                0x00029e30                access_model_reliable_cancel
 .text.bitfield_get
                0x00029e9c       0x1a examples/dfu/CMakeFiles/dfu_no_serial_nrf52840_xxAA_s140_7.0.1.dir/__/__/mesh/access/src/device_state_manager.c.obj
 .text.bitfield_set
                0x00029eb6       0x18 examples/dfu/CMakeFiles/dfu_no_serial_nrf52840_xxAA_s140_7.0.1.dir/__/__/mesh/access/src/device_state_manager.c.obj
 *fill*         0x00029ece        0x2 
 .text.address_handle_virtual_valid
                0x00029ed0       0x18 examples/dfu/CMakeFiles/dfu_no_serial_nrf52840_xxAA_s140_7.0.1.dir/__/__/mesh/access/src/device_state_manager.c.obj
 .text.net_key_handle_get
                0x00029ee8       0x54 examples/dfu/CMakeFiles/dfu_no_serial_nrf52840_xxAA_s140_7.0.1.dir/__/__/mesh/access/src/device_state_manager.c.obj
 .text.app_key_handle_get
                0x00029f3c       0x54 examples/dfu/CMakeFiles/dfu_no_serial_nrf52840_xxAA_s140_7.0.1.dir/__/__/mesh/access/src/device_state_manager.c.obj
 .text.dsm_metadata_getter
                0x00029f90       0x28 examples/dfu/CMakeFiles/dfu_no_serial_nrf52840_xxAA_s140_7.0.1.dir/__/__/mesh/access/src/device_state_manager.c.obj
 .text.dsm_nonvirtual_addr_getter
                0x00029fb8       0x40 examples/dfu/CMakeFiles/dfu_no_serial_nrf52840_xxAA_s140_7.0.1.dir/__/__/mesh/access/src/device_state_manager.c.obj
 .text.get_subnet_handle
                0x00029ff8       0x3c examples/dfu/CMakeFiles/dfu_no_serial_nrf52840_xxAA_s140_7.0.1.dir/__/__/mesh/access/src/device_state_manager.c.obj
 .text.dsm_unicast_addr_getter
                0x0002a034       0x38 examples/dfu/CMakeFiles/dfu_no_serial_nrf52840_xxAA_s140_7.0.1.dir/__/__/mesh/access/src/device_state_manager.c.obj
 .text.dsm_virtual_addr_getter
                0x0002a06c       0x4c examples/dfu/CMakeFiles/dfu_no_serial_nrf52840_xxAA_s140_7.0.1.dir/__/__/mesh/access/src/device_state_manager.c.obj
 .text.dsm_devkey_getter
                0x0002a0b8       0x54 examples/dfu/CMakeFiles/dfu_no_serial_nrf52840_xxAA_s140_7.0.1.dir/__/__/mesh/access/src/device_state_manager.c.obj
 .text.virtual_address_set
                0x0002a10c       0x40 examples/dfu/CMakeFiles/dfu_no_serial_nrf52840_xxAA_s140_7.0.1.dir/__/__/mesh/access/src/device_state_manager.c.obj
 .text.dsm_virtual_addr_setter
                0x0002a14c       0x38 examples/dfu/CMakeFiles/dfu_no_serial_nrf52840_xxAA_s140_7.0.1.dir/__/__/mesh/access/src/device_state_manager.c.obj
 .text.dsm_subnet_getter
                0x0002a184       0x7c examples/dfu/CMakeFiles/dfu_no_serial_nrf52840_xxAA_s140_7.0.1.dir/__/__/mesh/access/src/device_state_manager.c.obj
 .text.dsm_appkey_getter
                0x0002a200       0x78 examples/dfu/CMakeFiles/dfu_no_serial_nrf52840_xxAA_s140_7.0.1.dir/__/__/mesh/access/src/device_state_manager.c.obj
 .text.subnet_set
                0x0002a278       0x8c examples/dfu/CMakeFiles/dfu_no_serial_nrf52840_xxAA_s140_7.0.1.dir/__/__/mesh/access/src/device_state_manager.c.obj
 .text.dsm_legacy_subnet_setter
                0x0002a304       0x40 examples/dfu/CMakeFiles/dfu_no_serial_nrf52840_xxAA_s140_7.0.1.dir/__/__/mesh/access/src/device_state_manager.c.obj
 .text.appkey_set
                0x0002a344       0x64 examples/dfu/CMakeFiles/dfu_no_serial_nrf52840_xxAA_s140_7.0.1.dir/__/__/mesh/access/src/device_state_manager.c.obj
 .text.dsm_appkey_setter
                0x0002a3a8       0x80 examples/dfu/CMakeFiles/dfu_no_serial_nrf52840_xxAA_s140_7.0.1.dir/__/__/mesh/access/src/device_state_manager.c.obj
 .text.dsm_legacy_appkey_setter
                0x0002a428       0x90 examples/dfu/CMakeFiles/dfu_no_serial_nrf52840_xxAA_s140_7.0.1.dir/__/__/mesh/access/src/device_state_manager.c.obj
 .text.dsm_entry_invalidate
                0x0002a4b8       0x4c examples/dfu/CMakeFiles/dfu_no_serial_nrf52840_xxAA_s140_7.0.1.dir/__/__/mesh/access/src/device_state_manager.c.obj
 .text.virtual_address_uuid_index_get
                0x0002a504       0x60 examples/dfu/CMakeFiles/dfu_no_serial_nrf52840_xxAA_s140_7.0.1.dir/__/__/mesh/access/src/device_state_manager.c.obj
 .text.address_handle_nonvirtual_valid.part.1
                0x0002a564        0xc examples/dfu/CMakeFiles/dfu_no_serial_nrf52840_xxAA_s140_7.0.1.dir/__/__/mesh/access/src/device_state_manager.c.obj
 .text.dsm_metadata_setter
                0x0002a570       0x48 examples/dfu/CMakeFiles/dfu_no_serial_nrf52840_xxAA_s140_7.0.1.dir/__/__/mesh/access/src/device_state_manager.c.obj
 .text.get_subnet_handle_by_beacon_info
                0x0002a5b8       0x30 examples/dfu/CMakeFiles/dfu_no_serial_nrf52840_xxAA_s140_7.0.1.dir/__/__/mesh/access/src/device_state_manager.c.obj
 .text.get_app_handle
                0x0002a5e8       0x44 examples/dfu/CMakeFiles/dfu_no_serial_nrf52840_xxAA_s140_7.0.1.dir/__/__/mesh/access/src/device_state_manager.c.obj
 .text.dsm_unicast_addr_setter
                0x0002a62c       0x3c examples/dfu/CMakeFiles/dfu_no_serial_nrf52840_xxAA_s140_7.0.1.dir/__/__/mesh/access/src/device_state_manager.c.obj
 .text.dsm_subnet_setter
                0x0002a668       0x74 examples/dfu/CMakeFiles/dfu_no_serial_nrf52840_xxAA_s140_7.0.1.dir/__/__/mesh/access/src/device_state_manager.c.obj
 .text.dsm_entry_store
                0x0002a6dc       0x3a examples/dfu/CMakeFiles/dfu_no_serial_nrf52840_xxAA_s140_7.0.1.dir/__/__/mesh/access/src/device_state_manager.c.obj
 *fill*         0x0002a716        0x2 
 .text.add_address
                0x0002a718       0xfc examples/dfu/CMakeFiles/dfu_no_serial_nrf52840_xxAA_s140_7.0.1.dir/__/__/mesh/access/src/device_state_manager.c.obj
 .text.add_address_virtual
                0x0002a814       0x7c examples/dfu/CMakeFiles/dfu_no_serial_nrf52840_xxAA_s140_7.0.1.dir/__/__/mesh/access/src/device_state_manager.c.obj
 .text.bitfield_next_get.part.0.constprop.22
                0x0002a890       0x3c examples/dfu/CMakeFiles/dfu_no_serial_nrf52840_xxAA_s140_7.0.1.dir/__/__/mesh/access/src/device_state_manager.c.obj
 .text.dev_key_handle_get
                0x0002a8cc       0x30 examples/dfu/CMakeFiles/dfu_no_serial_nrf52840_xxAA_s140_7.0.1.dir/__/__/mesh/access/src/device_state_manager.c.obj
 .text.address_handle_valid
                0x0002a8fc       0x1e examples/dfu/CMakeFiles/dfu_no_serial_nrf52840_xxAA_s140_7.0.1.dir/__/__/mesh/access/src/device_state_manager.c.obj
 *fill*         0x0002a91a        0x2 
 .text.address_delete_if_unused
                0x0002a91c       0x70 examples/dfu/CMakeFiles/dfu_no_serial_nrf52840_xxAA_s140_7.0.1.dir/__/__/mesh/access/src/device_state_manager.c.obj
 .text.dsm_devkey_setter
                0x0002a98c       0x54 examples/dfu/CMakeFiles/dfu_no_serial_nrf52840_xxAA_s140_7.0.1.dir/__/__/mesh/access/src/device_state_manager.c.obj
 .text.dsm_nonvirtual_addr_setter
                0x0002a9e0       0x48 examples/dfu/CMakeFiles/dfu_no_serial_nrf52840_xxAA_s140_7.0.1.dir/__/__/mesh/access/src/device_state_manager.c.obj
 .text.dsm_legacy_pretreatment_do
                0x0002aa28       0x34 examples/dfu/CMakeFiles/dfu_no_serial_nrf52840_xxAA_s140_7.0.1.dir/__/__/mesh/access/src/device_state_manager.c.obj
                0x0002aa28                dsm_legacy_pretreatment_do
 .text.dsm_load_config_apply
                0x0002aa5c       0xc8 examples/dfu/CMakeFiles/dfu_no_serial_nrf52840_xxAA_s140_7.0.1.dir/__/__/mesh/access/src/device_state_manager.c.obj
                0x0002aa5c                dsm_load_config_apply
 .text.dsm_clear
                0x0002ab24      0x160 examples/dfu/CMakeFiles/dfu_no_serial_nrf52840_xxAA_s140_7.0.1.dir/__/__/mesh/access/src/device_state_manager.c.obj
                0x0002ab24                dsm_clear
 .text.dsm_init
                0x0002ac84       0x28 examples/dfu/CMakeFiles/dfu_no_serial_nrf52840_xxAA_s140_7.0.1.dir/__/__/mesh/access/src/device_state_manager.c.obj
                0x0002ac84                dsm_init
 .text.dsm_local_unicast_addresses_set
                0x0002acac       0x6c examples/dfu/CMakeFiles/dfu_no_serial_nrf52840_xxAA_s140_7.0.1.dir/__/__/mesh/access/src/device_state_manager.c.obj
                0x0002acac                dsm_local_unicast_addresses_set
 .text.dsm_local_unicast_addresses_get
                0x0002ad18       0x20 examples/dfu/CMakeFiles/dfu_no_serial_nrf52840_xxAA_s140_7.0.1.dir/__/__/mesh/access/src/device_state_manager.c.obj
                0x0002ad18                dsm_local_unicast_addresses_get
 .text.dsm_address_publish_add
                0x0002ad38        0x6 examples/dfu/CMakeFiles/dfu_no_serial_nrf52840_xxAA_s140_7.0.1.dir/__/__/mesh/access/src/device_state_manager.c.obj
                0x0002ad38                dsm_address_publish_add
 *fill*         0x0002ad3e        0x2 
 .text.dsm_address_publish_add_handle
                0x0002ad40       0x38 examples/dfu/CMakeFiles/dfu_no_serial_nrf52840_xxAA_s140_7.0.1.dir/__/__/mesh/access/src/device_state_manager.c.obj
                0x0002ad40                dsm_address_publish_add_handle
 .text.dsm_address_publish_virtual_add
                0x0002ad78        0x6 examples/dfu/CMakeFiles/dfu_no_serial_nrf52840_xxAA_s140_7.0.1.dir/__/__/mesh/access/src/device_state_manager.c.obj
                0x0002ad78                dsm_address_publish_virtual_add
 *fill*         0x0002ad7e        0x2 
 .text.dsm_address_publish_remove
                0x0002ad80       0x48 examples/dfu/CMakeFiles/dfu_no_serial_nrf52840_xxAA_s140_7.0.1.dir/__/__/mesh/access/src/device_state_manager.c.obj
                0x0002ad80                dsm_address_publish_remove
 .text.dsm_address_subscription_add
                0x0002adc8        0x6 examples/dfu/CMakeFiles/dfu_no_serial_nrf52840_xxAA_s140_7.0.1.dir/__/__/mesh/access/src/device_state_manager.c.obj
                0x0002adc8                dsm_address_subscription_add
 .text.dsm_address_subscription_virtual_add
                0x0002adce        0x6 examples/dfu/CMakeFiles/dfu_no_serial_nrf52840_xxAA_s140_7.0.1.dir/__/__/mesh/access/src/device_state_manager.c.obj
                0x0002adce                dsm_address_subscription_virtual_add
 .text.dsm_address_subscription_add_handle
                0x0002add4       0x38 examples/dfu/CMakeFiles/dfu_no_serial_nrf52840_xxAA_s140_7.0.1.dir/__/__/mesh/access/src/device_state_manager.c.obj
                0x0002add4                dsm_address_subscription_add_handle
 .text.dsm_address_get
                0x0002ae0c       0x5c examples/dfu/CMakeFiles/dfu_no_serial_nrf52840_xxAA_s140_7.0.1.dir/__/__/mesh/access/src/device_state_manager.c.obj
                0x0002ae0c                dsm_address_get
 .text.dsm_address_subscription_remove
                0x0002ae68       0x5c examples/dfu/CMakeFiles/dfu_no_serial_nrf52840_xxAA_s140_7.0.1.dir/__/__/mesh/access/src/device_state_manager.c.obj
                0x0002ae68                dsm_address_subscription_remove
 .text.dsm_address_handle_get
                0x0002aec4       0x98 examples/dfu/CMakeFiles/dfu_no_serial_nrf52840_xxAA_s140_7.0.1.dir/__/__/mesh/access/src/device_state_manager.c.obj
                0x0002aec4                dsm_address_handle_get
 .text.dsm_net_key_index_to_subnet_handle
                0x0002af5c       0x1c examples/dfu/CMakeFiles/dfu_no_serial_nrf52840_xxAA_s140_7.0.1.dir/__/__/mesh/access/src/device_state_manager.c.obj
                0x0002af5c                dsm_net_key_index_to_subnet_handle
 .text.dsm_subnet_handle_get
                0x0002af78        0xc examples/dfu/CMakeFiles/dfu_no_serial_nrf52840_xxAA_s140_7.0.1.dir/__/__/mesh/access/src/device_state_manager.c.obj
                0x0002af78                dsm_subnet_handle_get
 .text.dsm_appkey_index_to_appkey_handle
                0x0002af84       0x1c examples/dfu/CMakeFiles/dfu_no_serial_nrf52840_xxAA_s140_7.0.1.dir/__/__/mesh/access/src/device_state_manager.c.obj
                0x0002af84                dsm_appkey_index_to_appkey_handle
 .text.dsm_appkey_handle_get
                0x0002afa0        0xc examples/dfu/CMakeFiles/dfu_no_serial_nrf52840_xxAA_s140_7.0.1.dir/__/__/mesh/access/src/device_state_manager.c.obj
                0x0002afa0                dsm_appkey_handle_get
 .text.dsm_appkey_handle_to_appkey_index
                0x0002afac       0x34 examples/dfu/CMakeFiles/dfu_no_serial_nrf52840_xxAA_s140_7.0.1.dir/__/__/mesh/access/src/device_state_manager.c.obj
                0x0002afac                dsm_appkey_handle_to_appkey_index
 .text.dsm_appkey_handle_to_subnet_handle
                0x0002afe0       0x9c examples/dfu/CMakeFiles/dfu_no_serial_nrf52840_xxAA_s140_7.0.1.dir/__/__/mesh/access/src/device_state_manager.c.obj
                0x0002afe0                dsm_appkey_handle_to_subnet_handle
 .text.dsm_subnet_add
                0x0002b07c      0x124 examples/dfu/CMakeFiles/dfu_no_serial_nrf52840_xxAA_s140_7.0.1.dir/__/__/mesh/access/src/device_state_manager.c.obj
                0x0002b07c                dsm_subnet_add
 .text.dsm_subnet_kr_phase_get
                0x0002b1a0       0x34 examples/dfu/CMakeFiles/dfu_no_serial_nrf52840_xxAA_s140_7.0.1.dir/__/__/mesh/access/src/device_state_manager.c.obj
                0x0002b1a0                dsm_subnet_kr_phase_get
 .text.dsm_subnet_update
                0x0002b1d4       0xb8 examples/dfu/CMakeFiles/dfu_no_serial_nrf52840_xxAA_s140_7.0.1.dir/__/__/mesh/access/src/device_state_manager.c.obj
                0x0002b1d4                dsm_subnet_update
 .text.dsm_subnet_update_swap_keys
                0x0002b28c       0x54 examples/dfu/CMakeFiles/dfu_no_serial_nrf52840_xxAA_s140_7.0.1.dir/__/__/mesh/access/src/device_state_manager.c.obj
                0x0002b28c                dsm_subnet_update_swap_keys
 .text.dsm_subnet_update_commit
                0x0002b2e0       0xe8 examples/dfu/CMakeFiles/dfu_no_serial_nrf52840_xxAA_s140_7.0.1.dir/__/__/mesh/access/src/device_state_manager.c.obj
                0x0002b2e0                dsm_subnet_update_commit
 .text.mesh_evt_handler
                0x0002b3c8       0x68 examples/dfu/CMakeFiles/dfu_no_serial_nrf52840_xxAA_s140_7.0.1.dir/__/__/mesh/access/src/device_state_manager.c.obj
 .text.dsm_subnet_get_all
                0x0002b430       0x5c examples/dfu/CMakeFiles/dfu_no_serial_nrf52840_xxAA_s140_7.0.1.dir/__/__/mesh/access/src/device_state_manager.c.obj
                0x0002b430                dsm_subnet_get_all
 .text.dsm_devkey_add
                0x0002b48c      0x160 examples/dfu/CMakeFiles/dfu_no_serial_nrf52840_xxAA_s140_7.0.1.dir/__/__/mesh/access/src/device_state_manager.c.obj
                0x0002b48c                dsm_devkey_add
 .text.dsm_appkey_add
                0x0002b5ec      0x134 examples/dfu/CMakeFiles/dfu_no_serial_nrf52840_xxAA_s140_7.0.1.dir/__/__/mesh/access/src/device_state_manager.c.obj
                0x0002b5ec                dsm_appkey_add
 .text.dsm_appkey_update
                0x0002b720       0x9c examples/dfu/CMakeFiles/dfu_no_serial_nrf52840_xxAA_s140_7.0.1.dir/__/__/mesh/access/src/device_state_manager.c.obj
                0x0002b720                dsm_appkey_update
 .text.dsm_appkey_delete
                0x0002b7bc       0x2c examples/dfu/CMakeFiles/dfu_no_serial_nrf52840_xxAA_s140_7.0.1.dir/__/__/mesh/access/src/device_state_manager.c.obj
                0x0002b7bc                dsm_appkey_delete
 .text.dsm_subnet_delete
                0x0002b7e8       0xa4 examples/dfu/CMakeFiles/dfu_no_serial_nrf52840_xxAA_s140_7.0.1.dir/__/__/mesh/access/src/device_state_manager.c.obj
                0x0002b7e8                dsm_subnet_delete
 .text.dsm_appkey_get_all
                0x0002b88c       0x80 examples/dfu/CMakeFiles/dfu_no_serial_nrf52840_xxAA_s140_7.0.1.dir/__/__/mesh/access/src/device_state_manager.c.obj
                0x0002b88c                dsm_appkey_get_all
 .text.dsm_tx_secmat_get
                0x0002b90c       0xc0 examples/dfu/CMakeFiles/dfu_no_serial_nrf52840_xxAA_s140_7.0.1.dir/__/__/mesh/access/src/device_state_manager.c.obj
                0x0002b90c                dsm_tx_secmat_get
 .text.dsm_net_secmat_from_keyindex_get
                0x0002b9cc       0x3c examples/dfu/CMakeFiles/dfu_no_serial_nrf52840_xxAA_s140_7.0.1.dir/__/__/mesh/access/src/device_state_manager.c.obj
                0x0002b9cc                dsm_net_secmat_from_keyindex_get
 .text.nrf_mesh_net_secmat_next_get
                0x0002ba08       0xa8 examples/dfu/CMakeFiles/dfu_no_serial_nrf52840_xxAA_s140_7.0.1.dir/__/__/mesh/access/src/device_state_manager.c.obj
                0x0002ba08                nrf_mesh_net_secmat_next_get
 .text.nrf_mesh_app_secmat_next_get
                0x0002bab0       0x8c examples/dfu/CMakeFiles/dfu_no_serial_nrf52840_xxAA_s140_7.0.1.dir/__/__/mesh/access/src/device_state_manager.c.obj
                0x0002bab0                nrf_mesh_app_secmat_next_get
 .text.nrf_mesh_devkey_secmat_get
                0x0002bb3c       0x28 examples/dfu/CMakeFiles/dfu_no_serial_nrf52840_xxAA_s140_7.0.1.dir/__/__/mesh/access/src/device_state_manager.c.obj
                0x0002bb3c                nrf_mesh_devkey_secmat_get
 .text.nrf_mesh_beacon_info_next_get
                0x0002bb64       0xd0 examples/dfu/CMakeFiles/dfu_no_serial_nrf52840_xxAA_s140_7.0.1.dir/__/__/mesh/access/src/device_state_manager.c.obj
                0x0002bb64                nrf_mesh_beacon_info_next_get
 .text.nrf_mesh_rx_address_get
                0x0002bc34      0x158 examples/dfu/CMakeFiles/dfu_no_serial_nrf52840_xxAA_s140_7.0.1.dir/__/__/mesh/access/src/device_state_manager.c.obj
                0x0002bc34                nrf_mesh_rx_address_get
 .text.nrf_mesh_unicast_address_get
                0x0002bd8c       0x20 examples/dfu/CMakeFiles/dfu_no_serial_nrf52840_xxAA_s140_7.0.1.dir/__/__/mesh/access/src/device_state_manager.c.obj
                0x0002bd8c                nrf_mesh_unicast_address_get
 .text.nrf_mesh_is_address_rx
                0x0002bdac       0x48 examples/dfu/CMakeFiles/dfu_no_serial_nrf52840_xxAA_s140_7.0.1.dir/__/__/mesh/access/src/device_state_manager.c.obj
                0x0002bdac                nrf_mesh_is_address_rx
 .text.nrf_mesh_is_device_provisioned
                0x0002bdf4       0x18 examples/dfu/CMakeFiles/dfu_no_serial_nrf52840_xxAA_s140_7.0.1.dir/__/__/mesh/access/src/device_state_manager.c.obj
                0x0002bdf4                nrf_mesh_is_device_provisioned
 .text.config_composition_data_get
                0x0002be0c      0x15a examples/dfu/CMakeFiles/dfu_no_serial_nrf52840_xxAA_s140_7.0.1.dir/__/__/models/foundation/config/src/composition_data.c.obj
                0x0002be0c                config_composition_data_get
 *fill*         0x0002bf66        0x2 
 .text.app_evt_send
                0x0002bf68       0x10 examples/dfu/CMakeFiles/dfu_no_serial_nrf52840_xxAA_s140_7.0.1.dir/__/__/models/foundation/config/src/config_server.c.obj
 .text.get_element_index
                0x0002bf78       0x1c examples/dfu/CMakeFiles/dfu_no_serial_nrf52840_xxAA_s140_7.0.1.dir/__/__/models/foundation/config/src/config_server.c.obj
 .text.config_server_heartbeat_publication_params_get
                0x0002bf94       0x30 examples/dfu/CMakeFiles/dfu_no_serial_nrf52840_xxAA_s140_7.0.1.dir/__/__/models/foundation/config/src/config_server.c.obj
 .text.send_reply
                0x0002bfc4       0x34 examples/dfu/CMakeFiles/dfu_no_serial_nrf52840_xxAA_s140_7.0.1.dir/__/__/models/foundation/config/src/config_server.c.obj
 .text.send_network_transmit_status
                0x0002bff8       0x5a examples/dfu/CMakeFiles/dfu_no_serial_nrf52840_xxAA_s140_7.0.1.dir/__/__/models/foundation/config/src/config_server.c.obj
 .text.handle_config_network_transmit_set
                0x0002c052       0x74 examples/dfu/CMakeFiles/dfu_no_serial_nrf52840_xxAA_s140_7.0.1.dir/__/__/models/foundation/config/src/config_server.c.obj
 .text.handle_config_network_transmit_get
                0x0002c0c6        0xa examples/dfu/CMakeFiles/dfu_no_serial_nrf52840_xxAA_s140_7.0.1.dir/__/__/models/foundation/config/src/config_server.c.obj
 .text.handle_node_reset
                0x0002c0d0       0x34 examples/dfu/CMakeFiles/dfu_no_serial_nrf52840_xxAA_s140_7.0.1.dir/__/__/models/foundation/config/src/config_server.c.obj
 .text.handle_node_identity_set
                0x0002c104       0x44 examples/dfu/CMakeFiles/dfu_no_serial_nrf52840_xxAA_s140_7.0.1.dir/__/__/models/foundation/config/src/config_server.c.obj
 .text.send_netkey_status
                0x0002c148       0x2c examples/dfu/CMakeFiles/dfu_no_serial_nrf52840_xxAA_s140_7.0.1.dir/__/__/models/foundation/config/src/config_server.c.obj
 .text.send_relay_status
                0x0002c174       0x7e examples/dfu/CMakeFiles/dfu_no_serial_nrf52840_xxAA_s140_7.0.1.dir/__/__/models/foundation/config/src/config_server.c.obj
 .text.handle_config_relay_set
                0x0002c1f2       0x9a examples/dfu/CMakeFiles/dfu_no_serial_nrf52840_xxAA_s140_7.0.1.dir/__/__/models/foundation/config/src/config_server.c.obj
 .text.handle_config_relay_get
                0x0002c28c        0xa examples/dfu/CMakeFiles/dfu_no_serial_nrf52840_xxAA_s140_7.0.1.dir/__/__/models/foundation/config/src/config_server.c.obj
 .text.send_subscription_status
                0x0002c296       0x42 examples/dfu/CMakeFiles/dfu_no_serial_nrf52840_xxAA_s140_7.0.1.dir/__/__/models/foundation/config/src/config_server.c.obj
 .text.send_appkey_status
                0x0002c2d8       0x3a examples/dfu/CMakeFiles/dfu_no_serial_nrf52840_xxAA_s140_7.0.1.dir/__/__/models/foundation/config/src/config_server.c.obj
 .text.handle_netkey_delete
                0x0002c312       0xbc examples/dfu/CMakeFiles/dfu_no_serial_nrf52840_xxAA_s140_7.0.1.dir/__/__/models/foundation/config/src/config_server.c.obj
 *fill*         0x0002c3ce        0x2 
 .text.handle_netkey_add_update
                0x0002c3d0       0x78 examples/dfu/CMakeFiles/dfu_no_serial_nrf52840_xxAA_s140_7.0.1.dir/__/__/models/foundation/config/src/config_server.c.obj
 .text.status_error_sub_send
                0x0002c448      0x124 examples/dfu/CMakeFiles/dfu_no_serial_nrf52840_xxAA_s140_7.0.1.dir/__/__/models/foundation/config/src/config_server.c.obj
 .text.delete_all_subscriptions
                0x0002c56c       0x66 examples/dfu/CMakeFiles/dfu_no_serial_nrf52840_xxAA_s140_7.0.1.dir/__/__/models/foundation/config/src/config_server.c.obj
 .text.send_publication_status
                0x0002c5d2      0x188 examples/dfu/CMakeFiles/dfu_no_serial_nrf52840_xxAA_s140_7.0.1.dir/__/__/models/foundation/config/src/config_server.c.obj
 .text.handle_config_key_refresh_phase_set
                0x0002c75a       0xc8 examples/dfu/CMakeFiles/dfu_no_serial_nrf52840_xxAA_s140_7.0.1.dir/__/__/models/foundation/config/src/config_server.c.obj
 .text.handle_config_default_ttl_set
                0x0002c822       0x50 examples/dfu/CMakeFiles/dfu_no_serial_nrf52840_xxAA_s140_7.0.1.dir/__/__/models/foundation/config/src/config_server.c.obj
 .text.send_net_beacon_state
                0x0002c872       0x2c examples/dfu/CMakeFiles/dfu_no_serial_nrf52840_xxAA_s140_7.0.1.dir/__/__/models/foundation/config/src/config_server.c.obj
 .text.handle_config_beacon_get
                0x0002c89e        0xa examples/dfu/CMakeFiles/dfu_no_serial_nrf52840_xxAA_s140_7.0.1.dir/__/__/models/foundation/config/src/config_server.c.obj
 .text.handle_heartbeat_publication_set
                0x0002c8a8       0xea examples/dfu/CMakeFiles/dfu_no_serial_nrf52840_xxAA_s140_7.0.1.dir/__/__/models/foundation/config/src/config_server.c.obj
 *fill*         0x0002c992        0x2 
 .text.mesh_event_cb
                0x0002c994       0x70 examples/dfu/CMakeFiles/dfu_no_serial_nrf52840_xxAA_s140_7.0.1.dir/__/__/models/foundation/config/src/config_server.c.obj
 .text.handle_node_identity_get
                0x0002ca04       0x3c examples/dfu/CMakeFiles/dfu_no_serial_nrf52840_xxAA_s140_7.0.1.dir/__/__/models/foundation/config/src/config_server.c.obj
 .text.handle_config_gatt_proxy_set.part.6
                0x0002ca40       0x2a examples/dfu/CMakeFiles/dfu_no_serial_nrf52840_xxAA_s140_7.0.1.dir/__/__/models/foundation/config/src/config_server.c.obj
 .text.handle_config_gatt_proxy_set
                0x0002ca6a       0x14 examples/dfu/CMakeFiles/dfu_no_serial_nrf52840_xxAA_s140_7.0.1.dir/__/__/models/foundation/config/src/config_server.c.obj
 .text.handle_config_gatt_proxy_get
                0x0002ca7e        0xa examples/dfu/CMakeFiles/dfu_no_serial_nrf52840_xxAA_s140_7.0.1.dir/__/__/models/foundation/config/src/config_server.c.obj
 .text.handle_config_friend_set.part.8
                0x0002ca88       0x2a examples/dfu/CMakeFiles/dfu_no_serial_nrf52840_xxAA_s140_7.0.1.dir/__/__/models/foundation/config/src/config_server.c.obj
 .text.handle_config_friend_set
                0x0002cab2       0x14 examples/dfu/CMakeFiles/dfu_no_serial_nrf52840_xxAA_s140_7.0.1.dir/__/__/models/foundation/config/src/config_server.c.obj
 .text.handle_config_friend_get
                0x0002cac6        0xa examples/dfu/CMakeFiles/dfu_no_serial_nrf52840_xxAA_s140_7.0.1.dir/__/__/models/foundation/config/src/config_server.c.obj
 .text.handle_netkey_get
                0x0002cad0       0x50 examples/dfu/CMakeFiles/dfu_no_serial_nrf52840_xxAA_s140_7.0.1.dir/__/__/models/foundation/config/src/config_server.c.obj
 .text.handle_appkey_get
                0x0002cb20       0x82 examples/dfu/CMakeFiles/dfu_no_serial_nrf52840_xxAA_s140_7.0.1.dir/__/__/models/foundation/config/src/config_server.c.obj
 .text.status_error_pub_send
                0x0002cba2       0x90 examples/dfu/CMakeFiles/dfu_no_serial_nrf52840_xxAA_s140_7.0.1.dir/__/__/models/foundation/config/src/config_server.c.obj
 .text.handle_config_key_refresh_phase_get
                0x0002cc32       0x58 examples/dfu/CMakeFiles/dfu_no_serial_nrf52840_xxAA_s140_7.0.1.dir/__/__/models/foundation/config/src/config_server.c.obj
 .text.handle_config_default_ttl_get
                0x0002cc8a       0x30 examples/dfu/CMakeFiles/dfu_no_serial_nrf52840_xxAA_s140_7.0.1.dir/__/__/models/foundation/config/src/config_server.c.obj
 .text.handle_config_beacon_set
                0x0002ccba       0x42 examples/dfu/CMakeFiles/dfu_no_serial_nrf52840_xxAA_s140_7.0.1.dir/__/__/models/foundation/config/src/config_server.c.obj
 .text.handle_composition_data_get
                0x0002ccfc       0x44 examples/dfu/CMakeFiles/dfu_no_serial_nrf52840_xxAA_s140_7.0.1.dir/__/__/models/foundation/config/src/config_server.c.obj
 .text.handle_appkey_add
                0x0002cd40      0x140 examples/dfu/CMakeFiles/dfu_no_serial_nrf52840_xxAA_s140_7.0.1.dir/__/__/models/foundation/config/src/config_server.c.obj
 .text.get_subscription_list.constprop.24
                0x0002ce80       0x4e examples/dfu/CMakeFiles/dfu_no_serial_nrf52840_xxAA_s140_7.0.1.dir/__/__/models/foundation/config/src/config_server.c.obj
 .text.handle_config_sig_model_subscription_get
                0x0002cece       0xa2 examples/dfu/CMakeFiles/dfu_no_serial_nrf52840_xxAA_s140_7.0.1.dir/__/__/models/foundation/config/src/config_server.c.obj
 .text.heartbeat_subscription_count_encode
                0x0002cf70       0x32 examples/dfu/CMakeFiles/dfu_no_serial_nrf52840_xxAA_s140_7.0.1.dir/__/__/models/foundation/config/src/config_server.c.obj
 .text.heartbeat_pubsub_period_encode
                0x0002cfa2       0x26 examples/dfu/CMakeFiles/dfu_no_serial_nrf52840_xxAA_s140_7.0.1.dir/__/__/models/foundation/config/src/config_server.c.obj
 .text.handle_heartbeat_publication_get
                0x0002cfc8       0x8a examples/dfu/CMakeFiles/dfu_no_serial_nrf52840_xxAA_s140_7.0.1.dir/__/__/models/foundation/config/src/config_server.c.obj
 .text.handle_heartbeat_subscription_get
                0x0002d052       0x84 examples/dfu/CMakeFiles/dfu_no_serial_nrf52840_xxAA_s140_7.0.1.dir/__/__/models/foundation/config/src/config_server.c.obj
 .text.handle_appkey_update
                0x0002d0d6       0xbc examples/dfu/CMakeFiles/dfu_no_serial_nrf52840_xxAA_s140_7.0.1.dir/__/__/models/foundation/config/src/config_server.c.obj
 .text.handle_appkey_delete
                0x0002d192       0xc2 examples/dfu/CMakeFiles/dfu_no_serial_nrf52840_xxAA_s140_7.0.1.dir/__/__/models/foundation/config/src/config_server.c.obj
 .text.handle_heartbeat_subscription_set
                0x0002d254       0xa8 examples/dfu/CMakeFiles/dfu_no_serial_nrf52840_xxAA_s140_7.0.1.dir/__/__/models/foundation/config/src/config_server.c.obj
 .text.handle_config_model_publication_get
                0x0002d2fc       0x8c examples/dfu/CMakeFiles/dfu_no_serial_nrf52840_xxAA_s140_7.0.1.dir/__/__/models/foundation/config/src/config_server.c.obj
 .text.handle_config_model_subscription_delete_all
                0x0002d388       0xbe examples/dfu/CMakeFiles/dfu_no_serial_nrf52840_xxAA_s140_7.0.1.dir/__/__/models/foundation/config/src/config_server.c.obj
 .text.handle_config_model_subscription_virtual_address_delete
                0x0002d446      0x104 examples/dfu/CMakeFiles/dfu_no_serial_nrf52840_xxAA_s140_7.0.1.dir/__/__/models/foundation/config/src/config_server.c.obj
 .text.handle_config_model_subscription_virtual_address_add
                0x0002d54a      0x102 examples/dfu/CMakeFiles/dfu_no_serial_nrf52840_xxAA_s140_7.0.1.dir/__/__/models/foundation/config/src/config_server.c.obj
 .text.handle_config_model_subscription_delete
                0x0002d64c      0x10a examples/dfu/CMakeFiles/dfu_no_serial_nrf52840_xxAA_s140_7.0.1.dir/__/__/models/foundation/config/src/config_server.c.obj
 .text.handle_config_model_subscription_add
                0x0002d756      0x10e examples/dfu/CMakeFiles/dfu_no_serial_nrf52840_xxAA_s140_7.0.1.dir/__/__/models/foundation/config/src/config_server.c.obj
 .text.handle_config_model_subscription_virtual_address_overwrite
                0x0002d864      0x110 examples/dfu/CMakeFiles/dfu_no_serial_nrf52840_xxAA_s140_7.0.1.dir/__/__/models/foundation/config/src/config_server.c.obj
 .text.handle_config_model_subscription_overwrite
                0x0002d974      0x116 examples/dfu/CMakeFiles/dfu_no_serial_nrf52840_xxAA_s140_7.0.1.dir/__/__/models/foundation/config/src/config_server.c.obj
 .text.handle_model_app_get
                0x0002da8a      0x19c examples/dfu/CMakeFiles/dfu_no_serial_nrf52840_xxAA_s140_7.0.1.dir/__/__/models/foundation/config/src/config_server.c.obj
 .text.handle_config_vendor_model_subscription_get
                0x0002dc26       0xde examples/dfu/CMakeFiles/dfu_no_serial_nrf52840_xxAA_s140_7.0.1.dir/__/__/models/foundation/config/src/config_server.c.obj
 .text.handle_model_app_bind_unbind
                0x0002dd04      0x1e4 examples/dfu/CMakeFiles/dfu_no_serial_nrf52840_xxAA_s140_7.0.1.dir/__/__/models/foundation/config/src/config_server.c.obj
 .text.handle_config_model_publication_set
                0x0002dee8      0x2d2 examples/dfu/CMakeFiles/dfu_no_serial_nrf52840_xxAA_s140_7.0.1.dir/__/__/models/foundation/config/src/config_server.c.obj
 *fill*         0x0002e1ba        0x2 
 .text.config_server_init
                0x0002e1bc       0x60 examples/dfu/CMakeFiles/dfu_no_serial_nrf52840_xxAA_s140_7.0.1.dir/__/__/models/foundation/config/src/config_server.c.obj
                0x0002e1bc                config_server_init
 .text.config_server_bind
                0x0002e21c       0x10 examples/dfu/CMakeFiles/dfu_no_serial_nrf52840_xxAA_s140_7.0.1.dir/__/__/models/foundation/config/src/config_server.c.obj
                0x0002e21c                config_server_bind
 .text.packed_index_list_create
                0x0002e22c       0x32 examples/dfu/CMakeFiles/dfu_no_serial_nrf52840_xxAA_s140_7.0.1.dir/__/__/models/foundation/config/src/packed_index_list.c.obj
                0x0002e22c                packed_index_list_create
 *fill*         0x0002e25e        0x2 
 .text.health_server_getter
                0x0002e260       0x2c examples/dfu/CMakeFiles/dfu_no_serial_nrf52840_xxAA_s140_7.0.1.dir/__/__/models/foundation/health/src/health_server.c.obj
 .text.attention_timer_handler
                0x0002e28c       0x5c examples/dfu/CMakeFiles/dfu_no_serial_nrf52840_xxAA_s140_7.0.1.dir/__/__/models/foundation/health/src/health_server.c.obj
 .text.send_attention_status
                0x0002e2e8       0x44 examples/dfu/CMakeFiles/dfu_no_serial_nrf52840_xxAA_s140_7.0.1.dir/__/__/models/foundation/health/src/health_server.c.obj
 .text.handle_attention_get
                0x0002e32c        0xc examples/dfu/CMakeFiles/dfu_no_serial_nrf52840_xxAA_s140_7.0.1.dir/__/__/models/foundation/health/src/health_server.c.obj
 .text.send_period_status
                0x0002e338       0x40 examples/dfu/CMakeFiles/dfu_no_serial_nrf52840_xxAA_s140_7.0.1.dir/__/__/models/foundation/health/src/health_server.c.obj
 .text.handle_period_get
                0x0002e378        0xc examples/dfu/CMakeFiles/dfu_no_serial_nrf52840_xxAA_s140_7.0.1.dir/__/__/models/foundation/health/src/health_server.c.obj
 .text.attention_timer_set.part.1
                0x0002e384       0x84 examples/dfu/CMakeFiles/dfu_no_serial_nrf52840_xxAA_s140_7.0.1.dir/__/__/models/foundation/health/src/health_server.c.obj
 .text.handle_attention_set
                0x0002e408       0x32 examples/dfu/CMakeFiles/dfu_no_serial_nrf52840_xxAA_s140_7.0.1.dir/__/__/models/foundation/health/src/health_server.c.obj
 *fill*         0x0002e43a        0x2 
 .text.handle_period_set
                0x0002e43c       0x5c examples/dfu/CMakeFiles/dfu_no_serial_nrf52840_xxAA_s140_7.0.1.dir/__/__/models/foundation/health/src/health_server.c.obj
 .text.bitfield_next_get.part.0.constprop.10
                0x0002e498       0x44 examples/dfu/CMakeFiles/dfu_no_serial_nrf52840_xxAA_s140_7.0.1.dir/__/__/models/foundation/health/src/health_server.c.obj
 .text.send_fault_status
                0x0002e4dc       0x8c examples/dfu/CMakeFiles/dfu_no_serial_nrf52840_xxAA_s140_7.0.1.dir/__/__/models/foundation/health/src/health_server.c.obj
 .text.health_publish_timeout_handler
                0x0002e568        0xa examples/dfu/CMakeFiles/dfu_no_serial_nrf52840_xxAA_s140_7.0.1.dir/__/__/models/foundation/health/src/health_server.c.obj
 .text.handle_fault_test
                0x0002e572       0x66 examples/dfu/CMakeFiles/dfu_no_serial_nrf52840_xxAA_s140_7.0.1.dir/__/__/models/foundation/health/src/health_server.c.obj
 .text.handle_fault_get
                0x0002e5d8       0x32 examples/dfu/CMakeFiles/dfu_no_serial_nrf52840_xxAA_s140_7.0.1.dir/__/__/models/foundation/health/src/health_server.c.obj
 *fill*         0x0002e60a        0x2 
 .text.health_server_deleter
                0x0002e60c       0x28 examples/dfu/CMakeFiles/dfu_no_serial_nrf52840_xxAA_s140_7.0.1.dir/__/__/models/foundation/health/src/health_server.c.obj
 .text.handle_fault_clear
                0x0002e634       0x6c examples/dfu/CMakeFiles/dfu_no_serial_nrf52840_xxAA_s140_7.0.1.dir/__/__/models/foundation/health/src/health_server.c.obj
 .text.health_server_fault_count_get
                0x0002e6a0       0x2c examples/dfu/CMakeFiles/dfu_no_serial_nrf52840_xxAA_s140_7.0.1.dir/__/__/models/foundation/health/src/health_server.c.obj
                0x0002e6a0                health_server_fault_count_get
 .text.health_server_setter
                0x0002e6cc       0x60 examples/dfu/CMakeFiles/dfu_no_serial_nrf52840_xxAA_s140_7.0.1.dir/__/__/models/foundation/health/src/health_server.c.obj
 .text.health_server_init
                0x0002e72c       0x78 examples/dfu/CMakeFiles/dfu_no_serial_nrf52840_xxAA_s140_7.0.1.dir/__/__/models/foundation/health/src/health_server.c.obj
                0x0002e72c                health_server_init
 .text.complete_provisioning
                0x0002e7a4       0x24 examples/dfu/CMakeFiles/dfu_no_serial_nrf52840_xxAA_s140_7.0.1.dir/__/__/mesh/prov/src/prov_provisionee.c.obj
 .text.prov_provisionee_cb_link_established
                0x0002e7c8       0x36 examples/dfu/CMakeFiles/dfu_no_serial_nrf52840_xxAA_s140_7.0.1.dir/__/__/mesh/prov/src/prov_provisionee.c.obj
 .text.prov_provisionee_cb_link_closed
                0x0002e7fe       0x34 examples/dfu/CMakeFiles/dfu_no_serial_nrf52840_xxAA_s140_7.0.1.dir/__/__/mesh/prov/src/prov_provisionee.c.obj
 .text.request_authentication
                0x0002e832       0x8a examples/dfu/CMakeFiles/dfu_no_serial_nrf52840_xxAA_s140_7.0.1.dir/__/__/mesh/prov/src/prov_provisionee.c.obj
 .text.send_failed
                0x0002e8bc       0x42 examples/dfu/CMakeFiles/dfu_no_serial_nrf52840_xxAA_s140_7.0.1.dir/__/__/mesh/prov/src/prov_provisionee.c.obj
 .text.start_authentication
                0x0002e8fe       0x52 examples/dfu/CMakeFiles/dfu_no_serial_nrf52840_xxAA_s140_7.0.1.dir/__/__/mesh/prov/src/prov_provisionee.c.obj
 .text.prov_provisionee_cb_ack_received
                0x0002e950      0x108 examples/dfu/CMakeFiles/dfu_no_serial_nrf52840_xxAA_s140_7.0.1.dir/__/__/mesh/prov/src/prov_provisionee.c.obj
 .text.prov_provisionee_pkt_in
                0x0002ea58      0x390 examples/dfu/CMakeFiles/dfu_no_serial_nrf52840_xxAA_s140_7.0.1.dir/__/__/mesh/prov/src/prov_provisionee.c.obj
 .text.prov_provisionee_listen
                0x0002ede8       0x30 examples/dfu/CMakeFiles/dfu_no_serial_nrf52840_xxAA_s140_7.0.1.dir/__/__/mesh/prov/src/prov_provisionee.c.obj
                0x0002ede8                prov_provisionee_listen
 .text.prov_provisionee_auth_data
                0x0002ee18       0x48 examples/dfu/CMakeFiles/dfu_no_serial_nrf52840_xxAA_s140_7.0.1.dir/__/__/mesh/prov/src/prov_provisionee.c.obj
                0x0002ee18                prov_provisionee_auth_data
 .text.bearer_compare_callback
                0x0002ee60        0xc examples/dfu/CMakeFiles/dfu_no_serial_nrf52840_xxAA_s140_7.0.1.dir/__/__/mesh/prov/src/nrf_mesh_prov.c.obj
 .text.utils_reverse_array.constprop.2
                0x0002ee6c       0x1c examples/dfu/CMakeFiles/dfu_no_serial_nrf52840_xxAA_s140_7.0.1.dir/__/__/mesh/prov/src/nrf_mesh_prov.c.obj
 .text.bitfield_next_get.part.0.constprop.5
                0x0002ee88       0x34 examples/dfu/CMakeFiles/dfu_no_serial_nrf52840_xxAA_s140_7.0.1.dir/__/__/mesh/prov/src/nrf_mesh_prov.c.obj
 .text.nrf_mesh_prov_init
                0x0002eebc       0x32 examples/dfu/CMakeFiles/dfu_no_serial_nrf52840_xxAA_s140_7.0.1.dir/__/__/mesh/prov/src/nrf_mesh_prov.c.obj
                0x0002eebc                nrf_mesh_prov_init
 *fill*         0x0002eeee        0x2 
 .text.nrf_mesh_prov_bearer_add
                0x0002eef0       0x28 examples/dfu/CMakeFiles/dfu_no_serial_nrf52840_xxAA_s140_7.0.1.dir/__/__/mesh/prov/src/nrf_mesh_prov.c.obj
                0x0002eef0                nrf_mesh_prov_bearer_add
 .text.nrf_mesh_prov_generate_keys
                0x0002ef18        0x4 examples/dfu/CMakeFiles/dfu_no_serial_nrf52840_xxAA_s140_7.0.1.dir/__/__/mesh/prov/src/nrf_mesh_prov.c.obj
                0x0002ef18                nrf_mesh_prov_generate_keys
 .text.nrf_mesh_prov_listen_stop
                0x0002ef1c       0x2e examples/dfu/CMakeFiles/dfu_no_serial_nrf52840_xxAA_s140_7.0.1.dir/__/__/mesh/prov/src/nrf_mesh_prov.c.obj
                0x0002ef1c                nrf_mesh_prov_listen_stop
 .text.nrf_mesh_prov_listen
                0x0002ef4a       0x8a examples/dfu/CMakeFiles/dfu_no_serial_nrf52840_xxAA_s140_7.0.1.dir/__/__/mesh/prov/src/nrf_mesh_prov.c.obj
                0x0002ef4a                nrf_mesh_prov_listen
 .text.nrf_mesh_prov_auth_data_provide
                0x0002efd4       0xf4 examples/dfu/CMakeFiles/dfu_no_serial_nrf52840_xxAA_s140_7.0.1.dir/__/__/mesh/prov/src/nrf_mesh_prov.c.obj
                0x0002efd4                nrf_mesh_prov_auth_data_provide
 .text.send_data
                0x0002f0c8       0x28 examples/dfu/CMakeFiles/dfu_no_serial_nrf52840_xxAA_s140_7.0.1.dir/__/__/mesh/prov/src/provisioning.c.obj
 .text.prov_packet_length_valid
                0x0002f0f0       0x1c examples/dfu/CMakeFiles/dfu_no_serial_nrf52840_xxAA_s140_7.0.1.dir/__/__/mesh/prov/src/provisioning.c.obj
                0x0002f0f0                prov_packet_length_valid
 .text.prov_tx_capabilities
                0x0002f10c       0x1e examples/dfu/CMakeFiles/dfu_no_serial_nrf52840_xxAA_s140_7.0.1.dir/__/__/mesh/prov/src/provisioning.c.obj
                0x0002f10c                prov_tx_capabilities
 .text.prov_tx_public_key
                0x0002f12a       0x26 examples/dfu/CMakeFiles/dfu_no_serial_nrf52840_xxAA_s140_7.0.1.dir/__/__/mesh/prov/src/provisioning.c.obj
                0x0002f12a                prov_tx_public_key
 .text.prov_tx_input_complete
                0x0002f150       0x16 examples/dfu/CMakeFiles/dfu_no_serial_nrf52840_xxAA_s140_7.0.1.dir/__/__/mesh/prov/src/provisioning.c.obj
                0x0002f150                prov_tx_input_complete
 .text.prov_tx_confirmation
                0x0002f166       0x26 examples/dfu/CMakeFiles/dfu_no_serial_nrf52840_xxAA_s140_7.0.1.dir/__/__/mesh/prov/src/provisioning.c.obj
                0x0002f166                prov_tx_confirmation
 .text.prov_tx_random
                0x0002f18c       0x26 examples/dfu/CMakeFiles/dfu_no_serial_nrf52840_xxAA_s140_7.0.1.dir/__/__/mesh/prov/src/provisioning.c.obj
                0x0002f18c                prov_tx_random
 .text.prov_tx_complete
                0x0002f1b2       0x16 examples/dfu/CMakeFiles/dfu_no_serial_nrf52840_xxAA_s140_7.0.1.dir/__/__/mesh/prov/src/provisioning.c.obj
                0x0002f1b2                prov_tx_complete
 .text.prov_tx_failed
                0x0002f1c8       0x1a examples/dfu/CMakeFiles/dfu_no_serial_nrf52840_xxAA_s140_7.0.1.dir/__/__/mesh/prov/src/provisioning.c.obj
                0x0002f1c8                prov_tx_failed
 .text.prov_beacon_unprov_build
                0x0002f1e2       0x54 examples/dfu/CMakeFiles/dfu_no_serial_nrf52840_xxAA_s140_7.0.1.dir/__/__/mesh/prov/src/prov_beacon.c.obj
                0x0002f1e2                prov_beacon_unprov_build
 *fill*         0x0002f236        0x2 
 .text.prov_beacon_unprov_packet_in
                0x0002f238       0x88 examples/dfu/CMakeFiles/dfu_no_serial_nrf52840_xxAA_s140_7.0.1.dir/__/__/mesh/prov/src/prov_beacon.c.obj
                0x0002f238                prov_beacon_unprov_packet_in
 .text.ecdh_setter
                0x0002f2c0       0x14 examples/dfu/CMakeFiles/dfu_no_serial_nrf52840_xxAA_s140_7.0.1.dir/__/__/mesh/prov/src/prov_utils.c.obj
 .text.ecdh_getter
                0x0002f2d4       0x10 examples/dfu/CMakeFiles/dfu_no_serial_nrf52840_xxAA_s140_7.0.1.dir/__/__/mesh/prov/src/prov_utils.c.obj
 .text.ecdh_deleter
                0x0002f2e4       0x10 examples/dfu/CMakeFiles/dfu_no_serial_nrf52840_xxAA_s140_7.0.1.dir/__/__/mesh/prov/src/prov_utils.c.obj
 .text.oob_gen_alphanumeric
                0x0002f2f4       0x34 examples/dfu/CMakeFiles/dfu_no_serial_nrf52840_xxAA_s140_7.0.1.dir/__/__/mesh/prov/src/prov_utils.c.obj
 .text.oob_gen_numeric
                0x0002f328       0x3c examples/dfu/CMakeFiles/dfu_no_serial_nrf52840_xxAA_s140_7.0.1.dir/__/__/mesh/prov/src/prov_utils.c.obj
 .text.prov_utils_authentication_values_derive
                0x0002f364       0xa0 examples/dfu/CMakeFiles/dfu_no_serial_nrf52840_xxAA_s140_7.0.1.dir/__/__/mesh/prov/src/prov_utils.c.obj
                0x0002f364                prov_utils_authentication_values_derive
 .text.prov_utils_keys_generate
                0x0002f404       0x1e examples/dfu/CMakeFiles/dfu_no_serial_nrf52840_xxAA_s140_7.0.1.dir/__/__/mesh/prov/src/prov_utils.c.obj
                0x0002f404                prov_utils_keys_generate
 *fill*         0x0002f422        0x2 
 .text.prov_utils_derive_keys
                0x0002f424       0xac examples/dfu/CMakeFiles/dfu_no_serial_nrf52840_xxAA_s140_7.0.1.dir/__/__/mesh/prov/src/prov_utils.c.obj
                0x0002f424                prov_utils_derive_keys
 .text.prov_utils_is_valid_public_key
                0x0002f4d0       0x18 examples/dfu/CMakeFiles/dfu_no_serial_nrf52840_xxAA_s140_7.0.1.dir/__/__/mesh/prov/src/prov_utils.c.obj
                0x0002f4d0                prov_utils_is_valid_public_key
 .text.prov_utils_calculate_shared_secret
                0x0002f4e8       0x34 examples/dfu/CMakeFiles/dfu_no_serial_nrf52840_xxAA_s140_7.0.1.dir/__/__/mesh/prov/src/prov_utils.c.obj
                0x0002f4e8                prov_utils_calculate_shared_secret
 .text.prov_utils_generate_oob_data
                0x0002f51c       0x98 examples/dfu/CMakeFiles/dfu_no_serial_nrf52840_xxAA_s140_7.0.1.dir/__/__/mesh/prov/src/prov_utils.c.obj
                0x0002f51c                prov_utils_generate_oob_data
 .text.prov_utils_confirmation_check
                0x0002f5b4       0x5c examples/dfu/CMakeFiles/dfu_no_serial_nrf52840_xxAA_s140_7.0.1.dir/__/__/mesh/prov/src/prov_utils.c.obj
                0x0002f5b4                prov_utils_confirmation_check
 .text.prov_utils_auth_data_is_alphanumeric
                0x0002f610       0x26 examples/dfu/CMakeFiles/dfu_no_serial_nrf52840_xxAA_s140_7.0.1.dir/__/__/mesh/prov/src/prov_utils.c.obj
                0x0002f610                prov_utils_auth_data_is_alphanumeric
 *fill*         0x0002f636        0x2 
 .text.prov_utils_auth_data_is_valid_number
                0x0002f638       0x34 examples/dfu/CMakeFiles/dfu_no_serial_nrf52840_xxAA_s140_7.0.1.dir/__/__/mesh/prov/src/prov_utils.c.obj
                0x0002f638                prov_utils_auth_data_is_valid_number
 .text.mesh_opt_prov_ecdh_offloading_get
                0x0002f66c       0x10 examples/dfu/CMakeFiles/dfu_no_serial_nrf52840_xxAA_s140_7.0.1.dir/__/__/mesh/prov/src/prov_utils.c.obj
                0x0002f66c                mesh_opt_prov_ecdh_offloading_get
 .text.prov_utils_use_ecdh_offloading
                0x0002f67c       0x1c examples/dfu/CMakeFiles/dfu_no_serial_nrf52840_xxAA_s140_7.0.1.dir/__/__/mesh/prov/src/prov_utils.c.obj
                0x0002f67c                prov_utils_use_ecdh_offloading
 .text.prov_utils_is_valid_pdu
                0x0002f698       0x30 examples/dfu/CMakeFiles/dfu_no_serial_nrf52840_xxAA_s140_7.0.1.dir/__/__/mesh/prov/src/prov_utils.c.obj
                0x0002f698                prov_utils_is_valid_pdu
 .text.link_timeout_cb
                0x0002f6c8       0x10 examples/dfu/CMakeFiles/dfu_no_serial_nrf52840_xxAA_s140_7.0.1.dir/__/__/mesh/prov/src/prov_bearer_adv.c.obj
 .text.remove_active_bearer
                0x0002f6d8       0x4c examples/dfu/CMakeFiles/dfu_no_serial_nrf52840_xxAA_s140_7.0.1.dir/__/__/mesh/prov/src/prov_bearer_adv.c.obj
 .text.send_packet
                0x0002f724       0x5c examples/dfu/CMakeFiles/dfu_no_serial_nrf52840_xxAA_s140_7.0.1.dir/__/__/mesh/prov/src/prov_bearer_adv.c.obj
 .text.send_link_close
                0x0002f780       0x28 examples/dfu/CMakeFiles/dfu_no_serial_nrf52840_xxAA_s140_7.0.1.dir/__/__/mesh/prov/src/prov_bearer_adv.c.obj
 .text.send_transaction_ack
                0x0002f7a8       0x24 examples/dfu/CMakeFiles/dfu_no_serial_nrf52840_xxAA_s140_7.0.1.dir/__/__/mesh/prov/src/prov_bearer_adv.c.obj
 .text.send_link_ack
                0x0002f7cc       0x24 examples/dfu/CMakeFiles/dfu_no_serial_nrf52840_xxAA_s140_7.0.1.dir/__/__/mesh/prov/src/prov_bearer_adv.c.obj
 .text.prov_buffer_tx
                0x0002f7f0      0x134 examples/dfu/CMakeFiles/dfu_no_serial_nrf52840_xxAA_s140_7.0.1.dir/__/__/mesh/prov/src/prov_bearer_adv.c.obj
 .text.prov_bearer_adv_listen_stop
                0x0002f924       0x30 examples/dfu/CMakeFiles/dfu_no_serial_nrf52840_xxAA_s140_7.0.1.dir/__/__/mesh/prov/src/prov_bearer_adv.c.obj
 .text.close_link
                0x0002f954       0x58 examples/dfu/CMakeFiles/dfu_no_serial_nrf52840_xxAA_s140_7.0.1.dir/__/__/mesh/prov/src/prov_bearer_adv.c.obj
 .text.prov_bearer_adv_link_close
                0x0002f9ac       0x54 examples/dfu/CMakeFiles/dfu_no_serial_nrf52840_xxAA_s140_7.0.1.dir/__/__/mesh/prov/src/prov_bearer_adv.c.obj
 .text.reset_timeout_timer
                0x0002fa00       0x1a examples/dfu/CMakeFiles/dfu_no_serial_nrf52840_xxAA_s140_7.0.1.dir/__/__/mesh/prov/src/prov_bearer_adv.c.obj
 *fill*         0x0002fa1a        0x2 
 .text.add_active_bearer
                0x0002fa1c       0x80 examples/dfu/CMakeFiles/dfu_no_serial_nrf52840_xxAA_s140_7.0.1.dir/__/__/mesh/prov/src/prov_bearer_adv.c.obj
 .text.tx_retry_cb
                0x0002fa9c       0xcc examples/dfu/CMakeFiles/dfu_no_serial_nrf52840_xxAA_s140_7.0.1.dir/__/__/mesh/prov/src/prov_bearer_adv.c.obj
 .text.tx_complete_cb
                0x0002fb68       0x1c examples/dfu/CMakeFiles/dfu_no_serial_nrf52840_xxAA_s140_7.0.1.dir/__/__/mesh/prov/src/prov_bearer_adv.c.obj
 .text.async_process
                0x0002fb84       0x50 examples/dfu/CMakeFiles/dfu_no_serial_nrf52840_xxAA_s140_7.0.1.dir/__/__/mesh/prov/src/prov_bearer_adv.c.obj
 .text.prov_bearer_adv_listen
                0x0002fbd4       0xdc examples/dfu/CMakeFiles/dfu_no_serial_nrf52840_xxAA_s140_7.0.1.dir/__/__/mesh/prov/src/prov_bearer_adv.c.obj
 .text.prov_bearer_adv_link_open
                0x0002fcb0       0xf8 examples/dfu/CMakeFiles/dfu_no_serial_nrf52840_xxAA_s140_7.0.1.dir/__/__/mesh/prov/src/prov_bearer_adv.c.obj
 .text.calculate_3GPP_CRC
                0x0002fda8       0x24 examples/dfu/CMakeFiles/dfu_no_serial_nrf52840_xxAA_s140_7.0.1.dir/__/__/mesh/prov/src/prov_bearer_adv.c.obj
                0x0002fda8                calculate_3GPP_CRC
 .text.prov_buffer_rx
                0x0002fdcc       0x7a examples/dfu/CMakeFiles/dfu_no_serial_nrf52840_xxAA_s140_7.0.1.dir/__/__/mesh/prov/src/prov_bearer_adv.c.obj
 *fill*         0x0002fe46        0x2 
 .text.packet_in
                0x0002fe48      0x82c examples/dfu/CMakeFiles/dfu_no_serial_nrf52840_xxAA_s140_7.0.1.dir/__/__/mesh/prov/src/prov_bearer_adv.c.obj
 .text.prov_bearer_adv_tx
                0x00030674       0xac examples/dfu/CMakeFiles/dfu_no_serial_nrf52840_xxAA_s140_7.0.1.dir/__/__/mesh/prov/src/prov_bearer_adv.c.obj
 .text.nrf_mesh_prov_bearer_adv_interface_get
                0x00030720       0x3c examples/dfu/CMakeFiles/dfu_no_serial_nrf52840_xxAA_s140_7.0.1.dir/__/__/mesh/prov/src/prov_bearer_adv.c.obj
                0x00030720                nrf_mesh_prov_bearer_adv_interface_get
 .text.tx_complete_cb
                0x0003075c        0x2 examples/dfu/CMakeFiles/dfu_no_serial_nrf52840_xxAA_s140_7.0.1.dir/__/__/mesh/dfu/src/nrf_mesh_dfu.c.obj
 *fill*         0x0003075e        0x2 
 .text.reset_transfer_state
                0x00030760       0x24 examples/dfu/CMakeFiles/dfu_no_serial_nrf52840_xxAA_s140_7.0.1.dir/__/__/mesh/dfu/src/nrf_mesh_dfu.c.obj
 .text.end_transfer
                0x00030784       0x48 examples/dfu/CMakeFiles/dfu_no_serial_nrf52840_xxAA_s140_7.0.1.dir/__/__/mesh/dfu/src/nrf_mesh_dfu.c.obj
 .text.dfu_evt_handler
                0x000307cc      0x808 examples/dfu/CMakeFiles/dfu_no_serial_nrf52840_xxAA_s140_7.0.1.dir/__/__/mesh/dfu/src/nrf_mesh_dfu.c.obj
 .text.next_tx_timeout
                0x00030fd4       0x58 examples/dfu/CMakeFiles/dfu_no_serial_nrf52840_xxAA_s140_7.0.1.dir/__/__/mesh/dfu/src/nrf_mesh_dfu.c.obj
 .text.tx_timeout
                0x0003102c      0x114 examples/dfu/CMakeFiles/dfu_no_serial_nrf52840_xxAA_s140_7.0.1.dir/__/__/mesh/dfu/src/nrf_mesh_dfu.c.obj
 .text.nrf_mesh_dfu_cmd_send
                0x00031140       0x90 examples/dfu/CMakeFiles/dfu_no_serial_nrf52840_xxAA_s140_7.0.1.dir/__/__/mesh/dfu/src/nrf_mesh_dfu.c.obj
                0x00031140                nrf_mesh_dfu_cmd_send
 .text.nrf_mesh_dfu_init
                0x000311d0      0x154 examples/dfu/CMakeFiles/dfu_no_serial_nrf52840_xxAA_s140_7.0.1.dir/__/__/mesh/dfu/src/nrf_mesh_dfu.c.obj
                0x000311d0                nrf_mesh_dfu_init
 .text.flash_op_complete
                0x00031324      0x14c examples/dfu/CMakeFiles/dfu_no_serial_nrf52840_xxAA_s140_7.0.1.dir/__/__/mesh/dfu/src/nrf_mesh_dfu.c.obj
 .text.abort_timeout
                0x00031470       0x80 examples/dfu/CMakeFiles/dfu_no_serial_nrf52840_xxAA_s140_7.0.1.dir/__/__/mesh/dfu/src/nrf_mesh_dfu.c.obj
 .text.timer_timeout
                0x000314f0       0x7c examples/dfu/CMakeFiles/dfu_no_serial_nrf52840_xxAA_s140_7.0.1.dir/__/__/mesh/dfu/src/nrf_mesh_dfu.c.obj
 .text.nrf_mesh_dfu_enable
                0x0003156c       0x1e examples/dfu/CMakeFiles/dfu_no_serial_nrf52840_xxAA_s140_7.0.1.dir/__/__/mesh/dfu/src/nrf_mesh_dfu.c.obj
                0x0003156c                nrf_mesh_dfu_enable
 *fill*         0x0003158a        0x2 
 .text.nrf_mesh_dfu_rx
                0x0003158c       0xc0 examples/dfu/CMakeFiles/dfu_no_serial_nrf52840_xxAA_s140_7.0.1.dir/__/__/mesh/dfu/src/nrf_mesh_dfu.c.obj
                0x0003158c                nrf_mesh_dfu_rx
 .text.ad_data_in
                0x0003164c       0x1e examples/dfu/CMakeFiles/dfu_no_serial_nrf52840_xxAA_s140_7.0.1.dir/__/__/mesh/dfu/src/nrf_mesh_dfu.c.obj
 *fill*         0x0003166a        0x2 
 .text.nrf_mesh_dfu_request
                0x0003166c       0x98 examples/dfu/CMakeFiles/dfu_no_serial_nrf52840_xxAA_s140_7.0.1.dir/__/__/mesh/dfu/src/nrf_mesh_dfu.c.obj
                0x0003166c                nrf_mesh_dfu_request
 .text.nrf_mesh_dfu_relay
                0x00031704       0x68 examples/dfu/CMakeFiles/dfu_no_serial_nrf52840_xxAA_s140_7.0.1.dir/__/__/mesh/dfu/src/nrf_mesh_dfu.c.obj
                0x00031704                nrf_mesh_dfu_relay
 .text.nrf_mesh_dfu_bank_flash
                0x0003176c       0x28 examples/dfu/CMakeFiles/dfu_no_serial_nrf52840_xxAA_s140_7.0.1.dir/__/__/mesh/dfu/src/nrf_mesh_dfu.c.obj
                0x0003176c                nrf_mesh_dfu_bank_flash
 .text._weak_handler
                0x00031794        0x4 examples/dfu/CMakeFiles/dfu_no_serial_nrf52840_xxAA_s140_7.0.1.dir/__/nrf_mesh_weak.c.obj
                0x00031794                prov_provisioner_provision
                0x00031794                prov_provisioner_oob_pubkey
                0x00031794                _weak_handler
                0x00031794                mesh_flash_op_execute
                0x00031794                prov_provisionee_init
                0x00031794                prov_provisioner_shared_secret
                0x00031794                prov_provisioner_auth_data
                0x00031794                prov_bearer_adv_packet_in
                0x00031794                prov_provisioner_oob_use
 .text.app_error_fault_handler
                0x00031798      0x200 examples/dfu/CMakeFiles/dfu_no_serial_nrf52840_xxAA_s140_7.0.1.dir/__/common/src/app_error_weak.c.obj
                0x00031798                app_error_fault_handler
 .text.mesh_assertion_handler
                0x00031998       0x24 examples/dfu/CMakeFiles/dfu_no_serial_nrf52840_xxAA_s140_7.0.1.dir/__/common/src/assertion_handler_weak.c.obj
                0x00031998                mesh_assertion_handler
 .text.mesh_evt_handler
                0x000319bc       0x1c examples/dfu/CMakeFiles/dfu_no_serial_nrf52840_xxAA_s140_7.0.1.dir/__/__/mesh/stack/src/mesh_stack.c.obj
 .text.mesh_stack_start
                0x000319d8        0x4 examples/dfu/CMakeFiles/dfu_no_serial_nrf52840_xxAA_s140_7.0.1.dir/__/__/mesh/stack/src/mesh_stack.c.obj
                0x000319d8                mesh_stack_start
 .text.mesh_stack_provisioning_data_store
                0x000319dc       0xe0 examples/dfu/CMakeFiles/dfu_no_serial_nrf52840_xxAA_s140_7.0.1.dir/__/__/mesh/stack/src/mesh_stack.c.obj
                0x000319dc                mesh_stack_provisioning_data_store
 .text.mesh_stack_config_clear
                0x00031abc       0x16 examples/dfu/CMakeFiles/dfu_no_serial_nrf52840_xxAA_s140_7.0.1.dir/__/__/mesh/stack/src/mesh_stack.c.obj
                0x00031abc                mesh_stack_config_clear
 *fill*         0x00031ad2        0x2 
 .text.mesh_stack_init
                0x00031ad4       0x74 examples/dfu/CMakeFiles/dfu_no_serial_nrf52840_xxAA_s140_7.0.1.dir/__/__/mesh/stack/src/mesh_stack.c.obj
                0x00031ad4                mesh_stack_init
 .text.mesh_stack_device_reset
                0x00031b48       0x20 examples/dfu/CMakeFiles/dfu_no_serial_nrf52840_xxAA_s140_7.0.1.dir/__/__/mesh/stack/src/mesh_stack.c.obj
                0x00031b48                mesh_stack_device_reset
 .text.mesh_stack_persistence_flash_usage
                0x00031b68       0x32 examples/dfu/CMakeFiles/dfu_no_serial_nrf52840_xxAA_s140_7.0.1.dir/__/__/mesh/stack/src/mesh_stack.c.obj
                0x00031b68                mesh_stack_persistence_flash_usage
 *fill*         0x00031b9a        0x2 
 .text.nrf_mesh_configure_device_uuid_set
                0x00031b9c       0x10 examples/dfu/CMakeFiles/dfu_no_serial_nrf52840_xxAA_s140_7.0.1.dir/__/__/mesh/core/src/nrf_mesh_configure.c.obj
                0x00031b9c                nrf_mesh_configure_device_uuid_set
 .text.nrf_mesh_configure_device_uuid_reset
                0x00031bac       0x3c examples/dfu/CMakeFiles/dfu_no_serial_nrf52840_xxAA_s140_7.0.1.dir/__/__/mesh/core/src/nrf_mesh_configure.c.obj
                0x00031bac                nrf_mesh_configure_device_uuid_reset
 .text.nrf_mesh_configure_device_uuid_get
                0x00031be8        0x8 examples/dfu/CMakeFiles/dfu_no_serial_nrf52840_xxAA_s140_7.0.1.dir/__/__/mesh/core/src/nrf_mesh_configure.c.obj
                0x00031be8                nrf_mesh_configure_device_uuid_get
 .text.msg_cache_init
                0x00031bf0       0x24 examples/dfu/CMakeFiles/dfu_no_serial_nrf52840_xxAA_s140_7.0.1.dir/__/__/mesh/core/src/msg_cache.c.obj
                0x00031bf0                msg_cache_init
 .text.msg_cache_entry_exists
                0x00031c14       0x3c examples/dfu/CMakeFiles/dfu_no_serial_nrf52840_xxAA_s140_7.0.1.dir/__/__/mesh/core/src/msg_cache.c.obj
                0x00031c14                msg_cache_entry_exists
 .text.msg_cache_entry_add
                0x00031c50       0x2c examples/dfu/CMakeFiles/dfu_no_serial_nrf52840_xxAA_s140_7.0.1.dir/__/__/mesh/core/src/msg_cache.c.obj
                0x00031c50                msg_cache_entry_add
 .text.transport_sar_first_seq_num_get
                0x00031c7c       0x12 examples/dfu/CMakeFiles/dfu_no_serial_nrf52840_xxAA_s140_7.0.1.dir/__/__/mesh/core/src/transport.c.obj
 *fill*         0x00031c8e        0x2 
 .text.control_packet_callback_get
                0x00031c90       0x40 examples/dfu/CMakeFiles/dfu_no_serial_nrf52840_xxAA_s140_7.0.1.dir/__/__/mesh/core/src/transport.c.obj
 .text.tx_complete
                0x00031cd0       0x2c examples/dfu/CMakeFiles/dfu_no_serial_nrf52840_xxAA_s140_7.0.1.dir/__/__/mesh/core/src/transport.c.obj
 .text.block_ack_full
                0x00031cfc       0x1a examples/dfu/CMakeFiles/dfu_no_serial_nrf52840_xxAA_s140_7.0.1.dir/__/__/mesh/core/src/transport.c.obj
 .text.upper_trs_packet_encrypt
                0x00031d16       0x86 examples/dfu/CMakeFiles/dfu_no_serial_nrf52840_xxAA_s140_7.0.1.dir/__/__/mesh/core/src/transport.c.obj
 .text.sar_ctx_alloc
                0x00031d9c       0xbc examples/dfu/CMakeFiles/dfu_no_serial_nrf52840_xxAA_s140_7.0.1.dir/__/__/mesh/core/src/transport.c.obj
 .text.sar_ctx_free
                0x00031e58       0x3a examples/dfu/CMakeFiles/dfu_no_serial_nrf52840_xxAA_s140_7.0.1.dir/__/__/mesh/core/src/transport.c.obj
 .text.sar_ctx_tx_complete
                0x00031e92       0x2e examples/dfu/CMakeFiles/dfu_no_serial_nrf52840_xxAA_s140_7.0.1.dir/__/__/mesh/core/src/transport.c.obj
 .text.transport_metadata_validate.part.21
                0x00031ec0       0x46 examples/dfu/CMakeFiles/dfu_no_serial_nrf52840_xxAA_s140_7.0.1.dir/__/__/mesh/core/src/transport.c.obj
 *fill*         0x00031f06        0x2 
 .text.test_transport_decrypt
                0x00031f08       0x88 examples/dfu/CMakeFiles/dfu_no_serial_nrf52840_xxAA_s140_7.0.1.dir/__/__/mesh/core/src/transport.c.obj
 .text.replay_list_add
                0x00031f90       0x50 examples/dfu/CMakeFiles/dfu_no_serial_nrf52840_xxAA_s140_7.0.1.dir/__/__/mesh/core/src/transport.c.obj
 .text.upper_transport_access_packet_in
                0x00031fe0      0x1a0 examples/dfu/CMakeFiles/dfu_no_serial_nrf52840_xxAA_s140_7.0.1.dir/__/__/mesh/core/src/transport.c.obj
 .text.trs_packet_header_build
                0x00032180       0xa4 examples/dfu/CMakeFiles/dfu_no_serial_nrf52840_xxAA_s140_7.0.1.dir/__/__/mesh/core/src/transport.c.obj
 .text.tx_retry_timer_reset
                0x00032224       0x3c examples/dfu/CMakeFiles/dfu_no_serial_nrf52840_xxAA_s140_7.0.1.dir/__/__/mesh/core/src/transport.c.obj
 .text.sar_ctx_cancel
                0x00032260       0xe4 examples/dfu/CMakeFiles/dfu_no_serial_nrf52840_xxAA_s140_7.0.1.dir/__/__/mesh/core/src/transport.c.obj
 .text.abort_timeout
                0x00032344        0x8 examples/dfu/CMakeFiles/dfu_no_serial_nrf52840_xxAA_s140_7.0.1.dir/__/__/mesh/core/src/transport.c.obj
 .text.retry_timeout
                0x0003234c       0x4c examples/dfu/CMakeFiles/dfu_no_serial_nrf52840_xxAA_s140_7.0.1.dir/__/__/mesh/core/src/transport.c.obj
 .text.trs_sar_packet_out
                0x00032398       0xf4 examples/dfu/CMakeFiles/dfu_no_serial_nrf52840_xxAA_s140_7.0.1.dir/__/__/mesh/core/src/transport.c.obj
 .text.transport_control_packet_in
                0x0003248c      0x1dc examples/dfu/CMakeFiles/dfu_no_serial_nrf52840_xxAA_s140_7.0.1.dir/__/__/mesh/core/src/transport.c.obj
 .text.segmented_packet_tx
                0x00032668      0x140 examples/dfu/CMakeFiles/dfu_no_serial_nrf52840_xxAA_s140_7.0.1.dir/__/__/mesh/core/src/transport.c.obj
 .text.upper_transport_tx
                0x000327a8       0xa4 examples/dfu/CMakeFiles/dfu_no_serial_nrf52840_xxAA_s140_7.0.1.dir/__/__/mesh/core/src/transport.c.obj
 .text.transport_init
                0x0003284c       0x84 examples/dfu/CMakeFiles/dfu_no_serial_nrf52840_xxAA_s140_7.0.1.dir/__/__/mesh/core/src/transport.c.obj
                0x0003284c                transport_init
 .text.transport_enable
                0x000328d0        0x4 examples/dfu/CMakeFiles/dfu_no_serial_nrf52840_xxAA_s140_7.0.1.dir/__/__/mesh/core/src/transport.c.obj
                0x000328d0                transport_enable
 .text.transport_tx
                0x000328d4       0xd4 examples/dfu/CMakeFiles/dfu_no_serial_nrf52840_xxAA_s140_7.0.1.dir/__/__/mesh/core/src/transport.c.obj
                0x000328d4                transport_tx
 .text.transport_control_tx
                0x000329a8       0xec examples/dfu/CMakeFiles/dfu_no_serial_nrf52840_xxAA_s140_7.0.1.dir/__/__/mesh/core/src/transport.c.obj
                0x000329a8                transport_control_tx
 .text.sar_ack_send
                0x00032a94      0x108 examples/dfu/CMakeFiles/dfu_no_serial_nrf52840_xxAA_s140_7.0.1.dir/__/__/mesh/core/src/transport.c.obj
 .text.ack_timeout
                0x00032b9c       0x30 examples/dfu/CMakeFiles/dfu_no_serial_nrf52840_xxAA_s140_7.0.1.dir/__/__/mesh/core/src/transport.c.obj
 .text.transport_packet_in
                0x00032bcc      0x4c8 examples/dfu/CMakeFiles/dfu_no_serial_nrf52840_xxAA_s140_7.0.1.dir/__/__/mesh/core/src/transport.c.obj
                0x00032bcc                transport_packet_in
 .text.transport_sar_process
                0x00033094       0x70 examples/dfu/CMakeFiles/dfu_no_serial_nrf52840_xxAA_s140_7.0.1.dir/__/__/mesh/core/src/transport.c.obj
 .text.transport_control_packet_consumer_add
                0x00033104       0x5c examples/dfu/CMakeFiles/dfu_no_serial_nrf52840_xxAA_s140_7.0.1.dir/__/__/mesh/core/src/transport.c.obj
                0x00033104                transport_control_packet_consumer_add
 .text.event_handle
                0x00033160       0x54 examples/dfu/CMakeFiles/dfu_no_serial_nrf52840_xxAA_s140_7.0.1.dir/__/__/mesh/core/src/event.c.obj
                0x00033160                event_handle
 .text.event_handler_add
                0x000331b4       0x20 examples/dfu/CMakeFiles/dfu_no_serial_nrf52840_xxAA_s140_7.0.1.dir/__/__/mesh/core/src/event.c.obj
                0x000331b4                event_handler_add
 .text.m_index_increment
                0x000331d4       0x1e examples/dfu/CMakeFiles/dfu_no_serial_nrf52840_xxAA_s140_7.0.1.dir/__/__/mesh/core/src/packet_buffer.c.obj
 .text.m_get_next_packet
                0x000331f2       0x1c examples/dfu/CMakeFiles/dfu_no_serial_nrf52840_xxAA_s140_7.0.1.dir/__/__/mesh/core/src/packet_buffer.c.obj
 .text.packet_buffer_init
                0x0003320e       0xac examples/dfu/CMakeFiles/dfu_no_serial_nrf52840_xxAA_s140_7.0.1.dir/__/__/mesh/core/src/packet_buffer.c.obj
                0x0003320e                packet_buffer_init
 .text.packet_buffer_flush
                0x000332ba       0x50 examples/dfu/CMakeFiles/dfu_no_serial_nrf52840_xxAA_s140_7.0.1.dir/__/__/mesh/core/src/packet_buffer.c.obj
                0x000332ba                packet_buffer_flush
 .text.packet_buffer_reserve
                0x0003330a       0xa2 examples/dfu/CMakeFiles/dfu_no_serial_nrf52840_xxAA_s140_7.0.1.dir/__/__/mesh/core/src/packet_buffer.c.obj
                0x0003330a                packet_buffer_reserve
 .text.packet_buffer_commit
                0x000333ac       0x62 examples/dfu/CMakeFiles/dfu_no_serial_nrf52840_xxAA_s140_7.0.1.dir/__/__/mesh/core/src/packet_buffer.c.obj
                0x000333ac                packet_buffer_commit
 .text.packet_buffer_pop
                0x0003340e       0x5a examples/dfu/CMakeFiles/dfu_no_serial_nrf52840_xxAA_s140_7.0.1.dir/__/__/mesh/core/src/packet_buffer.c.obj
                0x0003340e                packet_buffer_pop
 .text.packet_buffer_can_pop
                0x00033468       0x34 examples/dfu/CMakeFiles/dfu_no_serial_nrf52840_xxAA_s140_7.0.1.dir/__/__/mesh/core/src/packet_buffer.c.obj
                0x00033468                packet_buffer_can_pop
 .text.packet_buffer_packets_ready_to_pop
                0x0003349c       0x36 examples/dfu/CMakeFiles/dfu_no_serial_nrf52840_xxAA_s140_7.0.1.dir/__/__/mesh/core/src/packet_buffer.c.obj
                0x0003349c                packet_buffer_packets_ready_to_pop
 .text.packet_buffer_free
                0x000334d2       0x74 examples/dfu/CMakeFiles/dfu_no_serial_nrf52840_xxAA_s140_7.0.1.dir/__/__/mesh/core/src/packet_buffer.c.obj
                0x000334d2                packet_buffer_free
 .text.packet_buffer_is_empty
                0x00033546       0x28 examples/dfu/CMakeFiles/dfu_no_serial_nrf52840_xxAA_s140_7.0.1.dir/__/__/mesh/core/src/packet_buffer.c.obj
                0x00033546                packet_buffer_is_empty
 .text.get_last_page
                0x0003356e       0x14 examples/dfu/CMakeFiles/dfu_no_serial_nrf52840_xxAA_s140_7.0.1.dir/__/__/mesh/core/src/flash_manager_defrag.c.obj
 *fill*         0x00033582        0x2 
 .text.defrag_on_end
                0x00033584       0x1c examples/dfu/CMakeFiles/dfu_no_serial_nrf52840_xxAA_s140_7.0.1.dir/__/__/mesh/core/src/flash_manager_defrag.c.obj
 .text.execute_procedure_step
                0x000335a0       0x70 examples/dfu/CMakeFiles/dfu_no_serial_nrf52840_xxAA_s140_7.0.1.dir/__/__/mesh/core/src/flash_manager_defrag.c.obj
 .text.get_next_entry
                0x00033610       0x34 examples/dfu/CMakeFiles/dfu_no_serial_nrf52840_xxAA_s140_7.0.1.dir/__/__/mesh/core/src/flash_manager_defrag.c.obj
 .text.get_next_data_entry
                0x00033644       0x26 examples/dfu/CMakeFiles/dfu_no_serial_nrf52840_xxAA_s140_7.0.1.dir/__/__/mesh/core/src/flash_manager_defrag.c.obj
 *fill*         0x0003366a        0x2 
 .text.on_flash_op_end
                0x0003366c       0x30 examples/dfu/CMakeFiles/dfu_no_serial_nrf52840_xxAA_s140_7.0.1.dir/__/__/mesh/core/src/flash_manager_defrag.c.obj
 .text.check_for_invalid_entries
                0x0003369c       0x38 examples/dfu/CMakeFiles/dfu_no_serial_nrf52840_xxAA_s140_7.0.1.dir/__/__/mesh/core/src/flash_manager_defrag.c.obj
 .text.erase_recovery_area
                0x000336d4       0x34 examples/dfu/CMakeFiles/dfu_no_serial_nrf52840_xxAA_s140_7.0.1.dir/__/__/mesh/core/src/flash_manager_defrag.c.obj
 .text.flash.constprop.6
                0x00033708       0x24 examples/dfu/CMakeFiles/dfu_no_serial_nrf52840_xxAA_s140_7.0.1.dir/__/__/mesh/core/src/flash_manager_defrag.c.obj
 .text.invalidate_duplicate_entries
                0x0003372c       0xa8 examples/dfu/CMakeFiles/dfu_no_serial_nrf52840_xxAA_s140_7.0.1.dir/__/__/mesh/core/src/flash_manager_defrag.c.obj
 .text.seal_storage_page
                0x000337d4       0x50 examples/dfu/CMakeFiles/dfu_no_serial_nrf52840_xxAA_s140_7.0.1.dir/__/__/mesh/core/src/flash_manager_defrag.c.obj
 .text.copy_metadata
                0x00033824       0x3c examples/dfu/CMakeFiles/dfu_no_serial_nrf52840_xxAA_s140_7.0.1.dir/__/__/mesh/core/src/flash_manager_defrag.c.obj
 .text.write_defrag_start_pointer