Component: ARM Compiler 5.06 update 1 (build 61) Tool: armlink [4d35a8]

==============================================================================

Section Cross References

    main.o(.text) refers to log.o(.text) for log_printf
    main.o(.text) refers to pb_remote_server.o(.text) for pb_remote_server_init
    main.o(.text) refers to app_error_handler_keil.o(.emb_text) for app_error_handler
    main.o(.text) refers to simple_hal.o(.text) for hal_led_mask_set
    main.o(.text) refers to device_state_manager.o(.text) for dsm_local_unicast_addresses_get
    main.o(.text) refers to access.o(.text) for access_model_application_bind
    main.o(.text) refers to prov_bearer_adv.o(.text) for nrf_mesh_prov_bearer_adv_interface_get
    main.o(.text) refers to nrf_mesh_configure.o(.text) for nrf_mesh_configure_device_uuid_get
    main.o(.text) refers to mesh_app_utils.o(.text) for mesh_app_uuid_print
    main.o(.text) refers to mesh_stack.o(.text) for mesh_stack_start
    main.o(.text) refers to rt_memcpy_w.o(.text) for __aeabi_memcpy4
    main.o(.text) refers to mesh_provisionee.o(.text) for mesh_provisionee_prov_start
    main.o(.text) refers to app_timer_mesh.o(.text) for app_timer_init
    main.o(.text) refers to ble_softdevice_support.o(.text) for ble_stack_init
    main.o(.text) refers to log.o(.data) for g_log_dbg_msk
    main.o(.text) refers to main.o(.bss) for .bss
    main.o(.text) refers to main.o(.data) for .data
    main.o(.text) refers to main.o(.constdata) for .constdata
    main.o(.text) refers to main.o(.conststring) for .conststring
    main.o(.constdata) refers to main.o(.text) for models_init_cb
    main.o(.constdata) refers to main.o(.conststring) for .conststring
    main.o(.constdata) refers to main.o(.constdata) for static_auth_data
    mesh_stack.o(.text) refers to device_state_manager.o(.text) for nrf_mesh_is_device_provisioned
    mesh_stack.o(.text) refers to mesh_opt.o(.text) for mesh_opt_clear
    mesh_stack.o(.text) refers to access.o(.text) for access_clear
    mesh_stack.o(.text) refers to net_state.o(.text) for net_state_reset
    mesh_stack.o(.text) refers to nrf_mesh.o(.text) for nrf_mesh_init
    mesh_stack.o(.text) refers to config_server.o(.text) for config_server_init
    mesh_stack.o(.text) refers to health_server.o(.text) for health_server_init
    mesh_stack.o(.text) refers to mesh_config.o(.text) for mesh_config_load
    mesh_stack.o(.text) refers to assertion_handler_weak.o(.text) for mesh_assertion_handler
    mesh_stack.o(.text) refers to log.o(.text) for log_printf
    mesh_stack.o(.text) refers to flash_manager.o(.text) for flash_manager_is_stable
    mesh_stack.o(.text) refers to hal.o(.text) for hal_device_reset
    mesh_stack.o(.text) refers to mesh_config_flashman_glue.o(.text) for mesh_config_backend_flash_usage_get
    mesh_stack.o(.text) refers to mesh_stack.o(.bss) for .bss
    mesh_stack.o(.text) refers to log.o(.data) for g_log_dbg_msk
    mesh_stack.o(.text) refers to mesh_stack.o(.data) for .data
    mesh_stack.o(.data) refers to mesh_stack.o(.text) for mesh_evt_handler
    mesh_provisionee.o(.text) refers to nrf_mesh_prov.o(.text) for nrf_mesh_prov_generate_keys
    mesh_provisionee.o(.text) refers to app_error.o(.text) for app_error_handler_bare
    mesh_provisionee.o(.text) refers to mesh_stack.o(.text) for mesh_stack_provisioning_data_store
    mesh_provisionee.o(.text) refers to rt_memcpy_w.o(.text) for __aeabi_memcpy4
    mesh_provisionee.o(.text) refers to prov_bearer_adv.o(.text) for nrf_mesh_prov_bearer_adv_interface_get
    mesh_provisionee.o(.text) refers to mesh_provisionee.o(.bss) for .bss
    mesh_provisionee.o(.text) refers to mesh_provisionee.o(.data) for .data
    mesh_provisionee.o(.text) refers to mesh_provisionee.o(.constdata) for .constdata
    simple_hal.o(.text) refers to app_error.o(.text) for app_error_handler_bare
    simple_hal.o(.text) refers to app_timer_mesh.o(.text) for app_timer_stop
    simple_hal.o(.text) refers to lludivv7m.o(.text) for __aeabi_uldivmod
    simple_hal.o(.text) refers to simple_hal.o(.data) for .data
    simple_hal.o(.text) refers to simple_hal.o(.constdata) for .constdata
    simple_hal.o(.constdata) refers to simple_hal.o(.bss) for m_blink_timer_data
    mesh_app_utils.o(.text) refers to log.o(.text) for log_printf
    mesh_app_utils.o(.text) refers to log.o(.data) for g_log_dbg_msk
    mesh_app_utils.o(.text) refers to log.o(.data) for g_log_hex_digits
    mesh_adv.o(.text) refers to rt_memclr_w.o(.text) for __aeabi_memclr4
    mesh_adv.o(.text) refers to ble_advdata.o(.text) for ble_advdata_encode
    mesh_adv.o(.text) refers to app_error.o(.text) for app_error_handler_bare
    mesh_adv.o(.text) refers to timeslot.o(.text) for timeslot_restart
    mesh_adv.o(.text) refers to mesh_adv.o(.bss) for .bss
    mesh_adv.o(.text) refers to mesh_adv.o(.data) for .data
    mesh_adv.o(.text) refers to mesh_adv.o(.constdata) for .constdata
[...]
    scanner_radio_stop                       0x0002683f   Thumb Code     8  scanner.o(.text)
    scanner_radio_irq_handler                0x00026847   Thumb Code    32  scanner.o(.text)
    scanner_timer_irq_handler                0x00026867   Thumb Code    42  scanner.o(.text)
    scanner_config_scan_time_set             0x000268e7   Thumb Code    66  scanner.o(.text)
    scanner_config_radio_mode_set            0x00026929   Thumb Code    12  scanner.o(.text)
    scanner_config_access_addresses_set      0x00026935   Thumb Code    48  scanner.o(.text)
    scanner_config_channels_set              0x00026965   Thumb Code   100  scanner.o(.text)
    scanner_config_reset                     0x000269c9   Thumb Code    44  scanner.o(.text)
    scanner_init                             0x000269f5   Thumb Code   128  scanner.o(.text)
    scanner_rx_callback_set                  0x00026a75   Thumb Code    26  scanner.o(.text)
    scanner_enable                           0x00026a8f   Thumb Code    38  scanner.o(.text)
    scanner_disable                          0x00026ab5   Thumb Code    50  scanner.o(.text)
    scanner_is_enabled                       0x00026ae7   Thumb Code    16  scanner.o(.text)
    scanner_packet_release                   0x00026af7   Thumb Code    40  scanner.o(.text)
    scanner_rx                               0x00026b1f   Thumb Code    48  scanner.o(.text)
    scanner_stats_get                        0x00026b4f   Thumb Code     6  scanner.o(.text)
    scanner_rx_pending                       0x00026b55   Thumb Code     8  scanner.o(.text)
    mesh_pa_lna_gpiote_enable                0x00026c51   Thumb Code   104  mesh_pa_lna.o(.text)
    mesh_pa_lna_cleanup                      0x00026cb9   Thumb Code    60  mesh_pa_lna.o(.text)
    mesh_pa_lna_gpiote_disable               0x00026cf5   Thumb Code    34  mesh_pa_lna.o(.text)
    mesh_pa_lna_gpiote_params_get            0x00026d17   Thumb Code    12  mesh_pa_lna.o(.text)
    mesh_pa_setup_start                      0x00026d23   Thumb Code    52  mesh_pa_lna.o(.text)
    mesh_lna_setup_start                     0x00026d57   Thumb Code    54  mesh_pa_lna.o(.text)
    mesh_pa_lna_disable_start                0x00026d8d   Thumb Code    22  mesh_pa_lna.o(.text)
    mesh_pa_lna_setup_stop                   0x00026da3   Thumb Code    54  mesh_pa_lna.o(.text)
    prov_provisionee_listen                  0x000272d5   Thumb Code    46  prov_provisionee.o(.text)
    prov_provisionee_auth_data               0x00027303   Thumb Code    82  prov_provisionee.o(.text)
    prov_provisionee_shared_secret           0x00027355   Thumb Code   212  prov_provisionee.o(.text)
    nrf_mesh_prov_init                       0x000275b7   Thumb Code    62  nrf_mesh_prov.o(.text)
    nrf_mesh_prov_bearer_add                 0x00027605   Thumb Code    36  nrf_mesh_prov.o(.text)
    nrf_mesh_prov_generate_keys              0x00027629   Thumb Code     4  nrf_mesh_prov.o(.text)
    nrf_mesh_prov_listen_stop                0x0002762d   Thumb Code    48  nrf_mesh_prov.o(.text)
    nrf_mesh_prov_listen                     0x0002765d   Thumb Code   158  nrf_mesh_prov.o(.text)
    nrf_mesh_prov_provision                  0x000276fb   Thumb Code    80  nrf_mesh_prov.o(.text)
    nrf_mesh_prov_oob_use                    0x0002774b   Thumb Code    20  nrf_mesh_prov.o(.text)
    nrf_mesh_prov_auth_data_provide          0x0002775f   Thumb Code   256  nrf_mesh_prov.o(.text)
    nrf_mesh_prov_shared_secret_provide      0x0002785f   Thumb Code    14  nrf_mesh_prov.o(.text)
    nrf_mesh_prov_pubkey_provide             0x0002786d   Thumb Code    16  nrf_mesh_prov.o(.text)
    nrf_mesh_prov_scan_start                 0x0002787d   Thumb Code    16  nrf_mesh_prov.o(.text)
    nrf_mesh_prov_scan_stop                  0x0002788d   Thumb Code     4  nrf_mesh_prov.o(.text)
    prov_packet_length_valid                 0x000278f5   Thumb Code    24  provisioning.o(.text)
    prov_tx_invite                           0x0002790d   Thumb Code    24  provisioning.o(.text)
    prov_tx_capabilities                     0x00027925   Thumb Code    28  provisioning.o(.text)
    prov_tx_start                            0x00027941   Thumb Code    14  provisioning.o(.text)
    prov_tx_public_key                       0x0002794f   Thumb Code    36  provisioning.o(.text)
    prov_tx_input_complete                   0x00027973   Thumb Code    18  provisioning.o(.text)
    prov_tx_confirmation                     0x00027985   Thumb Code    36  provisioning.o(.text)
    prov_tx_random                           0x000279a9   Thumb Code    34  provisioning.o(.text)
    prov_tx_complete                         0x000279cb   Thumb Code    18  provisioning.o(.text)
    prov_tx_failed                           0x000279dd   Thumb Code    22  provisioning.o(.text)
    prov_tx_data                             0x000279f3   Thumb Code     4  provisioning.o(.text)
    prov_tx                                  0x000279f7   Thumb Code     2  provisioning.o(.text)
    prov_beacon_unprov_build                 0x000279fd   Thumb Code    80  prov_beacon.o(.text)
    prov_beacon_unprov_packet_in             0x00027a4d   Thumb Code   112  prov_beacon.o(.text)
    prov_beacon_scan_start                   0x00027abd   Thumb Code    18  prov_beacon.o(.text)
    prov_beacon_scan_stop                    0x00027acf   Thumb Code     8  prov_beacon.o(.text)
    mesh_opt_prov_ecdh_offloading_set        0x00027af7   Thumb Code    14  prov_utils.o(.text)
    prov_utils_opt_set                       0x00027b05   Thumb Code    16  prov_utils.o(.text)
    mesh_opt_prov_ecdh_offloading_get        0x00027b15   Thumb Code    10  prov_utils.o(.text)
    prov_utils_opt_get                       0x00027b1f   Thumb Code    16  prov_utils.o(.text)
    prov_utils_use_ecdh_offloading           0x00027b2f   Thumb Code    22  prov_utils.o(.text)
    prov_utils_authentication_values_derive  0x00027b45   Thumb Code    84  prov_utils.o(.text)
    prov_utils_keys_generate                 0x00027b99   Thumb Code    32  prov_utils.o(.text)
    prov_utils_derive_keys                   0x00027bb9   Thumb Code   160  prov_utils.o(.text)
    prov_utils_is_valid_public_key           0x00027c59   Thumb Code    24  prov_utils.o(.text)
    prov_utils_calculate_shared_secret       0x00027c71   Thumb Code    48  prov_utils.o(.text)
    prov_utils_generate_oob_data             0x00027ca1   Thumb Code   124  prov_utils.o(.text)
    prov_utils_confirmation_check            0x00027d1d   Thumb Code    90  prov_utils.o(.text)
    prov_utils_auth_data_is_alphanumeric     0x00027d77   Thumb Code    38  prov_utils.o(.text)
    prov_utils_auth_data_is_valid_number     0x00027d9d   Thumb Code    38  prov_utils.o(.text)
    prov_utils_is_valid_pdu                  0x00027dc3   Thumb Code    44  prov_utils.o(.text)
    calculate_3GPP_CRC                       0x00027ee9   Thumb Code    28  prov_bearer_adv.o(.text)
    nrf_mesh_prov_bearer_adv_interface_get   0x00028c09   Thumb Code   204  prov_bearer_adv.o(.text)
    pb_remote_server_init                    0x0002a01b   Thumb Code   130  pb_remote_server.o(.text)
    pb_remote_server_enable                  0x0002a09d   Thumb Code    36  pb_remote_server.o(.text)
    pb_remote_server_disable                 0x0002a0c1   Thumb Code   184  pb_remote_server.o(.text)
    pb_remote_server_return_to_scan_set      0x0002a179   Thumb Code    14  pb_remote_server.o(.text)
    pb_remote_server_prov_bearer_set         0x0002a187   Thumb Code    20  pb_remote_server.o(.text)
    access_publish_init                      0x0002a443   Thumb Code    28  access_publish.o(.text)
    access_publish_period_set                0x0002a45f   Thumb Code    98  access_publish.o(.text)
    access_publish_period_get                0x0002a4c1   Thumb Code    32  access_publish.o(.text)
    access_publish_retransmission_init       0x0002a6cd   Thumb Code    26  access_publish_retransmission.o(.text)
    access_publish_retransmission_message_add 0x0002a6e7   Thumb Code   174  access_publish_retransmission.o(.text)
    access_incoming_handle                   0x0002a879   Thumb Code   346  access.o(.text)
    access_model_publish_period_get          0x0002ae63   Thumb Code    62  access.o(.text)
    access_load_config_apply                 0x0002b247   Thumb Code   178  access.o(.text)
    access_packet_tx                         0x0002b2f9   Thumb Code    54  access.o(.text)
    access_clear                             0x0002b32f   Thumb Code    18  access.o(.text)
    access_init                              0x0002b341   Thumb Code    44  access.o(.text)
    access_model_add                         0x0002b36d   Thumb Code   404  access.o(.text)
    access_model_publish                     0x0002b501   Thumb Code    82  access.o(.text)
    access_model_reply                       0x0002b553   Thumb Code    28  access.o(.text)
    access_model_element_index_get           0x0002b56f   Thumb Code    40  access.o(.text)
    access_model_publish_address_set         0x0002b597   Thumb Code    52  access.o(.text)
    access_model_publish_address_get         0x0002b5cb   Thumb Code    40  access.o(.text)
    access_model_publish_retransmit_set      0x0002b5f3   Thumb Code    62  access.o(.text)
    access_model_publish_retransmit_get      0x0002b631   Thumb Code    40  access.o(.text)
    access_model_publish_period_divisor_set  0x0002b659   Thumb Code    52  access.o(.text)
    access_model_publish_period_set          0x0002b68d   Thumb Code    92  access.o(.text)
    access_model_subscription_list_alloc     0x0002b6e9   Thumb Code    98  access.o(.text)
    access_model_subscription_list_dealloc   0x0002b74b   Thumb Code   130  access.o(.text)
    access_model_subscription_lists_share    0x0002b7cd   Thumb Code   100  access.o(.text)
    access_model_subscription_add            0x0002b831   Thumb Code    88  access.o(.text)
    access_model_subscription_remove         0x0002b889   Thumb Code    88  access.o(.text)
    access_model_subscriptions_get           0x0002b8e1   Thumb Code   104  access.o(.text)
    access_model_application_bind            0x0002b949   Thumb Code    66  access.o(.text)
    access_model_application_unbind          0x0002b98b   Thumb Code    66  access.o(.text)
    access_model_applications_get            0x0002b9cd   Thumb Code    88  access.o(.text)
    access_model_publish_application_set     0x0002ba25   Thumb Code    52  access.o(.text)
    access_model_publish_application_get     0x0002ba59   Thumb Code    40  access.o(.text)
    access_default_ttl_set                   0x0002ba81   Thumb Code    20  access.o(.text)
    access_default_ttl_get                   0x0002ba95   Thumb Code     6  access.o(.text)
    access_model_publish_friendship_credential_flag_set 0x0002ba9b   Thumb Code    44  access.o(.text)
    access_model_publish_friendship_credential_flag_get 0x0002bac7   Thumb Code    40  access.o(.text)
    access_model_publish_ttl_set             0x0002baef   Thumb Code    56  access.o(.text)
    access_model_publish_ttl_get             0x0002bb27   Thumb Code    40  access.o(.text)
    access_element_location_set              0x0002bb4f   Thumb Code    38  access.o(.text)
    access_element_location_get              0x0002bb75   Thumb Code    24  access.o(.text)
    access_element_sig_model_count_get       0x0002bb8d   Thumb Code    24  access.o(.text)
    access_element_vendor_model_count_get    0x0002bba5   Thumb Code    24  access.o(.text)
    access_model_id_get                      0x0002bbbd   Thumb Code    46  access.o(.text)
    access_handle_get                        0x0002bbeb   Thumb Code    74  access.o(.text)
    access_element_models_get                0x0002bc35   Thumb Code    78  access.o(.text)
    access_model_p_args_get                  0x0002bc83   Thumb Code    40  access.o(.text)
    access_model_publication_stop            0x0002bcab   Thumb Code    82  access.o(.text)
    access_model_publication_by_appkey_stop  0x0002bcfd   Thumb Code    50  access.o(.text)
    access_reliable_message_rx_cb            0x0002c1ef   Thumb Code   102  access_reliable.o(.text)
    access_reliable_model_is_free            0x0002c255   Thumb Code    44  access_reliable.o(.text)
    access_reliable_init                     0x0002c281   Thumb Code    18  access_reliable.o(.text)
    access_reliable_cancel_all               0x0002c293   Thumb Code   178  access_reliable.o(.text)
    access_model_reliable_cancel             0x0002c345   Thumb Code    92  access_reliable.o(.text)
    access_model_reliable_publish            0x0002c3a1   Thumb Code    90  access_reliable.o(.text)
    dsm_subnet_update_commit                 0x0002c769   Thumb Code   196  device_state_manager.o(.text)
    dsm_subnet_update_swap_keys              0x0002c82d   Thumb Code    76  device_state_manager.o(.text)
    dsm_legacy_pretreatment_do               0x0002cc95   Thumb Code    58  device_state_manager.o(.text)
    dsm_load_config_apply                    0x0002d1eb   Thumb Code    56  device_state_manager.o(.text)
    dsm_clear                                0x0002d223   Thumb Code   122  device_state_manager.o(.text)
    dsm_init                                 0x0002d29d   Thumb Code    28  device_state_manager.o(.text)
    dsm_local_unicast_addresses_set          0x0002d2b9   Thumb Code   106  device_state_manager.o(.text)
    dsm_local_unicast_addresses_get          0x0002d323   Thumb Code    24  device_state_manager.o(.text)
    dsm_address_publish_add                  0x0002d33b   Thumb Code     6  device_state_manager.o(.text)
    dsm_address_publish_add_handle           0x0002d341   Thumb Code    56  device_state_manager.o(.text)
    dsm_address_publish_virtual_add          0x0002d379   Thumb Code     4  device_state_manager.o(.text)
    dsm_address_publish_remove               0x0002d37d   Thumb Code    66  device_state_manager.o(.text)
    dsm_address_subscription_add             0x0002d3bf   Thumb Code     6  device_state_manager.o(.text)
    dsm_address_subscription_virtual_add     0x0002d3c5   Thumb Code     6  device_state_manager.o(.text)
    dsm_address_subscription_add_handle      0x0002d3cb   Thumb Code    56  device_state_manager.o(.text)
    dsm_address_subscription_get             0x0002d403   Thumb Code    50  device_state_manager.o(.text)
    nrf_mesh_rx_address_get                  0x0002d435   Thumb Code   102  device_state_manager.o(.text)
    nrf_mesh_is_address_rx                   0x0002d49b   Thumb Code    68  device_state_manager.o(.text)
    dsm_address_is_rx                        0x0002d4df   Thumb Code     2  device_state_manager.o(.text)
    dsm_address_get                          0x0002d4e1   Thumb Code   104  device_state_manager.o(.text)
    dsm_address_subscription_count_get       0x0002d549   Thumb Code    82  device_state_manager.o(.text)
    dsm_address_subscription_remove          0x0002d59b   Thumb Code    82  device_state_manager.o(.text)
    dsm_address_get_all                      0x0002d5ed   Thumb Code    90  device_state_manager.o(.text)
    dsm_address_handle_get                   0x0002d647   Thumb Code   134  device_state_manager.o(.text)
    dsm_net_key_index_to_subnet_handle       0x0002d6cd   Thumb Code    22  device_state_manager.o(.text)
    dsm_subnet_handle_get                    0x0002d6e3   Thumb Code    12  device_state_manager.o(.text)
    dsm_subnet_handle_to_netkey_index        0x0002d6ef   Thumb Code    42  device_state_manager.o(.text)
    dsm_appkey_index_to_appkey_handle        0x0002d719   Thumb Code    22  device_state_manager.o(.text)
    dsm_appkey_handle_get                    0x0002d72f   Thumb Code    12  device_state_manager.o(.text)
    dsm_appkey_handle_to_appkey_index        0x0002d73b   Thumb Code    42  device_state_manager.o(.text)
    dsm_appkey_handle_to_subnet_handle       0x0002d765   Thumb Code   112  device_state_manager.o(.text)
    dsm_subnet_add                           0x0002d7d5   Thumb Code   218  device_state_manager.o(.text)
    dsm_subnet_kr_phase_get                  0x0002d8af   Thumb Code    36  device_state_manager.o(.text)
    dsm_subnet_update                        0x0002d8d3   Thumb Code   226  device_state_manager.o(.text)
    dsm_appkey_delete                        0x0002d9b5   Thumb Code    36  device_state_manager.o(.text)
    dsm_subnet_delete                        0x0002d9d9   Thumb Code   156  device_state_manager.o(.text)
    dsm_subnet_get_all                       0x0002da75   Thumb Code    80  device_state_manager.o(.text)
    dsm_subnet_key_get                       0x0002dac5   Thumb Code    68  device_state_manager.o(.text)
    dsm_devkey_add                           0x0002db09   Thumb Code   212  device_state_manager.o(.text)
    dsm_devkey_delete                        0x0002dbdd   Thumb Code    62  device_state_manager.o(.text)
    dsm_devkey_handle_get                    0x0002dc1b   Thumb Code    48  device_state_manager.o(.text)
    dsm_appkey_add                           0x0002dc4b   Thumb Code   226  device_state_manager.o(.text)
    dsm_appkey_update                        0x0002dd2d   Thumb Code   188  device_state_manager.o(.text)
    dsm_appkey_get_all                       0x0002dde9   Thumb Code   114  device_state_manager.o(.text)
    dsm_tx_secmat_get                        0x0002de5b   Thumb Code    60  device_state_manager.o(.text)
    dsm_beacon_info_get                      0x0002de97   Thumb Code    38  device_state_manager.o(.text)
    dsm_net_secmat_from_keyindex_get         0x0002debd   Thumb Code    42  device_state_manager.o(.text)
    nrf_mesh_net_secmat_next_get             0x0002dee7   Thumb Code   110  device_state_manager.o(.text)
    nrf_mesh_app_secmat_next_get             0x0002df55   Thumb Code   122  device_state_manager.o(.text)
    nrf_mesh_devkey_secmat_get               0x0002dfcf   Thumb Code    64  device_state_manager.o(.text)
    nrf_mesh_primary_net_secmat_get          0x0002e00f   Thumb Code    68  device_state_manager.o(.text)
    nrf_mesh_beacon_info_next_get            0x0002e053   Thumb Code   190  device_state_manager.o(.text)
    nrf_mesh_unicast_address_get             0x0002e111   Thumb Code    30  device_state_manager.o(.text)
    nrf_mesh_key_refresh_phase_get           0x0002e12f   Thumb Code    54  device_state_manager.o(.text)
    nrf_mesh_net_secmat_from_index_get       0x0002e165   Thumb Code    22  device_state_manager.o(.text)
    nrf_mesh_is_device_provisioned           0x0002e17b   Thumb Code    20  device_state_manager.o(.text)
    RTC1_IRQHandler                          0x0002e64b   Thumb Code    72  app_timer_mesh.o(.text)
    SWI0_EGU0_IRQHandler                     0x0002e693   Thumb Code     4  app_timer_mesh.o(.text)
    app_timer_init                           0x0002e697   Thumb Code   146  app_timer_mesh.o(.text)
    app_timer_create                         0x0002e729   Thumb Code    32  app_timer_mesh.o(.text)
    app_timer_start                          0x0002e749   Thumb Code   130  app_timer_mesh.o(.text)
    app_timer_stop                           0x0002e7cb   Thumb Code    24  app_timer_mesh.o(.text)
    app_timer_stop_all                       0x0002e7e3   Thumb Code    16  app_timer_mesh.o(.text)
    app_timer_cnt_get                        0x0002e7f3   Thumb Code     8  app_timer_mesh.o(.text)
    app_timer_cnt_diff_compute               0x0002e7fb   Thumb Code     8  app_timer_mesh.o(.text)
    app_timer_pause                          0x0002e803   Thumb Code     8  app_timer_mesh.o(.text)
    app_timer_resume                         0x0002e80b   Thumb Code     8  app_timer_mesh.o(.text)
    is_app_timer_init                        0x0002e813   Thumb Code     6  app_timer_mesh.o(.text)
    config_composition_data_get              0x0002ea69   Thumb Code   372  composition_data.o(.text)
    config_server_init                       0x00030af1   Thumb Code    66  config_server.o(.text)
    config_server_bind                       0x00030b33   Thumb Code    10  config_server.o(.text)
    packed_index_list_create                 0x00030c67   Thumb Code    54  packed_index_list.o(.text)
    health_server_fault_count_get            0x00030ce7   Thumb Code    38  health_server.o(.text)
    health_server_fault_register             0x00031119   Thumb Code   112  health_server.o(.text)
    health_server_fault_clear                0x00031189   Thumb Code    76  health_server.o(.text)
    health_server_fault_is_set               0x000311d5   Thumb Code    24  health_server.o(.text)
    health_server_attention_get              0x000311ed   Thumb Code     6  health_server.o(.text)
    health_server_attention_set              0x000311f3   Thumb Code     2  health_server.o(.text)
    health_server_init                       0x000311f5   Thumb Code   102  health_server.o(.text)
    SystemCoreClockUpdate                    0x00031305   Thumb Code     8  system_nrf52833.o(.text)
    SystemInit                               0x0003130d   Thumb Code   372  system_nrf52833.o(.text)
    Reset_Handler                            0x000314a9   Thumb Code     8  arm_startup_nrf52833.o(.text)
    NMI_Handler                              0x000314b1   Thumb Code     2  arm_startup_nrf52833.o(.text)
    HardFault_Handler                        0x000314b3   Thumb Code     2  arm_startup_nrf52833.o(.text)
    MemoryManagement_Handler                 0x000314b5   Thumb Code     2  arm_startup_nrf52833.o(.text)
    BusFault_Handler                         0x000314b7   Thumb Code     2  arm_startup_nrf52833.o(.text)
    UsageFault_Handler                       0x000314b9   Thumb Code     2  arm_startup_nrf52833.o(.text)
    SVC_Handler                              0x000314bb   Thumb Code     2  arm_startup_nrf52833.o(.text)
    DebugMon_Handler                         0x000314bd   Thumb Code     2  arm_startup_nrf52833.o(.text)
    PendSV_Handler                           0x000314bf   Thumb Code     2  arm_startup_nrf52833.o(.text)
    SysTick_Handler                          0x000314c1   Thumb Code     2  arm_startup_nrf52833.o(.text)
    CCM_AAR_IRQHandler                       0x000314c3   Thumb Code     0  arm_startup_nrf52833.o(.text)
    COMP_LPCOMP_IRQHandler                   0x000314c3   Thumb Code     0  arm_startup_nrf52833.o(.text)
    ECB_IRQHandler                           0x000314c3   Thumb Code     0  arm_startup_nrf52833.o(.text)
    FPU_IRQHandler                           0x000314c3   Thumb Code     0  arm_startup_nrf52833.o(.text)
    I2S_IRQHandler                           0x000314c3   Thumb Code     0  arm_startup_nrf52833.o(.text)
    MWU_IRQHandler                           0x000314c3   Thumb Code     0  arm_startup_nrf52833.o(.text)
    NFCT_IRQHandler                          0x000314c3   Thumb Code     0  arm_startup_nrf52833.o(.text)
    PDM_IRQHandler                           0x000314c3   Thumb Code     0  arm_startup_nrf52833.o(.text)
    POWER_CLOCK_IRQHandler                   0x000314c3   Thumb Code     0  arm_startup_nrf52833.o(.text)
    PWM0_IRQHandler                          0x000314c3   Thumb Code     0  arm_startup_nrf52833.o(.text)
    PWM1_IRQHandler                          0x000314c3   Thumb Code     0  arm_startup_nrf52833.o(.text)
    PWM2_IRQHandler                          0x000314c3   Thumb Code     0  arm_startup_nrf52833.o(.text)
    PWM3_IRQHandler                          0x000314c3   Thumb Code     0  arm_startup_nrf52833.o(.text)
    RADIO_IRQHandler                         0x000314c3   Thumb Code     0  arm_startup_nrf52833.o(.text)
    RNG_IRQHandler                           0x000314c3   Thumb Code     0  arm_startup_nrf52833.o(.text)
    RTC0_IRQHandler                          0x000314c3   Thumb Code     0  arm_startup_nrf52833.o(.text)
    RTC2_IRQHandler                          0x000314c3   Thumb Code     0  arm_startup_nrf52833.o(.text)
    SAADC_IRQHandler                         0x000314c3   Thumb Code     0  arm_startup_nrf52833.o(.text)
    SPIM0_SPIS0_TWIM0_TWIS0_SPI0_TWI0_IRQHandler 0x000314c3   Thumb Code     0  arm_startup_nrf52833.o(.text)
    SPIM1_SPIS1_TWIM1_TWIS1_SPI1_TWI1_IRQHandler 0x000314c3   Thumb Code     0  arm_startup_nrf52833.o(.text)
    SPIM2_SPIS2_SPI2_IRQHandler              0x000314c3   Thumb Code     0  arm_startup_nrf52833.o(.text)
    SPIM3_IRQHandler                         0x000314c3   Thumb Code     0  arm_startup_nrf52833.o(.text)
    SWI1_EGU1_IRQHandler                     0x000314c3   Thumb Code     0  arm_startup_nrf52833.o(.text)
    SWI3_EGU3_IRQHandler                     0x000314c3   Thumb Code     0  arm_startup_nrf52833.o(.text)
    SWI4_EGU4_IRQHandler                     0x000314c3   Thumb Code     0  arm_startup_nrf52833.o(.text)
    SWI5_EGU5_IRQHandler                     0x000314c3   Thumb Code     0  arm_startup_nrf52833.o(.text)
    TEMP_IRQHandler                          0x000314c3   Thumb Code     0  arm_startup_nrf52833.o(.text)
    TIMER0_IRQHandler                        0x000314c3   Thumb Code     0  arm_startup_nrf52833.o(.text)
    TIMER1_IRQHandler                        0x000314c3   Thumb Code     0  arm_startup_nrf52833.o(.text)
    TIMER3_IRQHandler                        0x000314c3   Thumb Code     0  arm_startup_nrf52833.o(.text)
    TIMER4_IRQHandler                        0x000314c3   Thumb Code     0  arm_startup_nrf52833.o(.text)
    UARTE0_UART0_IRQHandler                  0x000314c3   Thumb Code     0  arm_startup_nrf52833.o(.text)
    UARTE1_IRQHandler                        0x000314c3   Thumb Code     0  arm_startup_nrf52833.o(.text)
    USBD_IRQHandler                          0x000314c3   Thumb Code     0  arm_startup_nrf52833.o(.text)
    WDT_IRQHandler                           0x000314c3   Thumb Code     0  arm_startup_nrf52833.o(.text)
    __user_initial_stackheap                 0x000314c5   Thumb Code    10  arm_startup_nrf52833.o(.text)
    app_error_handler_bare                   0x000314e9   Thumb Code    22  app_error.o(.text)
    app_error_save_and_stop                  0x000314ff   Thumb Code    94  app_error.o(.text)
    SEGGER_RTT_ReadNoLock                    0x00031649   Thumb Code   114  SEGGER_RTT.o(.text)
    SEGGER_RTT_Read                          0x000316bb   Thumb Code    24  SEGGER_RTT.o(.text)
    SEGGER_RTT_WriteWithOverwriteNoLock      0x000316d3   Thumb Code   142  SEGGER_RTT.o(.text)
    SEGGER_RTT_WriteSkipNoLock               0x00031761   Thumb Code   108  SEGGER_RTT.o(.text)
    SEGGER_RTT_WriteNoLock                   0x000317cd   Thumb Code    86  SEGGER_RTT.o(.text)
    SEGGER_RTT_Write                         0x00031823   Thumb Code    48  SEGGER_RTT.o(.text)
    SEGGER_RTT_WriteString                   0x00031853   Thumb Code    24  SEGGER_RTT.o(.text)
    SEGGER_RTT_PutCharSkipNoLock             0x0003186b   Thumb Code    48  SEGGER_RTT.o(.text)
    SEGGER_RTT_PutCharSkip                   0x0003189b   Thumb Code    76  SEGGER_RTT.o(.text)
    SEGGER_RTT_PutChar                       0x000318e7   Thumb Code   118  SEGGER_RTT.o(.text)
    SEGGER_RTT_GetKey                        0x0003195d   Thumb Code    28  SEGGER_RTT.o(.text)
    SEGGER_RTT_WaitKey                       0x00031979   Thumb Code    12  SEGGER_RTT.o(.text)
    SEGGER_RTT_HasKey                        0x00031985   Thumb Code    28  SEGGER_RTT.o(.text)
    SEGGER_RTT_HasData                       0x000319a1   Thumb Code    18  SEGGER_RTT.o(.text)
    SEGGER_RTT_HasDataUp                     0x000319b3   Thumb Code    18  SEGGER_RTT.o(.text)
    SEGGER_RTT_AllocDownBuffer               0x000319c5   Thumb Code    96  SEGGER_RTT.o(.text)
    SEGGER_RTT_AllocUpBuffer                 0x00031a25   Thumb Code    96  SEGGER_RTT.o(.text)
    SEGGER_RTT_ConfigUpBuffer                0x00031a85   Thumb Code    88  SEGGER_RTT.o(.text)
    SEGGER_RTT_ConfigDownBuffer              0x00031add   Thumb Code    88  SEGGER_RTT.o(.text)
    SEGGER_RTT_SetNameUpBuffer               0x00031b35   Thumb Code    58  SEGGER_RTT.o(.text)
    SEGGER_RTT_SetNameDownBuffer             0x00031b6f   Thumb Code    58  SEGGER_RTT.o(.text)
    SEGGER_RTT_SetFlagsUpBuffer              0x00031ba9   Thumb Code    58  SEGGER_RTT.o(.text)
    SEGGER_RTT_SetFlagsDownBuffer            0x00031be3   Thumb Code    58  SEGGER_RTT.o(.text)
    SEGGER_RTT_Init                          0x00031c1d   Thumb Code     2  SEGGER_RTT.o(.text)
    SEGGER_RTT_SetTerminal                   0x00031c1f   Thumb Code   132  SEGGER_RTT.o(.text)
    SEGGER_RTT_TerminalOut                   0x00031ca3   Thumb Code   170  SEGGER_RTT.o(.text)
    SEGGER_RTT_vprintf                       0x00031e8f   Thumb Code   382  SEGGER_RTT_printf.o(.text)
    SEGGER_RTT_printf                        0x0003200d   Thumb Code    22  SEGGER_RTT_printf.o(.text)
    uECC_set_rng                             0x000320f9   Thumb Code     6  uECC.o(.text)
    uECC_get_rng                             0x000320ff   Thumb Code     6  uECC.o(.text)
    uECC_curve_private_key_size              0x00032105   Thumb Code    16  uECC.o(.text)
    uECC_curve_public_key_size               0x00032115   Thumb Code     8  uECC.o(.text)
    uECC_secp256r1                           0x000326f9   Thumb Code     6  uECC.o(.text)
    uECC_make_key                            0x00032d77   Thumb Code   128  uECC.o(.text)
    uECC_shared_secret                       0x00032df7   Thumb Code   188  uECC.o(.text)
    uECC_valid_point                         0x00032eb3   Thumb Code    96  uECC.o(.text)
    uECC_valid_public_key                    0x00032f13   Thumb Code    52  uECC.o(.text)
    uECC_compute_public_key                  0x00032f47   Thumb Code   140  uECC.o(.text)
    uECC_sign                                0x000331db   Thumb Code    84  uECC.o(.text)
    uECC_sign_deterministic                  0x000332d1   Thumb Code   368  uECC.o(.text)
    uECC_verify                              0x00033441   Thumb Code   674  uECC.o(.text)
    calloc                                   0x000338cf   Thumb Code    40  calloc.o(.text)
    malloc                                   0x000338f7   Thumb Code    94  h1_alloc.o(.text)
    free                                     0x00033955   Thumb Code    78  h1_free.o(.text)
    __aeabi_uldivmod                         0x000339a3   Thumb Code     0  lludivv7m.o(.text)
    _ll_udiv                                 0x000339a3   Thumb Code   238  lludivv7m.o(.text)
    memcmp                                   0x00033a91   Thumb Code    88  memcmp.o(.text)
    strcpy                                   0x00033ae9   Thumb Code    72  strcpy.o(.text)
    strlen                                   0x00033b31   Thumb Code    62  strlen.o(.text)
    __aeabi_memcpy                           0x00033b6f   Thumb Code     0  rt_memcpy_v6.o(.text)
    __rt_memcpy                              0x00033b6f   Thumb Code   138  rt_memcpy_v6.o(.text)
    _memcpy_lastbytes                        0x00033bd5   Thumb Code     0  rt_memcpy_v6.o(.text)
    __aeabi_memcpy4                          0x00033bf9   Thumb Code     0  rt_memcpy_w.o(.text)
    __aeabi_memcpy8                          0x00033bf9   Thumb Code     0  rt_memcpy_w.o(.text)
    __rt_memcpy_w                            0x00033bf9   Thumb Code   100  rt_memcpy_w.o(.text)
    _memcpy_lastbytes_aligned                0x00033c41   Thumb Code     0  rt_memcpy_w.o(.text)
    __aeabi_memclr                           0x00033c5d   Thumb Code     0  rt_memclr.o(.text)
    __rt_memclr                              0x00033c5d   Thumb Code    68  rt_memclr.o(.text)
    _memset                                  0x00033c61   Thumb Code     0  rt_memclr.o(.text)
    __aeabi_memclr4                          0x00033ca1   Thumb Code     0  rt_memclr_w.o(.text)
    __aeabi_memclr8                          0x00033ca1   Thumb Code     0  rt_memclr_w.o(.text)
    __rt_memclr_w                            0x00033ca1   Thumb Code    78  rt_memclr_w.o(.text)
    _memset_w                                0x00033ca5   Thumb Code     0  rt_memclr_w.o(.text)
    __use_two_region_memory                  0x00033cef   Thumb Code     2  heapauxi.o(.text)
    __rt_heap_escrow                         0x00033cf1   Thumb Code     2  heapauxi.o(.text)
    __rt_heap_expand                         0x00033cf3   Thumb Code     2  heapauxi.o(.text)
    __rt_heap_descriptor                     0x00033cf5   Thumb Code     8  rt_heap_descriptor_intlibspace.o(.text)
    __use_no_heap                            0x00033cfd   Thumb Code     2  hguard.o(.text)
    __heap$guard                             0x00033cff   Thumb Code     2  hguard.o(.text)
    _terminate_user_alloc                    0x00033d01   Thumb Code     2  init_alloc.o(.text)
    _init_user_alloc                         0x00033d03   Thumb Code     2  init_alloc.o(.text)
    __Heap_Full                              0x00033d05   Thumb Code    34  init_alloc.o(.text)
    __Heap_Broken                            0x00033d27   Thumb Code     6  init_alloc.o(.text)
    _init_alloc                              0x00033d2d   Thumb Code    94  init_alloc.o(.text)
    __Heap_Initialize                        0x00033d8b   Thumb Code    10  h1_init.o(.text)
    __Heap_DescSize                          0x00033d95   Thumb Code     4  h1_init.o(.text)
    __user_libspace                          0x00033d99   Thumb Code     8  libspace.o(.text)
    __user_perproc_libspace                  0x00033d99   Thumb Code     0  libspace.o(.text)
    __user_perthread_libspace                0x00033d99   Thumb Code     0  libspace.o(.text)
    __Heap_ProvideMemory                     0x00033da1   Thumb Code    52  h1_extend.o(.text)
    __rt_SIGRTMEM                            0x00033dd5   Thumb Code    14  defsig_rtmem_outer.o(.text)
    __I$use$semihosting                      0x00033de3   Thumb Code     0  use_no_semi.o(.text)
    __use_no_semihosting_swi                 0x00033de3   Thumb Code     2  use_no_semi.o(.text)
    __semihosting_library_function           0x00033de5   Thumb Code     0  indicate_semi.o(.text)
    __user_setup_stackheap                   0x00033de5   Thumb Code    74  sys_stackheap_outer.o(.text)
    exit                                     0x00033e2f   Thumb Code    18  exit.o(.text)
    __sig_exit                               0x00033e41   Thumb Code    10  defsig_exit.o(.text)
    __rt_SIGRTMEM_inner                      0x00033e4d   Thumb Code    22  defsig_rtmem_inner.o(.text)
    _sys_exit                                0x00033e9d   Thumb Code     8  sys_exit.o(.text)
    __default_signal_display                 0x00033ea9   Thumb Code    50  defsig_general.o(.text)
    _ttywrch                                 0x00033edb   Thumb Code    14  sys_wrch.o(.text)
    _fp_init                                 0x00033ee9   Thumb Code    10  fpinit.o(x$fpl$fpinit)
    __fplib_config_fpu_vfp                   0x00033ef1   Thumb Code     0  fpinit.o(x$fpl$fpinit)
    __fplib_config_pureend_doubles           0x00033ef1   Thumb Code     0  fpinit.o(x$fpl$fpinit)
    m_ram_start                              0x00033f8c   Data           4  nrf_sdh_ble.o(.constdata)
    INVALID_HEADER                           0x0003411c   Data           4  flash_manager.o(.constdata)
    PADDING_HEADER                           0x00034120   Data           4  flash_manager.o(.constdata)
    SEAL_HEADER                              0x00034124   Data           4  flash_manager.o(.constdata)
    Region$$Table$$Base                      0x00034eb8   Number         0  anon$$obj.o(Region$$Table)
    Region$$Table$$Limit                     0x00034ed8   Number         0  anon$$obj.o(Region$$Table)
    ad_listeners$$Base                       0x00034ed8   Number         0  nrf_mesh.o(ad_listeners)
    m_mesh_packet_listener                   0x00034ed8   Data           8  nrf_mesh.o(ad_listeners)
    m_beacon_listener                        0x00034ee0   Data           8  beacon.o(ad_listeners)
    m_pb_adv_ad_listener                     0x00034ee8   Data           8  prov_bearer_adv.o(ad_listeners)
    ad_listeners$$Limit                      0x00034ef0   Number         0  prov_bearer_adv.o(ad_listeners)
    m_seqnum_block_legacy_params             0x00034ef0   Data          28  net_state.o(mesh_config_entries)
    mesh_config_entries$$Base                0x00034ef0   Number         0  net_state.o(mesh_config_entries)
    m_iv_index_legacy_params                 0x00034f0c   Data          28  net_state.o(mesh_config_entries)
    m_seqnum_block_params                    0x00034f28   Data          28  net_state.o(mesh_config_entries)
    m_iv_index_params                        0x00034f44   Data          28  net_state.o(mesh_config_entries)
    m_heartbeat_publication_params           0x00034f60   Data          28  heartbeat.o(mesh_config_entries)
    m_net_beacon_enable_params               0x00034f7c   Data          28  net_beacon.o(mesh_config_entries)
    m_mesh_opt_core_adv_params               0x00034f98   Data          28  core_tx_adv.o(mesh_config_entries)
    m_mesh_opt_core_tx_power_params          0x00034fb4   Data          28  core_tx_adv.o(mesh_config_entries)
    m_mesh_opt_core_adv_addr_params          0x00034fd0   Data          28  core_tx_adv.o(mesh_config_entries)
    m_ecdh_offloading_params                 0x00034fec   Data          28  prov_utils.o(mesh_config_entries)
    m_access_metadata_params                 0x00035008   Data          28  access.o(mesh_config_entries)
    m_subscriptions_params                   0x00035024   Data          28  access.o(mesh_config_entries)
    m_elements_params                        0x00035040   Data          28  access.o(mesh_config_entries)
    m_models_params                          0x0003505c   Data          28  access.o(mesh_config_entries)
    m_dsm_metadata_params                    0x00035078   Data          28  device_state_manager.o(mesh_config_entries)
    m_dsm_unicast_addr_params                0x00035094   Data          28  device_state_manager.o(mesh_config_entries)
    m_dsm_nonvirtual_addr_params             0x000350b0   Data          28  device_state_manager.o(mesh_config_entries)
    m_dsm_virtual_addr_params                0x000350cc   Data          28  device_state_manager.o(mesh_config_entries)
    m_dsm_subnet_params                      0x000350e8   Data          28  device_state_manager.o(mesh_config_entries)
    m_dsm_appkey_params                      0x00035104   Data          28  device_state_manager.o(mesh_config_entries)
    m_dsm_devkey_params                      0x00035120   Data          28  device_state_manager.o(mesh_config_entries)
    m_dsm_legacy_subnet_params               0x0003513c   Data          28  device_state_manager.o(mesh_config_entries)
    m_dsm_reduced_legacy_appkey_params       0x00035158   Data          28  device_state_manager.o(mesh_config_entries)
    m_dsm_full_legacy_appkey_params          0x00035174   Data          28  device_state_manager.o(mesh_config_entries)
    m_mesh_opt_health_params                 0x00035190   Data          28  health_server.o(mesh_config_entries)
    m_heartbeat_relay_listener               0x000351ac   Data           8  heartbeat.o(mesh_config_entry_listeners)
    mesh_config_entries$$Limit               0x000351ac   Number         0  health_server.o(mesh_config_entries)
    mesh_config_entry_listeners$$Base        0x000351ac   Number         0  heartbeat.o(mesh_config_entry_listeners)
    m_net_state_file                         0x000351b4   Data           8  net_state.o(mesh_config_files)
    mesh_config_entry_listeners$$Limit       0x000351b4   Number         0  heartbeat.o(mesh_config_entry_listeners)
    mesh_config_files$$Base                  0x000351b4   Number         0  net_state.o(mesh_config_files)
    m_mesh_opt_core_file                     0x000351bc   Data           8  mesh_opt.o(mesh_config_files)
    m_access_file                            0x000351c4   Data           8  access.o(mesh_config_files)
    m_dsm_file                               0x000351cc   Data           8  device_state_manager.o(mesh_config_files)
    mesh_config_files$$Limit                 0x000351d4   Number         0  device_state_manager.o(mesh_config_files)
    sdh_soc_observers0$$Base                 0x000351d4   Number         0  ble_softdevice_support.o(sdh_soc_observers0)
    sdh_soc_observers0$$Limit                0x000351dc   Number         0  ble_softdevice_support.o(sdh_soc_observers0)
    sdh_stack_observers0$$Base               0x000351dc   Number         0  nrf_sdh_soc.o(sdh_stack_observers0)
    sdh_stack_observers0$$Limit              0x000351ec   Number         0  nrf_sdh_ble.o(sdh_stack_observers0)
    Image$$RW_IRAM1$$Base                    0x20001f60   Number         0  anon$$obj.o ABSOLUTE
    g_log_hex_digits                         0x20002050   Data           4  log.o(.data)
    g_log_dbg_msk                            0x20002054   Data           4  log.o(.data)
    g_log_dbg_lvl                            0x20002058   Data           4  log.o(.data)
    m_log_callback                           0x2000205c   Data           4  log.o(.data)
    SystemCoreClock                          0x200021b0   Data           4  system_nrf52833.o(.data)
    nrf_nvic_state                           0x200027ac   Data          12  app_util_platform.o(.bss)
    m_packet                                 0x20003230   Data          36  core_tx.o(.bss)
    _SEGGER_RTT                              0x20003ff8   Data         120  SEGGER_RTT.o(.bss)
    __libspace_start                         0x200044f0   Data          96  libspace.o(.bss)
    __temporary_stack_top$libspace           0x20004550   Data           0  libspace.o(.bss)



==============================================================================

Memory Map of the image

  Image Entry point : 0x0001c201

  Load Region LR_IROM1 (Base: 0x0001c000, Size: 0x00019458, Max: 0x0005b000, ABSOLUTE, COMPRESSED[0x00019238])

    Execution Region ER_IROM1 (Base: 0x0001c000, Size: 0x000191ec, Max: 0x0005b000, ABSOLUTE)

    Base Addr    Size         Type   Attr      Idx    E Section Name        Object

    0x0001c000   0x00000200   Data   RO         3855    RESET               arm_startup_nrf52833.o
    0x0001c200   0x00000008   Code   RO         4058  * !!!main             c_w.l(__main.o)
    0x0001c208   0x00000034   Code   RO         4271    !!!scatter          c_w.l(__scatter.o)
    0x0001c23c   0x0000003a   Code   RO         4269    !!dczerorl          c_w.l(__dczerorl.o)
    0x0001c276   0x00000002   PAD
    0x0001c278   0x0000001c   Code   RO         4273    !!handler_zi        c_w.l(__scatter_zi.o)
    0x0001c294   0x00000002   Code   RO         4208    .ARM.Collect$$libinit$$00000000  c_w.l(libinit.o)
    0x0001c296   0x00000004   Code   RO         4094    .ARM.Collect$$libinit$$00000001  c_w.l(libinit2.o)
    0x0001c29a   0x00000000   Code   RO         4097    .ARM.Collect$$libinit$$00000004  c_w.l(libinit2.o)
    0x0001c29a   0x00000008   Code   RO         4098    .ARM.Collect$$libinit$$00000005  c_w.l(libinit2.o)
    0x0001c2a2   0x00000000   Code   RO         4100    .ARM.Collect$$libinit$$0000000A  c_w.l(libinit2.o)
    0x0001c2a2   0x00000000   Code   RO         4102    .ARM.Collect$$libinit$$0000000C  c_w.l(libinit2.o)
    0x0001c2a2   0x00000000   Code   RO         4104    .ARM.Collect$$libinit$$0000000E  c_w.l(libinit2.o)
    0x0001c2a2   0x00000000   Code   RO         4107    .ARM.Collect$$libinit$$00000011  c_w.l(libinit2.o)
    0x0001c2a2   0x00000000   Code   RO         4109    .ARM.Collect$$libinit$$00000013  c_w.l(libinit2.o)
    0x0001c2a2   0x00000000   Code   RO         4111    .ARM.Collect$$libinit$$00000015  c_w.l(libinit2.o)
    0x0001c2a2   0x00000000   Code   RO         4113    .ARM.Collect$$libinit$$00000017  c_w.l(libinit2.o)
    0x0001c2a2   0x00000000   Code   RO         4115    .ARM.Collect$$libinit$$00000019  c_w.l(libinit2.o)
    0x0001c2a2   0x00000000   Code   RO         4117    .ARM.Collect$$libinit$$0000001B  c_w.l(libinit2.o)
    0x0001c2a2   0x00000000   Code   RO         4119    .ARM.Collect$$libinit$$0000001D  c_w.l(libinit2.o)
    0x0001c2a2   0x00000000   Code   RO         4121    .ARM.Collect$$libinit$$0000001F  c_w.l(libinit2.o)
    0x0001c2a2   0x00000000   Code   RO         4123    .ARM.Collect$$libinit$$00000021  c_w.l(libinit2.o)
    0x0001c2a2   0x00000000   Code   RO         4125    .ARM.Collect$$libinit$$00000023  c_w.l(libinit2.o)
    0x0001c2a2   0x00000000   Code   RO         4127    .ARM.Collect$$libinit$$00000025  c_w.l(libinit2.o)
    0x0001c2a2   0x00000000   Code   RO         4131    .ARM.Collect$$libinit$$0000002C  c_w.l(libinit2.o)
    0x0001c2a2   0x00000000   Code   RO         4133    .ARM.Collect$$libinit$$0000002E  c_w.l(libinit2.o)
    0x0001c2a2   0x00000000   Code   RO         4135    .ARM.Collect$$libinit$$00000030  c_w.l(libinit2.o)
    0x0001c2a2   0x00000000   Code   RO         4137    .ARM.Collect$$libinit$$00000032  c_w.l(libinit2.o)
    0x0001c2a2   0x00000002   Code   RO         4138    .ARM.Collect$$libinit$$00000033  c_w.l(libinit2.o)
    0x0001c2a4   0x00000002   Code   RO         4266    .ARM.Collect$$libshutdown$$00000000  c_w.l(libshutdown.o)
    0x0001c2a6   0x00000000   Code   RO         4224    .ARM.Collect$$libshutdown$$00000002  c_w.l(libshutdown2.o)
    0x0001c2a6   0x00000000   Code   RO         4226    .ARM.Collect$$libshutdown$$00000004  c_w.l(libshutdown2.o)
    0x0001c2a6   0x00000000   Code   RO         4229    .ARM.Collect$$libshutdown$$00000007  c_w.l(libshutdown2.o)
    0x0001c2a6   0x00000000   Code   RO         4232    .ARM.Collect$$libshutdown$$0000000A  c_w.l(libshutdown2.o)
    0x0001c2a6   0x00000000   Code   RO         4234    .ARM.Collect$$libshutdown$$0000000C  c_w.l(libshutdown2.o)
    0x0001c2a6   0x00000000   Code   RO         4237    .ARM.Collect$$libshutdown$$0000000F  c_w.l(libshutdown2.o)
    0x0001c2a6   0x00000002   Code   RO         4238    .ARM.Collect$$libshutdown$$00000010  c_w.l(libshutdown2.o)
    0x0001c2a8   0x00000000   Code   RO         4062    .ARM.Collect$$rtentry$$00000000  c_w.l(__rtentry.o)
    0x0001c2a8   0x00000000   Code   RO         4145    .ARM.Collect$$rtentry$$00000002  c_w.l(__rtentry2.o)
    0x0001c2a8   0x00000006   Code   RO         4157    .ARM.Collect$$rtentry$$00000004  c_w.l(__rtentry4.o)
    0x0001c2ae   0x00000000   Code   RO         4147    .ARM.Collect$$rtentry$$00000009  c_w.l(__rtentry2.o)
    0x0001c2ae   0x00000004   Code   RO         4148    .ARM.Collect$$rtentry$$0000000A  c_w.l(__rtentry2.o)
    0x0001c2b2   0x00000000   Code   RO         4150    .ARM.Collect$$rtentry$$0000000C  c_w.l(__rtentry2.o)
    0x0001c2b2   0x00000008   Code   RO         4151    .ARM.Collect$$rtentry$$0000000D  c_w.l(__rtentry2.o)
    0x0001c2ba   0x00000002   Code   RO         4211    .ARM.Collect$$rtexit$$00000000  c_w.l(rtexit.o)
    0x0001c2bc   0x00000000   Code   RO         4242    .ARM.Collect$$rtexit$$00000002  c_w.l(rtexit2.o)
    0x0001c2bc   0x00000004   Code   RO         4243    .ARM.Collect$$rtexit$$00000003  c_w.l(rtexit2.o)
    0x0001c2c0   0x00000006   Code   RO         4244    .ARM.Collect$$rtexit$$00000004  c_w.l(rtexit2.o)
    0x0001c2c6   0x00000002   PAD
    0x0001c2c8   0x0000001a   Code   RO         3889    .emb_text           app_error_handler_keil.o
    0x0001c2e2   0x00000002   PAD
    0x0001c2e4   0x00000000   Code   RO         4163    .emb_text           c_w.l(maybetermalloc1.o)
    0x0001c2e4   0x00000004   Code   RO         1997    .rev16_text         enc.o
    0x0001c2e8   0x00000004   Code   RO         2126    .rev16_text         nrf_mesh_keygen.o
    0x0001c2ec   0x00000004   Code   RO         2264    .rev16_text         ccm_soft.o
    0x0001c2f0   0x00000004   Code   RO         3177    .rev16_text         prov_provisionee.o
    0x0001c2f4   0x00000004   Code   RO         3271    .rev16_text         prov_beacon.o
    0x0001c2f8   0x00000004   Code   RO         3332    .rev16_text         prov_bearer_adv.o
    0x0001c2fc   0x000003a8   Code   RO            4    .text               main.o
    0x0001c6a4   0x000001d8   Code   RO          451    .text               mesh_stack.o
    0x0001c87c   0x00000128   Code   RO          516    .text               mesh_provisionee.o
    0x0001c9a4   0x000001e0   Code   RO          571    .text               simple_hal.o
    0x0001cb84   0x00000138   Code   RO          614    .text               mesh_app_utils.o
    0x0001ccbc   0x000000f0   Code   RO          706    .text               ble_softdevice_support.o
    0x0001cdac   0x000000dc   Code   RO          760    .text               app_util_platform.o
    0x0001ce88   0x0000004a   Code   RO          833    .text               nrf_section_iter.o
    0x0001ced2   0x00000002   PAD
    0x0001ced4   0x0000003c   Code   RO          860    .text               nrf_sdh_soc.o
    0x0001cf10   0x000000f4   Code   RO          909    .text               nrf_sdh_ble.o
    0x0001d004   0x0000026c   Code   RO          947    .text               nrf_sdh.o
    0x0001d270   0x00000008   Code   RO         1071    .text               nrf_mesh_weak.o
    0x0001d278   0x000001a8   Code   RO         1116    .text               app_error_weak.o
    0x0001d420   0x00000020   Code   RO         1141    .text               assertion_handler_weak.o
    0x0001d440   0x00000044   Code   RO         1185    .text               nrf_mesh_configure.o
    0x0001d484   0x00000090   Code   RO         1232    .text               msg_cache.o
    0x0001d514   0x000014e0   Code   RO         1262    .text               transport.o
    0x0001e9f4   0x000000a0   Code   RO         1337    .text               event.o
    0x0001ea94   0x0000040e   Code   RO         1363    .text               packet_buffer.o
    0x0001eea2   0x00000002   PAD
    0x0001eea4   0x000005e4   Code   RO         1387    .text               flash_manager_defrag.o
    0x0001f488   0x0000015a   Code   RO         1425    .text               fifo.o
    0x0001f5e2   0x00000002   PAD
    0x0001f5e4   0x000000a4   Code   RO         1453    .text               nrf_flash.o
    0x0001f688   0x0000062c   Code   RO         1480    .text               net_state.o
    0x0001fcb4   0x000004a0   Code   RO         1523    .text               mesh_flash.o
    0x00020154   0x00000054   Code   RO         1560    .text               nrf_mesh_utils.o
    0x000201a8   0x000002c4   Code   RO         1588    .text               nrf_mesh.o
    0x0002046c   0x00000152   Code   RO         1650    .text               queue.o
    0x000205be   0x00000002   PAD
    0x000205c0   0x00000090   Code   RO         1678    .text               hal.o
    0x00020650   0x0000014e   Code   RO         1710    .text               aes_cmac.o
    0x0002079e   0x00000002   PAD
    0x000207a0   0x00000240   Code   RO         1740    .text               timer_scheduler.o
    0x000209e0   0x000001d4   Code   RO         1766    .text               timer.o
    0x00020bb4   0x00000094   Code   RO         1792    .text               rand.o
    0x00020c48   0x0000005c   Code   RO         1843    .text               mesh_opt.o
    0x00020ca4   0x000003d4   Code   RO         1875    .text               timeslot.o
    0x00021078   0x000002b0   Code   RO         1928    .text               timeslot_timer.o
    0x00021328   0x00000448   Code   RO         1959    .text               bearer_event.o
    0x00021770   0x000002a4   Code   RO         2000    .text               enc.o
    0x00021a14   0x000005a8   Code   RO         2025    .text               network.o
    0x00021fbc   0x000003c0   Code   RO         2070    .text               net_packet.o
    0x0002237c   0x00000114   Code   RO         2101    .text               msqueue.o
    0x00022490   0x00000168   Code   RO         2129    .text               nrf_mesh_keygen.o
    0x000225f8   0x00000178   Code   RO         2165    .text               list.o
    0x00022770   0x000000b4   Code   RO         2192    .text               log.o
    0x00022824   0x00000cb0   Code   RO         2232    .text               flash_manager.o
    0x000234d4   0x0000023c   Code   RO         2267    .text               ccm_soft.o
    0x00023710   0x0000030c   Code   RO         2309    .text               replay_cache.o
    0x00023a1c   0x00000174   Code   RO         2340    .text               beacon.o
    0x00023b90   0x0000006c   Code   RO         2371    .text               flash_manager_internal.o
    0x00023bfc   0x000001f0   Code   RO         2399    .text               core_tx.o
    0x00023dec   0x0000045e   Code   RO         2427    .text               heartbeat.o
    0x0002424a   0x00000002   PAD
    0x0002424c   0x00000494   Code   RO         2473    .text               net_beacon.o
    0x000246e0   0x00000484   Code   RO         2518    .text               mesh_config.o
    0x00024b64   0x00000234   Code   RO         2576    .text               mesh_config_backend.o
    0x00024d98   0x00000290   Code   RO         2611    .text               mesh_config_flashman_glue.o
    0x00025028   0x00000138   Code   RO         2719    .text               core_tx_local.o
    0x00025160   0x00000438   Code   RO         2747    .text               core_tx_adv.o
    0x00025598   0x0000000e   Code   RO         2783    .text               mesh_mem_stdlib.o
    0x000255a6   0x00000002   PAD
    0x000255a8   0x000000a4   Code   RO         2798    .text               ad_listener.o
    0x0002564c   0x000000f4   Code   RO         2832    .text               ad_type_filter.o
    0x00025740   0x000005bc   Code   RO         2902    .text               advertiser.o
    0x00025cfc   0x000004fc   Code   RO         2941    .text               bearer_handler.o
    0x000261f8   0x000001c4   Code   RO         2975    .text               broadcast.o
    0x000263bc   0x000000d0   Code   RO         3008    .text               filter_engine.o
    0x0002648c   0x00000194   Code   RO         3063    .text               radio_config.o
    0x00026620   0x000005e4   Code   RO         3117    .text               scanner.o
    0x00026c04   0x00000244   Code   RO         3151    .text               mesh_pa_lna.o
    0x00026e48   0x00000722   Code   RO         3180    .text               prov_provisionee.o
    0x0002756a   0x00000002   PAD
    0x0002756c   0x00000360   Code   RO         3212    .text               nrf_mesh_prov.o
    0x000278cc   0x00000130   Code   RO         3249    .text               provisioning.o
    0x000279fc   0x000000e0   Code   RO         3274    .text               prov_beacon.o
    0x00027adc   0x0000040c   Code   RO         3300    .text               prov_utils.o
    0x00027ee8   0x00000f52   Code   RO         3335    .text               prov_bearer_adv.o
    0x00028e3a   0x00000002   PAD
    0x00028e3c   0x000013e8   Code   RO         3366    .text               pb_remote_server.o
    0x0002a224   0x0000034c   Code   RO         3401    .text               access_publish.o
    0x0002a570   0x0000028c   Code   RO         3431    .text               access_publish_retransmission.o
    0x0002a7fc   0x00001714   Code   RO         3469    .text               access.o
    0x0002bf10   0x000005e0   Code   RO         3538    .text               access_reliable.o
    0x0002c4f0   0x00001fcc   Code   RO         3570    .text               device_state_manager.o
    0x0002e4bc   0x000005ac   Code   RO         3629    .text               app_timer_mesh.o
    0x0002ea68   0x00000174   Code   RO         3670    .text               composition_data.o
    0x0002ebdc   0x0000208a   Code   RO         3697    .text               config_server.o
    0x00030c66   0x00000036   Code   RO         3765    .text               packed_index_list.o
    0x00030c9c   0x00000668   Code   RO         3780    .text               health_server.o
    0x00031304   0x000001a4   Code   RO         3825    .text               system_nrf52833.o
    0x000314a8   0x00000040   Code   RO         3856    .text               arm_startup_nrf52833.o
    0x000314e8   0x00000078   Code   RO         3861    .text               app_error.o
    0x00031560   0x00000826   Code   RO         3908    .text               librtt_nrf52833_xxAA.a(SEGGER_RTT.o)
    0x00031d86   0x00000002   PAD
    0x00031d88   0x00000364   Code   RO         3928    .text               librtt_nrf52833_xxAA.a(SEGGER_RTT_printf.o)
    0x000320ec   0x000017e2   Code   RO         3941    .text               libuECC_nrf52833_xxAA.a(uECC.o)
    0x000338ce   0x00000028   Code   RO         3980    .text               c_w.l(calloc.o)
    0x000338f6   0x0000005e   Code   RO         3982    .text               c_w.l(h1_alloc.o)
    0x00033954   0x0000004e   Code   RO         3984    .text               c_w.l(h1_free.o)
    0x000339a2   0x000000ee   Code   RO         4040    .text               c_w.l(lludivv7m.o)
    0x00033a90   0x00000058   Code   RO         4042    .text               c_w.l(memcmp.o)
    0x00033ae8   0x00000048   Code   RO         4044    .text               c_w.l(strcpy.o)
    0x00033b30   0x0000003e   Code   RO         4046    .text               c_w.l(strlen.o)
    0x00033b6e   0x0000008a   Code   RO         4048    .text               c_w.l(rt_memcpy_v6.o)
    0x00033bf8   0x00000064   Code   RO         4050    .text               c_w.l(rt_memcpy_w.o)
    0x00033c5c   0x00000044   Code   RO         4052    .text               c_w.l(rt_memclr.o)
    0x00033ca0   0x0000004e   Code   RO         4054    .text               c_w.l(rt_memclr_w.o)
    0x00033cee   0x00000006   Code   RO         4056    .text               c_w.l(heapauxi.o)
    0x00033cf4   0x00000008   Code   RO         4070    .text               c_w.l(rt_heap_descriptor_intlibspace.o)
    0x00033cfc   0x00000004   Code   RO         4072    .text               c_w.l(hguard.o)
    0x00033d00   0x0000008a   Code   RO         4074    .text               c_w.l(init_alloc.o)
    0x00033d8a   0x0000000e   Code   RO         4078    .text               c_w.l(h1_init.o)
    0x00033d98   0x00000008   Code   RO         4141    .text               c_w.l(libspace.o)
    0x00033da0   0x00000034   Code   RO         4165    .text               c_w.l(h1_extend.o)
    0x00033dd4   0x0000000e   Code   RO         4169    .text               c_w.l(defsig_rtmem_outer.o)
    0x00033de2   0x00000002   Code   RO         4180    .text               c_w.l(use_no_semi.o)
    0x00033de4   0x00000000   Code   RO         4182    .text               c_w.l(indicate_semi.o)
    0x00033de4   0x0000004a   Code   RO         4183    .text               c_w.l(sys_stackheap_outer.o)
    0x00033e2e   0x00000012   Code   RO         4189    .text               c_w.l(exit.o)
    0x00033e40   0x0000000a   Code   RO         4191    .text               c_w.l(defsig_exit.o)
    0x00033e4a   0x00000002   PAD
    0x00033e4c   0x00000050   Code   RO         4197    .text               c_w.l(defsig_rtmem_inner.o)
    0x00033e9c   0x0000000c   Code   RO         4209    .text               c_w.l(sys_exit.o)
    0x00033ea8   0x00000032   Code   RO         4219    .text               c_w.l(defsig_general.o)
    0x00033eda   0x0000000e   Code   RO         4239    .text               c_w.l(sys_wrch.o)
    0x00033ee8   0x0000000a   Code   RO         4178    x$fpl$fpinit        fz_wm.l(fpinit.o)
    0x00033ef2   0x00000002   PAD
    0x00033ef4   0x0000003c   Data   RO            6    .constdata          main.o
    0x00033f30   0x00000010   Data   RO            7    .constdata          main.o
    0x00033f40   0x0000000b   Data   RO          518    .constdata          mesh_provisionee.o
    0x00033f4b   0x00000001   PAD
    0x00033f4c   0x00000004   Data   RO          573    .constdata          simple_hal.o
    0x00033f50   0x00000010   Data   RO          861    .constdata          nrf_sdh_soc.o
    0x00033f60   0x0000000c   Data   RO          862    .constdata          nrf_sdh_soc.o
    0x00033f6c   0x00000020   Data   RO          910    .constdata          nrf_sdh_ble.o
    0x00033f8c   0x00000010   Data   RO          911    .constdata          nrf_sdh_ble.o
    0x00033f9c   0x00000010   Data   RO          948    .constdata          nrf_sdh.o
    0x00033fac   0x00000028   Data   RO          949    .constdata          nrf_sdh.o
    0x00033fd4   0x00000010   Data   RO          950    .constdata          nrf_sdh.o
    0x00033fe4   0x00000010   Data   RO          951    .constdata          nrf_sdh.o
    0x00033ff4   0x00000008   Data   RO         1142    .constdata          assertion_handler_weak.o
    0x00033ffc   0x00000070   Data   RO         1264    .constdata          transport.o
    0x0003406c   0x00000028   Data   RO         1389    .constdata          flash_manager_defrag.o
    0x00034094   0x00000004   Data   RO         1483    .constdata          net_state.o
    0x00034098   0x00000004   Data   RO         1484    .constdata          net_state.o
    0x0003409c   0x00000004   Data   RO         1485    .constdata          net_state.o
    0x000340a0   0x00000004   Data   RO         1486    .constdata          net_state.o
    0x000340a4   0x0000001c   Data   RO         1487    .constdata          net_state.o
    0x000340c0   0x00000010   Data   RO         1525    .constdata          mesh_flash.o
    0x000340d0   0x00000004   Data   RO         1561    .constdata          nrf_mesh_utils.o
    0x000340d4   0x0000002c   Data   RO         1589    .constdata          nrf_mesh.o
    0x00034100   0x0000001c   Data   RO         1845    .constdata          mesh_opt.o
    0x0003411c   0x0000001c   Data   RO         2234    .constdata          flash_manager.o
    0x00034138   0x00000004   Data   RO         2429    .constdata          heartbeat.o
    0x0003413c   0x00000004   Data   RO         2430    .constdata          heartbeat.o
    0x00034140   0x00000064   Data   RO         2431    .constdata          heartbeat.o
    0x000341a4   0x00000004   Data   RO         2475    .constdata          net_beacon.o
    0x000341a8   0x00000008   Data   RO         2476    .constdata          net_beacon.o
    0x000341b0   0x000000b0   Data   RO         2519    .constdata          mesh_config.o
    0x00034260   0x00000020   Data   RO         2612    .constdata          mesh_config_flashman_glue.o
    0x00034280   0x00000024   Data   RO         2721    .constdata          core_tx_local.o
    0x000342a4   0x00000004   Data   RO         2749    .constdata          core_tx_adv.o
    0x000342a8   0x00000004   Data   RO         2750    .constdata          core_tx_adv.o
    0x000342ac   0x00000004   Data   RO         2751    .constdata          core_tx_adv.o
    0x000342b0   0x00000030   Data   RO         2752    .constdata          core_tx_adv.o
    0x000342e0   0x00000003   Data   RO         2904    .constdata          advertiser.o
    0x000342e3   0x00000006   Data   RO         2976    .constdata          broadcast.o
    0x000342e9   0x00000028   Data   RO         3064    .constdata          radio_config.o
    0x00034311   0x00000003   PAD
    0x00034314   0x00000010   Data   RO         3181    .constdata          prov_provisionee.o
    0x00034324   0x00000020   Data   RO         3213    .constdata          nrf_mesh_prov.o
    0x00034344   0x0000000a   Data   RO         3250    .constdata          provisioning.o
    0x0003434e   0x00000004   Data   RO         3301    .constdata          prov_utils.o
    0x00034352   0x00000002   PAD
    0x00034354   0x00000067   Data   RO         3302    .constdata          prov_utils.o
    0x000343bb   0x00000001   PAD
    0x000343bc   0x00000114   Data   RO         3336    .constdata          prov_bearer_adv.o
    0x000344d0   0x000001f8   Data   RO         3368    .constdata          pb_remote_server.o
    0x000346c8   0x00000004   Data   RO         3472    .constdata          access.o
    0x000346cc   0x00000004   Data   RO         3473    .constdata          access.o
    0x000346d0   0x00000004   Data   RO         3474    .constdata          access.o
    0x000346d4   0x00000004   Data   RO         3475    .constdata          access.o
    0x000346d8   0x0000004a   Data   RO         3476    .constdata          access.o
    0x00034722   0x00000004   Data   RO         3573    .constdata          device_state_manager.o
    0x00034726   0x00000004   Data   RO         3574    .constdata          device_state_manager.o
    0x0003472a   0x00000004   Data   RO         3575    .constdata          device_state_manager.o
    0x0003472e   0x00000004   Data   RO         3576    .constdata          device_state_manager.o
    0x00034732   0x00000004   Data   RO         3577    .constdata          device_state_manager.o
    0x00034736   0x00000004   Data   RO         3578    .constdata          device_state_manager.o
    0x0003473a   0x00000004   Data   RO         3579    .constdata          device_state_manager.o
    0x0003473e   0x00000004   Data   RO         3580    .constdata          device_state_manager.o
    0x00034742   0x00000004   Data   RO         3581    .constdata          device_state_manager.o
    0x00034746   0x00000004   Data   RO         3582    .constdata          device_state_manager.o
    0x0003474a   0x00000002   PAD
    0x0003474c   0x00000052   Data   RO         3583    .constdata          device_state_manager.o
    0x0003479e   0x00000002   PAD
    0x000347a0   0x00000006   Data   RO         3631    .constdata          app_timer_mesh.o
    0x000347a6   0x00000002   PAD
    0x000347a8   0x00000170   Data   RO         3698    .constdata          config_server.o
    0x00034918   0x000000ec   Data   RO         3699    .constdata          config_server.o
    0x00034a04   0x00000004   Data   RO         3782    .constdata          health_server.o
    0x00034a08   0x00000058   Data   RO         3783    .constdata          health_server.o
    0x00034a60   0x00000074   Data   RO         3784    .constdata          health_server.o
    0x00034ad4   0x00000010   Data   RO         3929    .constdata          librtt_nrf52833_xxAA.a(SEGGER_RTT_printf.o)
    0x00034ae4   0x000000b4   Data   RO         3942    .constdata          libuECC_nrf52833_xxAA.a(uECC.o)
    0x00034b98   0x000000b6   Data   RO            8    .conststring        main.o
    0x00034c4e   0x00000002   PAD
    0x00034c50   0x00000001   Data   RO         1143    .conststring        assertion_handler_weak.o
    0x00034c51   0x00000003   PAD
    0x00034c54   0x00000041   Data   RO         1265    .conststring        transport.o
    0x00034c95   0x00000003   PAD
    0x00034c98   0x00000011   Data   RO         2193    .conststring        log.o
    0x00034ca9   0x00000003   PAD
    0x00034cac   0x00000087   Data   RO         2477    .conststring        net_beacon.o
    0x00034d33   0x00000001   PAD
    0x00034d34   0x000000e4   Data   RO         3337    .conststring        prov_bearer_adv.o
    0x00034e18   0x00000055   Data   RO         3477    .conststring        access.o
    0x00034e6d   0x00000003   PAD
    0x00034e70   0x00000045   Data   RO         3700    .conststring        config_server.o
    0x00034eb5   0x00000003   PAD
    0x00034eb8   0x00000020   Data   RO         4267    Region$$Table       anon$$obj.o
    0x00034ed8   0x00000008   Data   RO         1591    ad_listeners        nrf_mesh.o
    0x00034ee0   0x00000008   Data   RO         2341    ad_listeners        beacon.o
    0x00034ee8   0x00000008   Data   RO         3339    ad_listeners        prov_bearer_adv.o
    0x00034ef0   0x00000070   Data   RO         1493    mesh_config_entries  net_state.o
    0x00034f60   0x0000001c   Data   RO         2434    mesh_config_entries  heartbeat.o
    0x00034f7c   0x0000001c   Data   RO         2480    mesh_config_entries  net_beacon.o
    0x00034f98   0x00000054   Data   RO         2757    mesh_config_entries  core_tx_adv.o
    0x00034fec   0x0000001c   Data   RO         3305    mesh_config_entries  prov_utils.o
    0x00035008   0x00000070   Data   RO         3483    mesh_config_entries  access.o
    0x00035078   0x00000118   Data   RO         3595    mesh_config_entries  device_state_manager.o
    0x00035190   0x0000001c   Data   RO         3787    mesh_config_entries  health_server.o
    0x000351ac   0x00000008   Data   RO         2435    mesh_config_entry_listeners  heartbeat.o
    0x000351b4   0x00000008   Data   RO         1494    mesh_config_files   net_state.o
    0x000351bc   0x00000008   Data   RO         1846    mesh_config_files   mesh_opt.o
    0x000351c4   0x00000008   Data   RO         3484    mesh_config_files   access.o
    0x000351cc   0x00000008   Data   RO         3596    mesh_config_files   device_state_manager.o
    0x000351d4   0x00000008   Data   RO          707    sdh_soc_observers0  ble_softdevice_support.o
    0x000351dc   0x00000008   Data   RO          863    sdh_stack_observers0  nrf_sdh_soc.o
    0x000351e4   0x00000008   Data   RO          913    sdh_stack_observers0  nrf_sdh_ble.o


    Execution Region RW_IRAM1 (Base: 0x20001f60, Size: 0x000049f0, Max: 0x0001dda0, ABSOLUTE, COMPRESSED[0x0000004c])

    Base Addr    Size         Type   Attr      Idx    E Section Name        Object

    0x20001f60   0x00000008   Data   RW            9    .data               main.o
    0x20001f68   0x0000000c   Data   RW          453    .data               mesh_stack.o
    0x20001f74   0x00000002   Data   RW          519    .data               mesh_provisionee.o
    0x20001f76   0x00000002   PAD
    0x20001f78   0x00000018   Data   RW          574    .data               simple_hal.o
    0x20001f90   0x00000004   Data   RW          762    .data               app_util_platform.o
    0x20001f94   0x00000001   Data   RW          912    .data               nrf_sdh_ble.o
    0x20001f95   0x00000003   Data   RW          952    .data               nrf_sdh.o
    0x20001f98   0x00000001   Data   RW         1117    .data               app_error_weak.o
    0x20001f99   0x00000003   PAD
    0x20001f9c   0x00000004   Data   RW         1234    .data               msg_cache.o
    0x20001fa0   0x00000014   Data   RW         1266    .data               transport.o
    0x20001fb4   0x00000008   Data   RW         1338    .data               event.o
    0x20001fbc   0x0000000c   Data   RW         1390    .data               flash_manager_defrag.o
    0x20001fc8   0x00000015   Data   RW         1488    .data               net_state.o
    0x20001fdd   0x00000001   Data   RW         1489    .data               net_state.o
    0x20001fde   0x00000001   Data   RW         1490    .data               net_state.o
    0x20001fdf   0x00000001   Data   RW         1491    .data               net_state.o
    0x20001fe0   0x00000001   Data   RW         1492    .data               net_state.o
    0x20001fe1   0x00000003   PAD
    0x20001fe4   0x0000000c   Data   RW         1526    .data               mesh_flash.o
    0x20001ff0   0x0000000c   Data   RW         1590    .data               nrf_mesh.o
    0x20001ffc   0x0000000c   Data   RW         1741    .data               timer_scheduler.o
    0x20002008   0x00000010   Data   RW         1767    .data               timer.o
    0x20002018   0x0000000c   Data   RW         1877    .data               timeslot.o
    0x20002024   0x00000010   Data   RW         1930    .data               timeslot_timer.o
    0x20002034   0x00000018   Data   RW         1961    .data               bearer_event.o
    0x2000204c   0x00000004   Data   RW         2026    .data               network.o
    0x20002050   0x00000004   Data   RW         2194    .data               log.o
    0x20002054   0x0000000c   Data   RW         2195    .data               log.o
    0x20002060   0x0000001c   Data   RW         2235    .data               flash_manager.o
    0x2000207c   0x00000014   Data   RW         2311    .data               replay_cache.o
    0x20002090   0x0000000c   Data   RW         2401    .data               core_tx.o
    0x2000209c   0x00000008   Data   RW         2432    .data               heartbeat.o
    0x200020a4   0x00000001   Data   RW         2433    .data               heartbeat.o
    0x200020a5   0x00000003   PAD
    0x200020a8   0x00000008   Data   RW         2478    .data               net_beacon.o
    0x200020b0   0x00000001   Data   RW         2479    .data               net_beacon.o
    0x200020b1   0x00000001   Data   RW         2520    .data               mesh_config.o
    0x200020b2   0x00000002   PAD
    0x200020b4   0x0000000c   Data   RW         2577    .data               mesh_config_backend.o
    0x200020c0   0x00000008   Data   RW         2613    .data               mesh_config_flashman_glue.o
    0x200020c8   0x00000010   Data   RW         2722    .data               core_tx_local.o
    0x200020d8   0x00000008   Data   RW         2753    .data               core_tx_adv.o
    0x200020e0   0x00000002   Data   RW         2754    .data               core_tx_adv.o
    0x200020e2   0x00000002   Data   RW         2755    .data               core_tx_adv.o
    0x200020e4   0x00000002   Data   RW         2756    .data               core_tx_adv.o
    0x200020e6   0x00000002   PAD
    0x200020e8   0x00000018   Data   RW         2942    .data               bearer_handler.o
    0x20002100   0x00000008   Data   RW         2977    .data               broadcast.o
    0x20002108   0x00000006   Data   RW         3152    .data               mesh_pa_lna.o
    0x2000210e   0x00000002   PAD
    0x20002110   0x00000004   Data   RW         3275    .data               prov_beacon.o
    0x20002114   0x00000001   Data   RW         3303    .data               prov_utils.o
    0x20002115   0x00000001   Data   RW         3304    .data               prov_utils.o
    0x20002116   0x00000002   PAD
    0x20002118   0x00000008   Data   RW         3338    .data               prov_bearer_adv.o
    0x20002120   0x00000008   Data   RW         3369    .data               pb_remote_server.o
    0x20002128   0x0000000c   Data   RW         3403    .data               access_publish.o
    0x20002134   0x00000008   Data   RW         3478    .data               access.o
    0x2000213c   0x00000001   Data   RW         3479    .data               access.o
    0x2000213d   0x00000003   Data   RW         3480    .data               access.o
    0x20002140   0x00000001   Data   RW         3481    .data               access.o
    0x20002141   0x00000003   Data   RW         3482    .data               access.o
    0x20002144   0x00000020   Data   RW         3584    .data               device_state_manager.o
    0x20002164   0x00000001   Data   RW         3585    .data               device_state_manager.o
    0x20002165   0x00000001   Data   RW         3586    .data               device_state_manager.o
    0x20002166   0x00000004   Data   RW         3587    .data               device_state_manager.o
    0x2000216a   0x00000001   Data   RW         3588    .data               device_state_manager.o
    0x2000216b   0x00000001   Data   RW         3589    .data               device_state_manager.o
    0x2000216c   0x00000001   Data   RW         3590    .data               device_state_manager.o
    0x2000216d   0x00000001   Data   RW         3591    .data               device_state_manager.o
    0x2000216e   0x00000001   Data   RW         3592    .data               device_state_manager.o
    0x2000216f   0x00000001   Data   RW         3593    .data               device_state_manager.o
    0x20002170   0x00000001   Data   RW         3594    .data               device_state_manager.o
    0x20002171   0x00000003   PAD
    0x20002174   0x00000018   Data   RW         3632    .data               app_timer_mesh.o
    0x2000218c   0x00000018   Data   RW         3701    .data               config_server.o
    0x200021a4   0x00000008   Data   RW         3785    .data               health_server.o
    0x200021ac   0x00000001   Data   RW         3786    .data               health_server.o
    0x200021ad   0x00000003   PAD
    0x200021b0   0x00000004   Data   RW         3826    .data               system_nrf52833.o
    0x200021b4   0x00000011   Data   RW         3910    .data               librtt_nrf52833_xxAA.a(SEGGER_RTT.o)
    0x200021c5   0x00000003   PAD
    0x200021c8   0x00000004   Data   RW         3943    .data               libuECC_nrf52833_xxAA.a(uECC.o)
    0x200021cc   0x000001f4   Zero   RW            5    .bss                main.o
    0x200023c0   0x00000058   Zero   RW          452    .bss                mesh_stack.o
    0x20002418   0x00000374   Zero   RW          517    .bss                mesh_provisionee.o
    0x2000278c   0x00000020   Zero   RW          572    .bss                simple_hal.o
    0x200027ac   0x0000000c   Zero   RW          761    .bss                app_util_platform.o
    0x200027b8   0x00000010   Zero   RW         1186    .bss                nrf_mesh_configure.o
    0x200027c8   0x00000100   Zero   RW         1233    .bss                msg_cache.o
    0x200028c8   0x00000258   Zero   RW         1263    .bss                transport.o
    0x20002b20   0x0000001c   Zero   RW         1388    .bss                flash_manager_defrag.o
    0x20002b3c   0x00000044   Zero   RW         1481    .bss                net_state.o
    0x20002b80   0x0000002c   Zero   RW         1482    .bss                net_state.o
    0x20002bac   0x00000234   Zero   RW         1524    .bss                mesh_flash.o
    0x20002de0   0x0000002c   Zero   RW         1844    .bss                mesh_opt.o
    0x20002e0c   0x0000002c   Zero   RW         1876    .bss                timeslot.o
    0x20002e38   0x00000018   Zero   RW         1929    .bss                timeslot_timer.o
    0x20002e50   0x00000140   Zero   RW         1960    .bss                bearer_event.o
    0x20002f90   0x00000110   Zero   RW         2233    .bss                flash_manager.o
    0x200030a0   0x00000190   Zero   RW         2310    .bss                replay_cache.o
    0x20003230   0x00000024   Zero   RW         2400    .bss                core_tx.o
    0x20003254   0x00000064   Zero   RW         2428    .bss                heartbeat.o
    0x200032b8   0x000000f8   Zero   RW         2474    .bss                net_beacon.o
    0x200033b0   0x0000000c   Zero   RW         2720    .bss                core_tx_local.o
    0x200033bc   0x000002cc   Zero   RW         2748    .bss                core_tx_adv.o
    0x20003688   0x0000003c   Zero   RW         2833    .bss                ad_type_filter.o
    0x200036c4   0x00000010   Zero   RW         2903    .bss                advertiser.o
    0x200036d4   0x00000010   Zero   RW         3009    .bss                filter_engine.o
    0x200036e4   0x00000294   Zero   RW         3118    .bss                scanner.o
    0x20003978   0x000001bc   Zero   RW         3367    .bss                pb_remote_server.o
    0x20003b34   0x00000018   Zero   RW         3402    .bss                access_publish.o
    0x20003b4c   0x00000088   Zero   RW         3432    .bss                access_publish_retransmission.o
    0x20003bd4   0x000000cc   Zero   RW         3470    .bss                access.o
    0x20003ca0   0x0000002c   Zero   RW         3471    .bss                access.o
    0x20003ccc   0x000000a0   Zero   RW         3539    .bss                access_reliable.o
    0x20003d6c   0x0000011c   Zero   RW         3571    .bss                device_state_manager.o
    0x20003e88   0x0000002c   Zero   RW         3572    .bss                device_state_manager.o
    0x20003eb4   0x0000010c   Zero   RW         3630    .bss                app_timer_mesh.o
    0x20003fc0   0x00000018   Zero   RW         3781    .bss                health_server.o
    0x20003fd8   0x00000020   Zero   RW         3862    .bss                app_error.o
    0x20003ff8   0x000004f8   Zero   RW         3909    .bss                librtt_nrf52833_xxAA.a(SEGGER_RTT.o)
    0x200044f0   0x00000060   Zero   RW         4142    .bss                c_w.l(libspace.o)
    0x20004550   0x00000400   Zero   RW         3854    HEAP                arm_startup_nrf52833.o
    0x20004950   0x00002000   Zero   RW         3853    STACK               arm_startup_nrf52833.o


==============================================================================

Image component sizes


      Code (inc. data)   RO Data    RW Data    ZI Data      Debug   Object Name

      5908        180        295         16        248      47560   access.o
       844         28          0         12         24       5750   access_publish.o
       652         10          0          0        136       6939   access_publish_retransmission.o
      1504        100          0          0        160       9041   access_reliable.o
       164         10          0          0          0       4840   ad_listener.o
       244          8          0          0         60       8659   ad_type_filter.o
         0          0          0          0          0        656   adv_packet_filter.o
      1468         32          3          0         16      14720   advertiser.o
         0          0          0          0          0        536   aes.o
       334          0          0          0          0       5187   aes_cmac.o
       120          4          0          0         32       3493   app_error.o
        26          0          0          0          0        528   app_error_handler_keil.o
       424        202          0          1          0       2038   app_error_weak.o
      1452         46          6         24        268      40302   app_timer_mesh.o
       220         14          0          4         12      36469   app_util_platform.o
        64         26        512          0       9216        292   arm_startup_nrf52833.o
        32          6          9          0          0        605   assertion_handler_weak.o
       372         96          8          0          0       2871   beacon.o
      1096         32          0         24        320      43230   bearer_event.o
      1276         52          0         24          0      33890   bearer_handler.o
       240        106          8          0          0       8077   ble_softdevice_support.o
       452         44          6          8          0       3717   broadcast.o
       576          0          0          0          0       4560   ccm_soft.o
       372          0          0          0          0       3910   composition_data.o
      8330        166        673         24          0      62240   config_server.o
       496          8          0         12         36       4374   core_tx.o
      1080         26        144         14        716      10836   core_tx_adv.o
       312         18         36         16         12       2633   core_tx_local.o
      8140        204        410         45        328      50282   device_state_manager.o
       680         26          0          0          0       5368   enc.o
       160          4          0          8          0       2138   event.o
       346          0          0          0          0       4239   fifo.o
       208          4          0          0         16       2269   filter_engine.o
      3248        106         28         28        272      25151   flash_manager.o
      1508        136         40         12         28      11677   flash_manager_defrag.o
       108          0          0          0          0       2820   flash_manager_internal.o
       144         22          0          0          0      30547   hal.o
      1640         38        236          9         24      17076   health_server.o
      1118         28        144          9        100      31945   heartbeat.o
       376          0          0          0          0       3790   list.o
       180         50         17         16          0       5657   log.o
       936        218        258          8        500     185977   main.o
       312        130          0          0          0       1817   mesh_app_utils.o
      1156         42        176          1          0      15082   mesh_config.o
       564          8          0         12          0       4625   mesh_config_backend.o
       656        102         32          8          0      20046   mesh_config_flashman_glue.o
      1184         28         16         12        564      12808   mesh_flash.o
        14          0          0          0          0       1029   mesh_mem_stdlib.o
        92          6         36          0         44       1466   mesh_opt.o
       580         40          0          6          0       4407   mesh_pa_lna.o
       296         36         11          2        884       4932   mesh_provisionee.o
       472         68          0         12         88      47357   mesh_stack.o
       144          8          0          4        256       2248   msg_cache.o
       276          0          0          0          0       5122   msqueue.o
      1172         70        175          9        248      10381   net_beacon.o
       960         62          0          0          0      25853   net_packet.o
      1580         48        164         25        112      13210   net_state.o
      1448        162          0          4          0      26603   network.o
       164         10          0          0          0       1858   nrf_flash.o
       708        126         52         12          0       8780   nrf_mesh.o
        68          8          0          0         16       1945   nrf_mesh_configure.o
       364         22          0          0          0       3917   nrf_mesh_keygen.o
       864         12         32          0          0      12229   nrf_mesh_prov.o
        84          4          4          0          0       2216   nrf_mesh_utils.o
         8          0          0          0          0      10798   nrf_mesh_weak.o
       620         26         88          3          0      35764   nrf_sdh.o
       244         10         56          1          0       4133   nrf_sdh_ble.o
        60          4         36          0          0       3956   nrf_sdh_soc.o
        74          0          0          0          0       3198   nrf_section_iter.o
        54          0          0          0          0       1139   packed_index_list.o
      1038          0          0          0          0       8730   packet_buffer.o
      5096        910        504          8        444      25669   pb_remote_server.o
       228          6          0          4          0       3389   prov_beacon.o
      3926        598        512          8          0      18713   prov_bearer_adv.o
      1830        180         16          0          0       9300   prov_provisionee.o
      1036         46        135          2          0       8883   prov_utils.o
       304          4         10          0          0       4496   provisioning.o
       338          0          0          0          0       4144   queue.o
       404         24         40          0          0       2880   radio_config.o
       148          6          0          0          0       1867   rand.o
       780         12          0         20        400       8111   replay_cache.o
      1508         78          0          0        660      36312   scanner.o
       480         34          4         24         32      32369   simple_hal.o
       420         40          0          4          0       2119   system_nrf52833.o
       468         22          0         16          0       3480   timer.o
       576         14          0         12          0       4072   timer_scheduler.o
       980         44          0         12         44      41182   timeslot.o
       688         28          0         16         24      31778   timeslot_timer.o
      5344        482        177         20        600      62313   transport.o

    ----------------------------------------------------------------------
     86680       5610       5172        596      16940    1343615   Object Totals
         0          0         32          0          0          0   (incl. Generated)
        20          0         31         25          0          0   (incl. Padding)

    ----------------------------------------------------------------------

      Code (inc. data)   RO Data    RW Data    ZI Data      Debug   Library Member Name

        58          0          0          0          0          0   __dczerorl.o
         8          0          0          0          0         68   __main.o
         0          0          0          0          0          0   __rtentry.o
        12          0          0          0          0          0   __rtentry2.o
         6          0          0          0          0          0   __rtentry4.o
        52          8          0          0          0          0   __scatter.o
        28          0          0          0          0          0   __scatter_zi.o
        40          0          0          0          0         80   calloc.o
        10          0          0          0          0         68   defsig_exit.o
        50          0          0          0          0         88   defsig_general.o
        80         58          0          0          0         76   defsig_rtmem_inner.o
        14          0          0          0          0         80   defsig_rtmem_outer.o
        18          0          0          0          0         80   exit.o
        94          0          0          0          0         80   h1_alloc.o
        52          0          0          0          0         68   h1_extend.o
        78          0          0          0          0         80   h1_free.o
        14          0          0          0          0         84   h1_init.o
         6          0          0          0          0        152   heapauxi.o
         4          0          0          0          0        136   hguard.o
         0          0          0          0          0          0   indicate_semi.o
       138          0          0          0          0        168   init_alloc.o
         2          0          0          0          0          0   libinit.o
        14          0          0          0          0          0   libinit2.o
         2          0          0          0          0          0   libshutdown.o
         2          0          0          0          0          0   libshutdown2.o
         8          4          0          0         96         68   libspace.o
       238          0          0          0          0        100   lludivv7m.o
         0          0          0          0          0          0   maybetermalloc1.o
        88          0          0          0          0         76   memcmp.o
         8          4          0          0          0         68   rt_heap_descriptor_intlibspace.o
        68          0          0          0          0         68   rt_memclr.o
        78          0          0          0          0         80   rt_memclr_w.o
       138          0          0          0          0         68   rt_memcpy_v6.o
       100          0          0          0          0         80   rt_memcpy_w.o
         2          0          0          0          0          0   rtexit.o
        10          0          0          0          0          0   rtexit2.o
        72          0          0          0          0         80   strcpy.o
        62          0          0          0          0         76   strlen.o
        12          4          0          0          0         68   sys_exit.o
        74          0          0          0          0         80   sys_stackheap_outer.o
        14          0          0          0          0         76   sys_wrch.o
         2          0          0          0          0         68   use_no_semi.o
        10          0          0          0          0        116   fpinit.o
      2086         40          0         17       1272      17370   SEGGER_RTT.o
       868          6         16          0          0       4251   SEGGER_RTT_printf.o
      6114         12        180          4          0      30812   uECC.o

    ----------------------------------------------------------------------
     10844        136        196         24       1368      54913   Library Totals
        10          0          0          3          0          0   (incl. Padding)

    ----------------------------------------------------------------------

      Code (inc. data)   RO Data    RW Data    ZI Data      Debug   Library Name

      1756         78          0          0         96       2364   c_w.l
        10          0          0          0          0        116   fz_wm.l
      2954         46         16         17       1272      21621   librtt_nrf52833_xxAA.a
      6114         12        180          4          0      30812   libuECC_nrf52833_xxAA.a

    ----------------------------------------------------------------------
     10844        136        196         24       1368      54913   Library Totals

    ----------------------------------------------------------------------

==============================================================================


      Code (inc. data)   RO Data    RW Data    ZI Data      Debug   

     97524       5746       5368        620      18308    1380228   Grand Totals
     97524       5746       5368         76      18308    1380228   ELF Image Totals (compressed)
     97524       5746       5368         76          0          0   ROM Totals

==============================================================================

    Total RO  Size (Code + RO Data)               102892 ( 100.48kB)
    Total RW  Size (RW Data + ZI Data)             18928 (  18.48kB)
    Total ROM Size (Code + RO Data + RW Data)     102968 ( 100.55kB)

==============================================================================

